[26-05-02 05:08:55] [INFO] [DEBUG] onEnable start -> 1777698535080

[26-05-02 05:08:55] [INFO] [DEBUG] Starting load of Config at 1777698535128
[26-05-02 05:08:55] [INFO] [DEBUG] Config has been loaded. (took 30ms)
[26-05-02 05:08:55] [INFO] [DEBUG] Starting load of Lang at 1777698535159
[26-05-02 05:08:55] [INFO] [DEBUG] Lang has been loaded. (took 30ms)
[26-05-02 05:08:55] [INFO] [DEBUG] Starting load of UserManagerImpl at 1777698535189
[26-05-02 05:08:55] [INFO] [DEBUG] UserManagerImpl has been loaded. (took 0ms)
[26-05-02 05:08:55] [INFO] [DEBUG] Starting load of GuiListener at 1777698535190
[26-05-02 05:08:55] [INFO] [DEBUG] GuiListener has been loaded. (took 0ms)
[26-05-02 05:08:55] [INFO] [DEBUG] Starting load of KitManagerImpl at 1777698535190
[26-05-02 05:08:55] [INFO] KitManagerImpl: Loaded 7 kit(s).
[26-05-02 05:08:55] [INFO] [DEBUG] KitManagerImpl has been loaded. (took 125ms)
[26-05-02 05:08:55] [INFO] [DEBUG] Starting load of ArenaManagerImpl at 1777698535315
[26-05-02 05:08:55] [INFO] ArenaManagerImpl: Loaded 7 arena(s).
[26-05-02 05:08:55] [INFO] [DEBUG] ArenaManagerImpl has been loaded. (took 52ms)
[26-05-02 05:08:55] [INFO] [DEBUG] Starting load of SettingsManager at 1777698535367
[26-05-02 05:08:55] [INFO] [DEBUG] SettingsManager has been loaded. (took 0ms)
[26-05-02 05:08:55] [INFO] [DEBUG] Starting load of PlayerInfoManager at 1777698535368
[26-05-02 05:08:55] [INFO] [DEBUG] PlayerInfoManager has been loaded. (took 68ms)
[26-05-02 05:08:55] [INFO] [DEBUG] Starting load of SpectateManagerImpl at 1777698535437
[26-05-02 05:08:55] [INFO] [DEBUG] SpectateManagerImpl has been loaded. (took 4ms)
[26-05-02 05:08:55] [INFO] [DEBUG] Starting load of BettingManager at 1777698535441
[26-05-02 05:08:55] [INFO] BettingManager: Vault was not found! Money betting feature will be automatically disabled.
[26-05-02 05:08:55] [INFO] [DEBUG] BettingManager has been loaded. (took 1ms)
[26-05-02 05:08:55] [INFO] [DEBUG] Starting load of InventoryManager at 1777698535442
[26-05-02 05:08:55] [INFO] [DEBUG] InventoryManager has been loaded. (took 0ms)
[26-05-02 05:08:55] [INFO] [DEBUG] Starting load of DuelManager at 1777698535443
[26-05-02 05:08:55] [INFO] [DEBUG] DuelManager has been loaded. (took 0ms)
[26-05-02 05:08:55] [INFO] [DEBUG] Starting load of QueueManager at 1777698535443
[26-05-02 05:08:55] [INFO] QueueManager: Loaded 0 queue(s).
[26-05-02 05:08:55] [INFO] [DEBUG] QueueManager has been loaded. (took 1ms)
[26-05-02 05:08:55] [INFO] [DEBUG] Starting load of QueueSignManagerImpl at 1777698535444
[26-05-02 05:08:55] [INFO] QueueSignManagerImpl: Loaded 0 queue sign(s).
[26-05-02 05:08:55] [INFO] [DEBUG] QueueSignManagerImpl has been loaded. (took 3ms)
[26-05-02 05:08:55] [INFO] [DEBUG] Starting load of RequestManager at 1777698535447
[26-05-02 05:08:55] [INFO] [DEBUG] RequestManager has been loaded. (took 0ms)
[26-05-02 05:08:55] [INFO] [DEBUG] Starting load of Teleport at 1777698535447
[26-05-02 05:08:55] [INFO] [DEBUG] Teleport has been loaded. (took 0ms)
[26-05-02 05:08:55] [INFO] [DEBUG] Starting load of ExtensionManager at 1777698535453
[26-05-02 05:08:55] [INFO] [DEBUG] ExtensionManager has been loaded. (took 0ms)
[26-05-02 05:08:55] [INFO] No updates were available. You are on the latest version!
[26-05-02 05:10:13] [INFO] [DEBUG] onDisable start -> 1777698613783

[26-05-02 05:10:13] [INFO] [DEBUG] Starting unload of ExtensionManager at 1777698613822
[26-05-02 05:10:13] [INFO] [DEBUG] ExtensionManager has been unloaded. (took 11ms)
[26-05-02 05:10:13] [INFO] [DEBUG] Starting unload of Teleport at 1777698613834
[26-05-02 05:10:13] [INFO] [DEBUG] Teleport has been unloaded. (took 0ms)
[26-05-02 05:10:13] [INFO] [DEBUG] Starting unload of RequestManager at 1777698613834
[26-05-02 05:10:13] [INFO] [DEBUG] RequestManager has been unloaded. (took 0ms)
[26-05-02 05:10:13] [INFO] [DEBUG] Starting unload of QueueSignManagerImpl at 1777698613834
[26-05-02 05:10:13] [INFO] [DEBUG] QueueSignManagerImpl has been unloaded. (took 0ms)
[26-05-02 05:10:13] [INFO] [DEBUG] Starting unload of QueueManager at 1777698613838
[26-05-02 05:10:13] [INFO] [DEBUG] QueueManager has been unloaded. (took 0ms)
[26-05-02 05:10:13] [INFO] [DEBUG] Starting unload of DuelManager at 1777698613838
[26-05-02 05:10:13] [INFO] [DEBUG] DuelManager has been unloaded. (took 0ms)
[26-05-02 05:10:13] [INFO] [DEBUG] Starting unload of InventoryManager at 1777698613838
[26-05-02 05:10:13] [INFO] [DEBUG] InventoryManager has been unloaded. (took 0ms)
[26-05-02 05:10:13] [INFO] [DEBUG] Starting unload of BettingManager at 1777698613838
[26-05-02 05:10:13] [INFO] [DEBUG] BettingManager has been unloaded. (took 0ms)
[26-05-02 05:10:13] [INFO] [DEBUG] Starting unload of SpectateManagerImpl at 1777698613838
[26-05-02 05:10:13] [INFO] [DEBUG] SpectateManagerImpl has been unloaded. (took 0ms)
[26-05-02 05:10:13] [INFO] [DEBUG] Starting unload of PlayerInfoManager at 1777698613838
[26-05-02 05:10:14] [INFO] [DEBUG] PlayerInfoManager has been unloaded. (took 275ms)
[26-05-02 05:10:14] [INFO] [DEBUG] Starting unload of SettingsManager at 1777698614113
[26-05-02 05:10:14] [INFO] [DEBUG] SettingsManager has been unloaded. (took 0ms)
[26-05-02 05:10:14] [INFO] [DEBUG] Starting unload of ArenaManagerImpl at 1777698614113
[26-05-02 05:10:14] [INFO] [DEBUG] ArenaManagerImpl has been unloaded. (took 1ms)
[26-05-02 05:10:14] [INFO] [DEBUG] Starting unload of KitManagerImpl at 1777698614114
[26-05-02 05:10:14] [INFO] [DEBUG] KitManagerImpl has been unloaded. (took 0ms)
[26-05-02 05:10:14] [INFO] [DEBUG] Starting unload of GuiListener at 1777698614114
[26-05-02 05:10:14] [INFO] [DEBUG] GuiListener has been unloaded. (took 0ms)
[26-05-02 05:10:14] [INFO] [DEBUG] Starting unload of UserManagerImpl at 1777698614114
[26-05-02 05:10:14] [INFO] [DEBUG] UserManagerImpl has been unloaded. (took 32ms)
[26-05-02 05:10:14] [INFO] [DEBUG] Starting unload of Lang at 1777698614147
[26-05-02 05:10:14] [INFO] [DEBUG] Lang has been unloaded. (took 0ms)
[26-05-02 05:10:14] [INFO] [DEBUG] Starting unload of Config at 1777698614147
[26-05-02 05:10:14] [INFO] [DEBUG] Config has been unloaded. (took 0ms)
[26-05-02 05:10:14] [INFO] [DEBUG] unload done (took 364ms)
[26-05-02 05:10:14] [INFO] [DEBUG] Log#clearSources done (took 0ms)
[26-05-02 05:12:08] [INFO] [DEBUG] onEnable start -> 1777698728064

[26-05-02 05:12:08] [INFO] [DEBUG] Starting load of Config at 1777698728108
[26-05-02 05:12:08] [INFO] [DEBUG] Config has been loaded. (took 12ms)
[26-05-02 05:12:08] [INFO] [DEBUG] Starting load of Lang at 1777698728120
[26-05-02 05:12:08] [INFO] [DEBUG] Lang has been loaded. (took 23ms)
[26-05-02 05:12:08] [INFO] [DEBUG] Starting load of UserManagerImpl at 1777698728143
[26-05-02 05:12:08] [INFO] [DEBUG] UserManagerImpl has been loaded. (took 1ms)
[26-05-02 05:12:08] [INFO] [DEBUG] Starting load of GuiListener at 1777698728144
[26-05-02 05:12:08] [INFO] [DEBUG] GuiListener has been loaded. (took 1ms)
[26-05-02 05:12:08] [INFO] [DEBUG] Starting load of KitManagerImpl at 1777698728145
[26-05-02 05:12:08] [INFO] KitManagerImpl: Loaded 7 kit(s).
[26-05-02 05:12:08] [INFO] [DEBUG] KitManagerImpl has been loaded. (took 113ms)
[26-05-02 05:12:08] [INFO] [DEBUG] Starting load of ArenaManagerImpl at 1777698728258
[26-05-02 05:12:08] [INFO] ArenaManagerImpl: Loaded 7 arena(s).
[26-05-02 05:12:08] [INFO] [DEBUG] ArenaManagerImpl has been loaded. (took 20ms)
[26-05-02 05:12:08] [INFO] [DEBUG] Starting load of SettingsManager at 1777698728278
[26-05-02 05:12:08] [INFO] [DEBUG] SettingsManager has been loaded. (took 0ms)
[26-05-02 05:12:08] [INFO] [DEBUG] Starting load of PlayerInfoManager at 1777698728278
[26-05-02 05:12:08] [INFO] [DEBUG] PlayerInfoManager has been loaded. (took 16ms)
[26-05-02 05:12:08] [INFO] [DEBUG] Starting load of SpectateManagerImpl at 1777698728294
[26-05-02 05:12:08] [INFO] [DEBUG] SpectateManagerImpl has been loaded. (took 0ms)
[26-05-02 05:12:08] [INFO] [DEBUG] Starting load of BettingManager at 1777698728295
[26-05-02 05:12:08] [INFO] BettingManager: Vault was not found! Money betting feature will be automatically disabled.
[26-05-02 05:12:08] [INFO] [DEBUG] BettingManager has been loaded. (took 0ms)
[26-05-02 05:12:08] [INFO] [DEBUG] Starting load of InventoryManager at 1777698728295
[26-05-02 05:12:08] [INFO] [DEBUG] InventoryManager has been loaded. (took 1ms)
[26-05-02 05:12:08] [INFO] [DEBUG] Starting load of DuelManager at 1777698728297
[26-05-02 05:12:08] [INFO] [DEBUG] DuelManager has been loaded. (took 0ms)
[26-05-02 05:12:08] [INFO] [DEBUG] Starting load of QueueManager at 1777698728297
[26-05-02 05:12:08] [INFO] QueueManager: Loaded 0 queue(s).
[26-05-02 05:12:08] [INFO] [DEBUG] QueueManager has been loaded. (took 1ms)
[26-05-02 05:12:08] [INFO] [DEBUG] Starting load of QueueSignManagerImpl at 1777698728298
[26-05-02 05:12:08] [INFO] QueueSignManagerImpl: Loaded 0 queue sign(s).
[26-05-02 05:12:08] [INFO] [DEBUG] QueueSignManagerImpl has been loaded. (took 1ms)
[26-05-02 05:12:08] [INFO] [DEBUG] Starting load of RequestManager at 1777698728300
[26-05-02 05:12:08] [INFO] [DEBUG] RequestManager has been loaded. (took 0ms)
[26-05-02 05:12:08] [INFO] [DEBUG] Starting load of Teleport at 1777698728300
[26-05-02 05:12:08] [INFO] [DEBUG] Teleport has been loaded. (took 0ms)
[26-05-02 05:12:08] [INFO] [DEBUG] Starting load of ExtensionManager at 1777698728300
[26-05-02 05:12:08] [INFO] [DEBUG] ExtensionManager has been loaded. (took 1ms)
[26-05-02 05:12:08] [INFO] No updates were available. You are on the latest version!
[26-05-02 06:03:40] [INFO] [DEBUG] onDisable start -> 1777701820576

[26-05-02 06:03:40] [INFO] [DEBUG] Starting unload of ExtensionManager at 1777701820657
[26-05-02 06:03:40] [INFO] [DEBUG] ExtensionManager has been unloaded. (took 1ms)
[26-05-02 06:03:40] [INFO] [DEBUG] Starting unload of Teleport at 1777701820658
[26-05-02 06:03:40] [INFO] [DEBUG] Teleport has been unloaded. (took 0ms)
[26-05-02 06:03:40] [INFO] [DEBUG] Starting unload of RequestManager at 1777701820658
[26-05-02 06:03:40] [INFO] [DEBUG] RequestManager has been unloaded. (took 0ms)
[26-05-02 06:03:40] [INFO] [DEBUG] Starting unload of QueueSignManagerImpl at 1777701820658
[26-05-02 06:03:40] [INFO] [DEBUG] QueueSignManagerImpl has been unloaded. (took 0ms)
[26-05-02 06:03:40] [INFO] [DEBUG] Starting unload of QueueManager at 1777701820658
[26-05-02 06:03:40] [INFO] [DEBUG] QueueManager has been unloaded. (took 6ms)
[26-05-02 06:03:40] [INFO] [DEBUG] Starting unload of DuelManager at 1777701820664
[26-05-02 06:03:40] [INFO] [DEBUG] DuelManager has been unloaded. (took 1ms)
[26-05-02 06:03:40] [INFO] [DEBUG] Starting unload of InventoryManager at 1777701820665
[26-05-02 06:03:40] [INFO] [DEBUG] InventoryManager has been unloaded. (took 0ms)
[26-05-02 06:03:40] [INFO] [DEBUG] Starting unload of BettingManager at 1777701820666
[26-05-02 06:03:40] [INFO] [DEBUG] BettingManager has been unloaded. (took 1ms)
[26-05-02 06:03:40] [INFO] [DEBUG] Starting unload of SpectateManagerImpl at 1777701820667
[26-05-02 06:03:40] [INFO] [DEBUG] SpectateManagerImpl has been unloaded. (took 0ms)
[26-05-02 06:03:40] [INFO] [DEBUG] Starting unload of PlayerInfoManager at 1777701820667
[26-05-02 06:03:40] [INFO] [DEBUG] PlayerInfoManager has been unloaded. (took 71ms)
[26-05-02 06:03:40] [INFO] [DEBUG] Starting unload of SettingsManager at 1777701820738
[26-05-02 06:03:40] [INFO] [DEBUG] SettingsManager has been unloaded. (took 0ms)
[26-05-02 06:03:40] [INFO] [DEBUG] Starting unload of ArenaManagerImpl at 1777701820738
[26-05-02 06:03:40] [INFO] [DEBUG] ArenaManagerImpl has been unloaded. (took 0ms)
[26-05-02 06:03:40] [INFO] [DEBUG] Starting unload of KitManagerImpl at 1777701820738
[26-05-02 06:03:40] [INFO] [DEBUG] KitManagerImpl has been unloaded. (took 0ms)
[26-05-02 06:03:40] [INFO] [DEBUG] Starting unload of GuiListener at 1777701820738
[26-05-02 06:03:40] [INFO] [DEBUG] GuiListener has been unloaded. (took 6ms)
[26-05-02 06:03:40] [INFO] [DEBUG] Starting unload of UserManagerImpl at 1777701820744
[26-05-02 06:03:41] [INFO] [DEBUG] UserManagerImpl has been unloaded. (took 1142ms)
[26-05-02 06:03:41] [INFO] [DEBUG] Starting unload of Lang at 1777701821886
[26-05-02 06:03:41] [INFO] [DEBUG] Lang has been unloaded. (took 0ms)
[26-05-02 06:03:41] [INFO] [DEBUG] Starting unload of Config at 1777701821886
[26-05-02 06:03:41] [INFO] [DEBUG] Config has been unloaded. (took 0ms)
[26-05-02 06:03:41] [INFO] [DEBUG] unload done (took 1310ms)
[26-05-02 06:03:41] [INFO] [DEBUG] Log#clearSources done (took 0ms)
[26-05-02 06:08:01] [INFO] [DEBUG] onEnable start -> 1777702081180

[26-05-02 06:08:01] [INFO] [DEBUG] Starting load of Config at 1777702081247
[26-05-02 06:08:01] [INFO] [DEBUG] Config has been loaded. (took 79ms)
[26-05-02 06:08:01] [INFO] [DEBUG] Starting load of Lang at 1777702081326
[26-05-02 06:08:01] [INFO] [DEBUG] Lang has been loaded. (took 53ms)
[26-05-02 06:08:01] [INFO] [DEBUG] Starting load of UserManagerImpl at 1777702081381
[26-05-02 06:08:01] [INFO] [DEBUG] UserManagerImpl has been loaded. (took 5ms)
[26-05-02 06:08:01] [INFO] [DEBUG] Starting load of GuiListener at 1777702081387
[26-05-02 06:08:01] [INFO] [DEBUG] GuiListener has been loaded. (took 0ms)
[26-05-02 06:08:01] [INFO] [DEBUG] Starting load of KitManagerImpl at 1777702081387
[26-05-02 06:08:01] [INFO] KitManagerImpl: Loaded 7 kit(s).
[26-05-02 06:08:01] [INFO] [DEBUG] KitManagerImpl has been loaded. (took 126ms)
[26-05-02 06:08:01] [INFO] [DEBUG] Starting load of ArenaManagerImpl at 1777702081513
[26-05-02 06:08:01] [INFO] ArenaManagerImpl: Loaded 7 arena(s).
[26-05-02 06:08:01] [INFO] [DEBUG] ArenaManagerImpl has been loaded. (took 42ms)
[26-05-02 06:08:01] [INFO] [DEBUG] Starting load of SettingsManager at 1777702081555
[26-05-02 06:08:01] [INFO] [DEBUG] SettingsManager has been loaded. (took 0ms)
[26-05-02 06:08:01] [INFO] [DEBUG] Starting load of PlayerInfoManager at 1777702081555
[26-05-02 06:08:01] [INFO] [DEBUG] PlayerInfoManager has been loaded. (took 59ms)
[26-05-02 06:08:01] [INFO] [DEBUG] Starting load of SpectateManagerImpl at 1777702081615
[26-05-02 06:08:01] [INFO] [DEBUG] SpectateManagerImpl has been loaded. (took 0ms)
[26-05-02 06:08:01] [INFO] [DEBUG] Starting load of BettingManager at 1777702081615
[26-05-02 06:08:01] [INFO] BettingManager: Vault was not found! Money betting feature will be automatically disabled.
[26-05-02 06:08:01] [INFO] [DEBUG] BettingManager has been loaded. (took 1ms)
[26-05-02 06:08:01] [INFO] [DEBUG] Starting load of InventoryManager at 1777702081616
[26-05-02 06:08:01] [INFO] [DEBUG] InventoryManager has been loaded. (took 0ms)
[26-05-02 06:08:01] [INFO] [DEBUG] Starting load of DuelManager at 1777702081616
[26-05-02 06:08:01] [INFO] [DEBUG] DuelManager has been loaded. (took 1ms)
[26-05-02 06:08:01] [INFO] [DEBUG] Starting load of QueueManager at 1777702081617
[26-05-02 06:08:01] [INFO] QueueManager: Loaded 0 queue(s).
[26-05-02 06:08:01] [INFO] [DEBUG] QueueManager has been loaded. (took 1ms)
[26-05-02 06:08:01] [INFO] [DEBUG] Starting load of QueueSignManagerImpl at 1777702081618
[26-05-02 06:08:01] [INFO] QueueSignManagerImpl: Loaded 0 queue sign(s).
[26-05-02 06:08:01] [INFO] [DEBUG] QueueSignManagerImpl has been loaded. (took 1ms)
[26-05-02 06:08:01] [INFO] [DEBUG] Starting load of RequestManager at 1777702081619
[26-05-02 06:08:01] [INFO] [DEBUG] RequestManager has been loaded. (took 0ms)
[26-05-02 06:08:01] [INFO] [DEBUG] Starting load of Teleport at 1777702081619
[26-05-02 06:08:01] [INFO] [DEBUG] Teleport has been loaded. (took 0ms)
[26-05-02 06:08:01] [INFO] [DEBUG] Starting load of ExtensionManager at 1777702081620
[26-05-02 06:08:01] [INFO] [DEBUG] ExtensionManager has been loaded. (took 0ms)
[26-05-02 06:08:02] [INFO] No updates were available. You are on the latest version!
[26-05-02 07:01:04] [INFO] [DEBUG] onDisable start -> 1777705264365

[26-05-02 07:01:04] [INFO] [DEBUG] Starting unload of ExtensionManager at 1777705264381
[26-05-02 07:01:04] [INFO] [DEBUG] ExtensionManager has been unloaded. (took 0ms)
[26-05-02 07:01:04] [INFO] [DEBUG] Starting unload of Teleport at 1777705264383
[26-05-02 07:01:04] [INFO] [DEBUG] Teleport has been unloaded. (took 0ms)
[26-05-02 07:01:04] [INFO] [DEBUG] Starting unload of RequestManager at 1777705264383
[26-05-02 07:01:04] [INFO] [DEBUG] RequestManager has been unloaded. (took 0ms)
[26-05-02 07:01:04] [INFO] [DEBUG] Starting unload of QueueSignManagerImpl at 1777705264383
[26-05-02 07:01:04] [INFO] [DEBUG] QueueSignManagerImpl has been unloaded. (took 0ms)
[26-05-02 07:01:04] [INFO] [DEBUG] Starting unload of QueueManager at 1777705264383
[26-05-02 07:01:04] [INFO] [DEBUG] QueueManager has been unloaded. (took 1ms)
[26-05-02 07:01:04] [INFO] [DEBUG] Starting unload of DuelManager at 1777705264384
[26-05-02 07:01:04] [INFO] [DEBUG] DuelManager has been unloaded. (took 1ms)
[26-05-02 07:01:04] [INFO] [DEBUG] Starting unload of InventoryManager at 1777705264385
[26-05-02 07:01:04] [INFO] [DEBUG] InventoryManager has been unloaded. (took 0ms)
[26-05-02 07:01:04] [INFO] [DEBUG] Starting unload of BettingManager at 1777705264386
[26-05-02 07:01:04] [INFO] [DEBUG] BettingManager has been unloaded. (took 0ms)
[26-05-02 07:01:04] [INFO] [DEBUG] Starting unload of SpectateManagerImpl at 1777705264386
[26-05-02 07:01:04] [INFO] [DEBUG] SpectateManagerImpl has been unloaded. (took 1ms)
[26-05-02 07:01:04] [INFO] [DEBUG] Starting unload of PlayerInfoManager at 1777705264388
[26-05-02 07:01:04] [INFO] [DEBUG] PlayerInfoManager has been unloaded. (took 48ms)
[26-05-02 07:01:04] [INFO] [DEBUG] Starting unload of SettingsManager at 1777705264437
[26-05-02 07:01:04] [INFO] [DEBUG] SettingsManager has been unloaded. (took 0ms)
[26-05-02 07:01:04] [INFO] [DEBUG] Starting unload of ArenaManagerImpl at 1777705264438
[26-05-02 07:01:04] [INFO] [DEBUG] ArenaManagerImpl has been unloaded. (took 0ms)
[26-05-02 07:01:04] [INFO] [DEBUG] Starting unload of KitManagerImpl at 1777705264438
[26-05-02 07:01:04] [INFO] [DEBUG] KitManagerImpl has been unloaded. (took 0ms)
[26-05-02 07:01:04] [INFO] [DEBUG] Starting unload of GuiListener at 1777705264438
[26-05-02 07:01:04] [INFO] [DEBUG] GuiListener has been unloaded. (took 1ms)
[26-05-02 07:01:04] [INFO] [DEBUG] Starting unload of UserManagerImpl at 1777705264444
[26-05-02 07:01:04] [INFO] [DEBUG] UserManagerImpl has been unloaded. (took 21ms)
[26-05-02 07:01:04] [INFO] [DEBUG] Starting unload of Lang at 1777705264465
[26-05-02 07:01:04] [INFO] [DEBUG] Lang has been unloaded. (took 0ms)
[26-05-02 07:01:04] [INFO] [DEBUG] Starting unload of Config at 1777705264465
[26-05-02 07:01:04] [INFO] [DEBUG] Config has been unloaded. (took 0ms)
[26-05-02 07:01:04] [INFO] [DEBUG] unload done (took 100ms)
[26-05-02 07:01:04] [INFO] [DEBUG] Log#clearSources done (took 0ms)
