[26-04-25 01:19:41] [INFO] [DEBUG] onEnable start -> 1777079981114

[26-04-25 01:19:41] [INFO] [DEBUG] Starting load of Config at 1777079981164
[26-04-25 01:19:41] [INFO] [DEBUG] Config has been loaded. (took 39ms)
[26-04-25 01:19:41] [INFO] [DEBUG] Starting load of Lang at 1777079981203
[26-04-25 01:19:41] [INFO] [DEBUG] Lang has been loaded. (took 13ms)
[26-04-25 01:19:41] [INFO] [DEBUG] Starting load of UserManagerImpl at 1777079981216
[26-04-25 01:19:41] [INFO] [DEBUG] UserManagerImpl has been loaded. (took 0ms)
[26-04-25 01:19:41] [INFO] [DEBUG] Starting load of GuiListener at 1777079981217
[26-04-25 01:19:41] [INFO] [DEBUG] GuiListener has been loaded. (took 0ms)
[26-04-25 01:19:41] [INFO] [DEBUG] Starting load of KitManagerImpl at 1777079981217
[26-04-25 01:19:41] [INFO] KitManagerImpl: Loaded 7 kit(s).
[26-04-25 01:19:41] [INFO] [DEBUG] KitManagerImpl has been loaded. (took 109ms)
[26-04-25 01:19:41] [INFO] [DEBUG] Starting load of ArenaManagerImpl at 1777079981328
[26-04-25 01:19:41] [INFO] ArenaManagerImpl: Loaded 7 arena(s).
[26-04-25 01:19:41] [INFO] [DEBUG] ArenaManagerImpl has been loaded. (took 68ms)
[26-04-25 01:19:41] [INFO] [DEBUG] Starting load of SettingsManager at 1777079981396
[26-04-25 01:19:41] [INFO] [DEBUG] SettingsManager has been loaded. (took 0ms)
[26-04-25 01:19:41] [INFO] [DEBUG] Starting load of PlayerInfoManager at 1777079981396
[26-04-25 01:19:41] [INFO] [DEBUG] PlayerInfoManager has been loaded. (took 15ms)
[26-04-25 01:19:41] [INFO] [DEBUG] Starting load of SpectateManagerImpl at 1777079981411
[26-04-25 01:19:41] [INFO] [DEBUG] SpectateManagerImpl has been loaded. (took 1ms)
[26-04-25 01:19:41] [INFO] [DEBUG] Starting load of BettingManager at 1777079981413
[26-04-25 01:19:41] [INFO] BettingManager: Vault was not found! Money betting feature will be automatically disabled.
[26-04-25 01:19:41] [INFO] [DEBUG] BettingManager has been loaded. (took 1ms)
[26-04-25 01:19:41] [INFO] [DEBUG] Starting load of InventoryManager at 1777079981414
[26-04-25 01:19:41] [INFO] [DEBUG] InventoryManager has been loaded. (took 0ms)
[26-04-25 01:19:41] [INFO] [DEBUG] Starting load of DuelManager at 1777079981414
[26-04-25 01:19:41] [INFO] [DEBUG] DuelManager has been loaded. (took 1ms)
[26-04-25 01:19:41] [INFO] [DEBUG] Starting load of QueueManager at 1777079981415
[26-04-25 01:19:41] [INFO] QueueManager: Loaded 0 queue(s).
[26-04-25 01:19:41] [INFO] [DEBUG] QueueManager has been loaded. (took 4ms)
[26-04-25 01:19:41] [INFO] [DEBUG] Starting load of QueueSignManagerImpl at 1777079981419
[26-04-25 01:19:41] [INFO] QueueSignManagerImpl: Loaded 0 queue sign(s).
[26-04-25 01:19:41] [INFO] [DEBUG] QueueSignManagerImpl has been loaded. (took 0ms)
[26-04-25 01:19:41] [INFO] [DEBUG] Starting load of RequestManager at 1777079981419
[26-04-25 01:19:41] [INFO] [DEBUG] RequestManager has been loaded. (took 0ms)
[26-04-25 01:19:41] [INFO] [DEBUG] Starting load of Teleport at 1777079981419
[26-04-25 01:19:41] [INFO] [DEBUG] Teleport has been loaded. (took 1ms)
[26-04-25 01:19:41] [INFO] [DEBUG] Starting load of ExtensionManager at 1777079981420
[26-04-25 01:19:41] [INFO] [DEBUG] ExtensionManager has been loaded. (took 2ms)
[26-04-25 01:19:42] [INFO] No updates were available. You are on the latest version!
[26-04-25 01:21:33] [INFO] [DEBUG] onDisable start -> 1777080093629

[26-04-25 01:21:33] [INFO] [DEBUG] Starting unload of ExtensionManager at 1777080093640
[26-04-25 01:21:33] [INFO] [DEBUG] ExtensionManager has been unloaded. (took 0ms)
[26-04-25 01:21:33] [INFO] [DEBUG] Starting unload of Teleport at 1777080093640
[26-04-25 01:21:33] [INFO] [DEBUG] Teleport has been unloaded. (took 0ms)
[26-04-25 01:21:33] [INFO] [DEBUG] Starting unload of RequestManager at 1777080093640
[26-04-25 01:21:33] [INFO] [DEBUG] RequestManager has been unloaded. (took 0ms)
[26-04-25 01:21:33] [INFO] [DEBUG] Starting unload of QueueSignManagerImpl at 1777080093640
[26-04-25 01:21:33] [INFO] [DEBUG] QueueSignManagerImpl has been unloaded. (took 0ms)
[26-04-25 01:21:33] [INFO] [DEBUG] Starting unload of QueueManager at 1777080093640
[26-04-25 01:21:33] [INFO] [DEBUG] QueueManager has been unloaded. (took 1ms)
[26-04-25 01:21:33] [INFO] [DEBUG] Starting unload of DuelManager at 1777080093641
[26-04-25 01:21:33] [INFO] [DEBUG] DuelManager has been unloaded. (took 0ms)
[26-04-25 01:21:33] [INFO] [DEBUG] Starting unload of InventoryManager at 1777080093641
[26-04-25 01:21:33] [INFO] [DEBUG] InventoryManager has been unloaded. (took 0ms)
[26-04-25 01:21:33] [INFO] [DEBUG] Starting unload of BettingManager at 1777080093641
[26-04-25 01:21:33] [INFO] [DEBUG] BettingManager has been unloaded. (took 0ms)
[26-04-25 01:21:33] [INFO] [DEBUG] Starting unload of SpectateManagerImpl at 1777080093641
[26-04-25 01:21:33] [INFO] [DEBUG] SpectateManagerImpl has been unloaded. (took 0ms)
[26-04-25 01:21:33] [INFO] [DEBUG] Starting unload of PlayerInfoManager at 1777080093641
[26-04-25 01:21:33] [INFO] [DEBUG] PlayerInfoManager has been unloaded. (took 8ms)
[26-04-25 01:21:33] [INFO] [DEBUG] Starting unload of SettingsManager at 1777080093650
[26-04-25 01:21:33] [INFO] [DEBUG] SettingsManager has been unloaded. (took 0ms)
[26-04-25 01:21:33] [INFO] [DEBUG] Starting unload of ArenaManagerImpl at 1777080093650
[26-04-25 01:21:33] [INFO] [DEBUG] ArenaManagerImpl has been unloaded. (took 0ms)
[26-04-25 01:21:33] [INFO] [DEBUG] Starting unload of KitManagerImpl at 1777080093650
[26-04-25 01:21:33] [INFO] [DEBUG] KitManagerImpl has been unloaded. (took 0ms)
[26-04-25 01:21:33] [INFO] [DEBUG] Starting unload of GuiListener at 1777080093650
[26-04-25 01:21:33] [INFO] [DEBUG] GuiListener has been unloaded. (took 0ms)
[26-04-25 01:21:33] [INFO] [DEBUG] Starting unload of UserManagerImpl at 1777080093650
[26-04-25 01:21:33] [INFO] [DEBUG] UserManagerImpl has been unloaded. (took 0ms)
[26-04-25 01:21:33] [INFO] [DEBUG] Starting unload of Lang at 1777080093651
[26-04-25 01:21:33] [INFO] [DEBUG] Lang has been unloaded. (took 0ms)
[26-04-25 01:21:33] [INFO] [DEBUG] Starting unload of Config at 1777080093651
[26-04-25 01:21:33] [INFO] [DEBUG] Config has been unloaded. (took 0ms)
[26-04-25 01:21:33] [INFO] [DEBUG] unload done (took 22ms)
[26-04-25 01:21:33] [INFO] [DEBUG] Log#clearSources done (took 0ms)
[26-04-25 01:38:57] [INFO] [DEBUG] onEnable start -> 1777081137523

[26-04-25 01:38:57] [INFO] [DEBUG] Starting load of Config at 1777081137593
[26-04-25 01:38:57] [INFO] [DEBUG] Config has been loaded. (took 9ms)
[26-04-25 01:38:57] [INFO] [DEBUG] Starting load of Lang at 1777081137602
[26-04-25 01:38:57] [INFO] [DEBUG] Lang has been loaded. (took 17ms)
[26-04-25 01:38:57] [INFO] [DEBUG] Starting load of UserManagerImpl at 1777081137620
[26-04-25 01:38:57] [INFO] [DEBUG] UserManagerImpl has been loaded. (took 0ms)
[26-04-25 01:38:57] [INFO] [DEBUG] Starting load of GuiListener at 1777081137620
[26-04-25 01:38:57] [INFO] [DEBUG] GuiListener has been loaded. (took 0ms)
[26-04-25 01:38:57] [INFO] [DEBUG] Starting load of KitManagerImpl at 1777081137620
[26-04-25 01:38:57] [INFO] KitManagerImpl: Loaded 7 kit(s).
[26-04-25 01:38:57] [INFO] [DEBUG] KitManagerImpl has been loaded. (took 164ms)
[26-04-25 01:38:57] [INFO] [DEBUG] Starting load of ArenaManagerImpl at 1777081137786
[26-04-25 01:38:57] [INFO] ArenaManagerImpl: Loaded 7 arena(s).
[26-04-25 01:38:57] [INFO] [DEBUG] ArenaManagerImpl has been loaded. (took 53ms)
[26-04-25 01:38:57] [INFO] [DEBUG] Starting load of SettingsManager at 1777081137839
[26-04-25 01:38:57] [INFO] [DEBUG] SettingsManager has been loaded. (took 0ms)
[26-04-25 01:38:57] [INFO] [DEBUG] Starting load of PlayerInfoManager at 1777081137839
[26-04-25 01:38:57] [INFO] [DEBUG] PlayerInfoManager has been loaded. (took 57ms)
[26-04-25 01:38:57] [INFO] [DEBUG] Starting load of SpectateManagerImpl at 1777081137896
[26-04-25 01:38:57] [INFO] [DEBUG] SpectateManagerImpl has been loaded. (took 0ms)
[26-04-25 01:38:57] [INFO] [DEBUG] Starting load of BettingManager at 1777081137896
[26-04-25 01:38:57] [INFO] BettingManager: Vault was not found! Money betting feature will be automatically disabled.
[26-04-25 01:38:57] [INFO] [DEBUG] BettingManager has been loaded. (took 0ms)
[26-04-25 01:38:57] [INFO] [DEBUG] Starting load of InventoryManager at 1777081137896
[26-04-25 01:38:57] [INFO] [DEBUG] InventoryManager has been loaded. (took 1ms)
[26-04-25 01:38:57] [INFO] [DEBUG] Starting load of DuelManager at 1777081137897
[26-04-25 01:38:57] [INFO] [DEBUG] DuelManager has been loaded. (took 0ms)
[26-04-25 01:38:57] [INFO] [DEBUG] Starting load of QueueManager at 1777081137897
[26-04-25 01:38:57] [INFO] QueueManager: Loaded 0 queue(s).
[26-04-25 01:38:57] [INFO] [DEBUG] QueueManager has been loaded. (took 1ms)
[26-04-25 01:38:57] [INFO] [DEBUG] Starting load of QueueSignManagerImpl at 1777081137898
[26-04-25 01:38:57] [INFO] QueueSignManagerImpl: Loaded 0 queue sign(s).
[26-04-25 01:38:57] [INFO] [DEBUG] QueueSignManagerImpl has been loaded. (took 15ms)
[26-04-25 01:38:57] [INFO] [DEBUG] Starting load of RequestManager at 1777081137913
[26-04-25 01:38:57] [INFO] [DEBUG] RequestManager has been loaded. (took 0ms)
[26-04-25 01:38:57] [INFO] [DEBUG] Starting load of Teleport at 1777081137913
[26-04-25 01:38:57] [INFO] [DEBUG] Teleport has been loaded. (took 0ms)
[26-04-25 01:38:57] [INFO] [DEBUG] Starting load of ExtensionManager at 1777081137913
[26-04-25 01:38:57] [INFO] [DEBUG] ExtensionManager has been loaded. (took 1ms)
[26-04-25 01:38:58] [INFO] No updates were available. You are on the latest version!
[26-04-25 01:51:35] [INFO] [DEBUG] onDisable start -> 1777081895948

[26-04-25 01:51:35] [INFO] [DEBUG] Starting unload of ExtensionManager at 1777081895952
[26-04-25 01:51:35] [INFO] [DEBUG] ExtensionManager has been unloaded. (took 1ms)
[26-04-25 01:51:35] [INFO] [DEBUG] Starting unload of Teleport at 1777081895953
[26-04-25 01:51:35] [INFO] [DEBUG] Teleport has been unloaded. (took 0ms)
[26-04-25 01:51:35] [INFO] [DEBUG] Starting unload of RequestManager at 1777081895954
[26-04-25 01:51:35] [INFO] [DEBUG] RequestManager has been unloaded. (took 0ms)
[26-04-25 01:51:35] [INFO] [DEBUG] Starting unload of QueueSignManagerImpl at 1777081895954
[26-04-25 01:51:35] [INFO] [DEBUG] QueueSignManagerImpl has been unloaded. (took 0ms)
[26-04-25 01:51:35] [INFO] [DEBUG] Starting unload of QueueManager at 1777081895954
[26-04-25 01:51:35] [INFO] [DEBUG] QueueManager has been unloaded. (took 1ms)
[26-04-25 01:51:35] [INFO] [DEBUG] Starting unload of DuelManager at 1777081895955
[26-04-25 01:51:35] [INFO] [DEBUG] DuelManager has been unloaded. (took 0ms)
[26-04-25 01:51:35] [INFO] [DEBUG] Starting unload of InventoryManager at 1777081895955
[26-04-25 01:51:35] [INFO] [DEBUG] InventoryManager has been unloaded. (took 0ms)
[26-04-25 01:51:35] [INFO] [DEBUG] Starting unload of BettingManager at 1777081895956
[26-04-25 01:51:35] [INFO] [DEBUG] BettingManager has been unloaded. (took 0ms)
[26-04-25 01:51:35] [INFO] [DEBUG] Starting unload of SpectateManagerImpl at 1777081895956
[26-04-25 01:51:35] [INFO] [DEBUG] SpectateManagerImpl has been unloaded. (took 0ms)
[26-04-25 01:51:35] [INFO] [DEBUG] Starting unload of PlayerInfoManager at 1777081895956
[26-04-25 01:51:36] [INFO] [DEBUG] PlayerInfoManager has been unloaded. (took 58ms)
[26-04-25 01:51:36] [INFO] [DEBUG] Starting unload of SettingsManager at 1777081896015
[26-04-25 01:51:36] [INFO] [DEBUG] SettingsManager has been unloaded. (took 0ms)
[26-04-25 01:51:36] [INFO] [DEBUG] Starting unload of ArenaManagerImpl at 1777081896016
[26-04-25 01:51:36] [INFO] [DEBUG] ArenaManagerImpl has been unloaded. (took 0ms)
[26-04-25 01:51:36] [INFO] [DEBUG] Starting unload of KitManagerImpl at 1777081896016
[26-04-25 01:51:36] [INFO] [DEBUG] KitManagerImpl has been unloaded. (took 0ms)
[26-04-25 01:51:36] [INFO] [DEBUG] Starting unload of GuiListener at 1777081896016
[26-04-25 01:51:36] [INFO] [DEBUG] GuiListener has been unloaded. (took 1ms)
[26-04-25 01:51:36] [INFO] [DEBUG] Starting unload of UserManagerImpl at 1777081896018
[26-04-25 01:51:36] [INFO] [DEBUG] UserManagerImpl has been unloaded. (took 0ms)
[26-04-25 01:51:36] [INFO] [DEBUG] Starting unload of Lang at 1777081896018
[26-04-25 01:51:36] [INFO] [DEBUG] Lang has been unloaded. (took 0ms)
[26-04-25 01:51:36] [INFO] [DEBUG] Starting unload of Config at 1777081896018
[26-04-25 01:51:36] [INFO] [DEBUG] Config has been unloaded. (took 1ms)
[26-04-25 01:51:36] [INFO] [DEBUG] unload done (took 71ms)
[26-04-25 01:51:36] [INFO] [DEBUG] Log#clearSources done (took 0ms)
[26-04-25 11:48:17] [INFO] [DEBUG] onEnable start -> 1777117697154

[26-04-25 11:48:17] [INFO] [DEBUG] Starting load of Config at 1777117697261
[26-04-25 11:48:17] [INFO] [DEBUG] Config has been loaded. (took 22ms)
[26-04-25 11:48:17] [INFO] [DEBUG] Starting load of Lang at 1777117697284
[26-04-25 11:48:17] [INFO] [DEBUG] Lang has been loaded. (took 24ms)
[26-04-25 11:48:17] [INFO] [DEBUG] Starting load of UserManagerImpl at 1777117697308
[26-04-25 11:48:17] [INFO] [DEBUG] UserManagerImpl has been loaded. (took 1ms)
[26-04-25 11:48:17] [INFO] [DEBUG] Starting load of GuiListener at 1777117697309
[26-04-25 11:48:17] [INFO] [DEBUG] GuiListener has been loaded. (took 0ms)
[26-04-25 11:48:17] [INFO] [DEBUG] Starting load of KitManagerImpl at 1777117697309
[26-04-25 11:48:17] [INFO] KitManagerImpl: Loaded 7 kit(s).
[26-04-25 11:48:17] [INFO] [DEBUG] KitManagerImpl has been loaded. (took 121ms)
[26-04-25 11:48:17] [INFO] [DEBUG] Starting load of ArenaManagerImpl at 1777117697430
[26-04-25 11:48:17] [INFO] ArenaManagerImpl: Loaded 7 arena(s).
[26-04-25 11:48:17] [INFO] [DEBUG] ArenaManagerImpl has been loaded. (took 26ms)
[26-04-25 11:48:17] [INFO] [DEBUG] Starting load of SettingsManager at 1777117697456
[26-04-25 11:48:17] [INFO] [DEBUG] SettingsManager has been loaded. (took 0ms)
[26-04-25 11:48:17] [INFO] [DEBUG] Starting load of PlayerInfoManager at 1777117697456
[26-04-25 11:48:17] [INFO] [DEBUG] PlayerInfoManager has been loaded. (took 15ms)
[26-04-25 11:48:17] [INFO] [DEBUG] Starting load of SpectateManagerImpl at 1777117697471
[26-04-25 11:48:17] [INFO] [DEBUG] SpectateManagerImpl has been loaded. (took 0ms)
[26-04-25 11:48:17] [INFO] [DEBUG] Starting load of BettingManager at 1777117697471
[26-04-25 11:48:17] [INFO] BettingManager: Vault was not found! Money betting feature will be automatically disabled.
[26-04-25 11:48:17] [INFO] [DEBUG] BettingManager has been loaded. (took 1ms)
[26-04-25 11:48:17] [INFO] [DEBUG] Starting load of InventoryManager at 1777117697472
[26-04-25 11:48:17] [INFO] [DEBUG] InventoryManager has been loaded. (took 0ms)
[26-04-25 11:48:17] [INFO] [DEBUG] Starting load of DuelManager at 1777117697472
[26-04-25 11:48:17] [INFO] [DEBUG] DuelManager has been loaded. (took 0ms)
[26-04-25 11:48:17] [INFO] [DEBUG] Starting load of QueueManager at 1777117697472
[26-04-25 11:48:17] [INFO] QueueManager: Loaded 0 queue(s).
[26-04-25 11:48:17] [INFO] [DEBUG] QueueManager has been loaded. (took 1ms)
[26-04-25 11:48:17] [INFO] [DEBUG] Starting load of QueueSignManagerImpl at 1777117697473
[26-04-25 11:48:17] [INFO] QueueSignManagerImpl: Loaded 0 queue sign(s).
[26-04-25 11:48:17] [INFO] [DEBUG] QueueSignManagerImpl has been loaded. (took 2ms)
[26-04-25 11:48:17] [INFO] [DEBUG] Starting load of RequestManager at 1777117697475
[26-04-25 11:48:17] [INFO] [DEBUG] RequestManager has been loaded. (took 0ms)
[26-04-25 11:48:17] [INFO] [DEBUG] Starting load of Teleport at 1777117697476
[26-04-25 11:48:17] [INFO] [DEBUG] Teleport has been loaded. (took 1ms)
[26-04-25 11:48:17] [INFO] [DEBUG] Starting load of ExtensionManager at 1777117697477
[26-04-25 11:48:17] [INFO] [DEBUG] ExtensionManager has been loaded. (took 0ms)
[26-04-25 11:48:18] [INFO] No updates were available. You are on the latest version!
[26-04-25 11:59:36] [INFO] [DEBUG] onDisable start -> 1777118376839

[26-04-25 11:59:36] [INFO] [DEBUG] Starting unload of ExtensionManager at 1777118376853
[26-04-25 11:59:36] [INFO] [DEBUG] ExtensionManager has been unloaded. (took 1ms)
[26-04-25 11:59:36] [INFO] [DEBUG] Starting unload of Teleport at 1777118376854
[26-04-25 11:59:36] [INFO] [DEBUG] Teleport has been unloaded. (took 0ms)
[26-04-25 11:59:36] [INFO] [DEBUG] Starting unload of RequestManager at 1777118376855
[26-04-25 11:59:36] [INFO] [DEBUG] RequestManager has been unloaded. (took 0ms)
[26-04-25 11:59:36] [INFO] [DEBUG] Starting unload of QueueSignManagerImpl at 1777118376855
[26-04-25 11:59:36] [INFO] [DEBUG] QueueSignManagerImpl has been unloaded. (took 0ms)
[26-04-25 11:59:36] [INFO] [DEBUG] Starting unload of QueueManager at 1777118376855
[26-04-25 11:59:36] [INFO] [DEBUG] QueueManager has been unloaded. (took 0ms)
[26-04-25 11:59:36] [INFO] [DEBUG] Starting unload of DuelManager at 1777118376856
[26-04-25 11:59:36] [INFO] [DEBUG] DuelManager has been unloaded. (took 0ms)
[26-04-25 11:59:36] [INFO] [DEBUG] Starting unload of InventoryManager at 1777118376856
[26-04-25 11:59:36] [INFO] [DEBUG] InventoryManager has been unloaded. (took 0ms)
[26-04-25 11:59:36] [INFO] [DEBUG] Starting unload of BettingManager at 1777118376856
[26-04-25 11:59:36] [INFO] [DEBUG] BettingManager has been unloaded. (took 0ms)
[26-04-25 11:59:36] [INFO] [DEBUG] Starting unload of SpectateManagerImpl at 1777118376856
[26-04-25 11:59:36] [INFO] [DEBUG] SpectateManagerImpl has been unloaded. (took 0ms)
[26-04-25 11:59:36] [INFO] [DEBUG] Starting unload of PlayerInfoManager at 1777118376856
[26-04-25 11:59:36] [INFO] [DEBUG] PlayerInfoManager has been unloaded. (took 11ms)
[26-04-25 11:59:36] [INFO] [DEBUG] Starting unload of SettingsManager at 1777118376867
[26-04-25 11:59:36] [INFO] [DEBUG] SettingsManager has been unloaded. (took 1ms)
[26-04-25 11:59:36] [INFO] [DEBUG] Starting unload of ArenaManagerImpl at 1777118376868
[26-04-25 11:59:36] [INFO] [DEBUG] ArenaManagerImpl has been unloaded. (took 0ms)
[26-04-25 11:59:36] [INFO] [DEBUG] Starting unload of KitManagerImpl at 1777118376868
[26-04-25 11:59:36] [INFO] [DEBUG] KitManagerImpl has been unloaded. (took 0ms)
[26-04-25 11:59:36] [INFO] [DEBUG] Starting unload of GuiListener at 1777118376868
[26-04-25 11:59:36] [INFO] [DEBUG] GuiListener has been unloaded. (took 0ms)
[26-04-25 11:59:36] [INFO] [DEBUG] Starting unload of UserManagerImpl at 1777118376868
[26-04-25 11:59:36] [INFO] [DEBUG] UserManagerImpl has been unloaded. (took 2ms)
[26-04-25 11:59:36] [INFO] [DEBUG] Starting unload of Lang at 1777118376870
[26-04-25 11:59:36] [INFO] [DEBUG] Lang has been unloaded. (took 0ms)
[26-04-25 11:59:36] [INFO] [DEBUG] Starting unload of Config at 1777118376870
[26-04-25 11:59:36] [INFO] [DEBUG] Config has been unloaded. (took 1ms)
[26-04-25 11:59:36] [INFO] [DEBUG] unload done (took 32ms)
[26-04-25 11:59:36] [INFO] [DEBUG] Log#clearSources done (took 0ms)
[26-04-25 12:15:29] [INFO] [DEBUG] onEnable start -> 1777119329828

[26-04-25 12:15:29] [INFO] [DEBUG] Starting load of Config at 1777119329892
[26-04-25 12:15:29] [INFO] [DEBUG] Config has been loaded. (took 69ms)
[26-04-25 12:15:29] [INFO] [DEBUG] Starting load of Lang at 1777119329961
[26-04-25 12:15:30] [INFO] [DEBUG] Lang has been loaded. (took 41ms)
[26-04-25 12:15:30] [INFO] [DEBUG] Starting load of UserManagerImpl at 1777119330002
[26-04-25 12:15:30] [INFO] [DEBUG] UserManagerImpl has been loaded. (took 1ms)
[26-04-25 12:15:30] [INFO] [DEBUG] Starting load of GuiListener at 1777119330003
[26-04-25 12:15:30] [INFO] [DEBUG] GuiListener has been loaded. (took 0ms)
[26-04-25 12:15:30] [INFO] [DEBUG] Starting load of KitManagerImpl at 1777119330003
[26-04-25 12:15:30] [INFO] KitManagerImpl: Loaded 7 kit(s).
[26-04-25 12:15:30] [INFO] [DEBUG] KitManagerImpl has been loaded. (took 95ms)
[26-04-25 12:15:30] [INFO] [DEBUG] Starting load of ArenaManagerImpl at 1777119330098
[26-04-25 12:15:30] [INFO] ArenaManagerImpl: Loaded 7 arena(s).
[26-04-25 12:15:30] [INFO] [DEBUG] ArenaManagerImpl has been loaded. (took 74ms)
[26-04-25 12:15:30] [INFO] [DEBUG] Starting load of SettingsManager at 1777119330172
[26-04-25 12:15:30] [INFO] [DEBUG] SettingsManager has been loaded. (took 1ms)
[26-04-25 12:15:30] [INFO] [DEBUG] Starting load of PlayerInfoManager at 1777119330173
[26-04-25 12:15:30] [INFO] [DEBUG] PlayerInfoManager has been loaded. (took 88ms)
[26-04-25 12:15:30] [INFO] [DEBUG] Starting load of SpectateManagerImpl at 1777119330261
[26-04-25 12:15:30] [INFO] [DEBUG] SpectateManagerImpl has been loaded. (took 1ms)
[26-04-25 12:15:30] [INFO] [DEBUG] Starting load of BettingManager at 1777119330262
[26-04-25 12:15:30] [INFO] BettingManager: Vault was not found! Money betting feature will be automatically disabled.
[26-04-25 12:15:30] [INFO] [DEBUG] BettingManager has been loaded. (took 0ms)
[26-04-25 12:15:30] [INFO] [DEBUG] Starting load of InventoryManager at 1777119330262
[26-04-25 12:15:30] [INFO] [DEBUG] InventoryManager has been loaded. (took 1ms)
[26-04-25 12:15:30] [INFO] [DEBUG] Starting load of DuelManager at 1777119330263
[26-04-25 12:15:30] [INFO] [DEBUG] DuelManager has been loaded. (took 0ms)
[26-04-25 12:15:30] [INFO] [DEBUG] Starting load of QueueManager at 1777119330263
[26-04-25 12:15:30] [INFO] QueueManager: Loaded 0 queue(s).
[26-04-25 12:15:30] [INFO] [DEBUG] QueueManager has been loaded. (took 1ms)
[26-04-25 12:15:30] [INFO] [DEBUG] Starting load of QueueSignManagerImpl at 1777119330264
[26-04-25 12:15:30] [INFO] QueueSignManagerImpl: Loaded 0 queue sign(s).
[26-04-25 12:15:30] [INFO] [DEBUG] QueueSignManagerImpl has been loaded. (took 1ms)
[26-04-25 12:15:30] [INFO] [DEBUG] Starting load of RequestManager at 1777119330265
[26-04-25 12:15:30] [INFO] [DEBUG] RequestManager has been loaded. (took 0ms)
[26-04-25 12:15:30] [INFO] [DEBUG] Starting load of Teleport at 1777119330265
[26-04-25 12:15:30] [INFO] [DEBUG] Teleport has been loaded. (took 0ms)
[26-04-25 12:15:30] [INFO] [DEBUG] Starting load of ExtensionManager at 1777119330265
[26-04-25 12:15:30] [INFO] [DEBUG] ExtensionManager has been loaded. (took 0ms)
[26-04-25 12:15:30] [INFO] No updates were available. You are on the latest version!
[26-04-25 13:02:31] [INFO] [DEBUG] onDisable start -> 1777122151692

[26-04-25 13:02:31] [INFO] [DEBUG] Starting unload of ExtensionManager at 1777122151708
[26-04-25 13:02:31] [INFO] [DEBUG] ExtensionManager has been unloaded. (took 0ms)
[26-04-25 13:02:31] [INFO] [DEBUG] Starting unload of Teleport at 1777122151708
[26-04-25 13:02:31] [INFO] [DEBUG] Teleport has been unloaded. (took 0ms)
[26-04-25 13:02:31] [INFO] [DEBUG] Starting unload of RequestManager at 1777122151708
[26-04-25 13:02:31] [INFO] [DEBUG] RequestManager has been unloaded. (took 0ms)
[26-04-25 13:02:31] [INFO] [DEBUG] Starting unload of QueueSignManagerImpl at 1777122151709
[26-04-25 13:02:31] [INFO] [DEBUG] QueueSignManagerImpl has been unloaded. (took 0ms)
[26-04-25 13:02:31] [INFO] [DEBUG] Starting unload of QueueManager at 1777122151709
[26-04-25 13:02:31] [INFO] [DEBUG] QueueManager has been unloaded. (took 0ms)
[26-04-25 13:02:31] [INFO] [DEBUG] Starting unload of DuelManager at 1777122151709
[26-04-25 13:02:31] [INFO] [DEBUG] DuelManager has been unloaded. (took 0ms)
[26-04-25 13:02:31] [INFO] [DEBUG] Starting unload of InventoryManager at 1777122151709
[26-04-25 13:02:31] [INFO] [DEBUG] InventoryManager has been unloaded. (took 0ms)
[26-04-25 13:02:31] [INFO] [DEBUG] Starting unload of BettingManager at 1777122151709
[26-04-25 13:02:31] [INFO] [DEBUG] BettingManager has been unloaded. (took 0ms)
[26-04-25 13:02:31] [INFO] [DEBUG] Starting unload of SpectateManagerImpl at 1777122151709
[26-04-25 13:02:31] [INFO] [DEBUG] SpectateManagerImpl has been unloaded. (took 0ms)
[26-04-25 13:02:31] [INFO] [DEBUG] Starting unload of PlayerInfoManager at 1777122151709
[26-04-25 13:02:31] [INFO] [DEBUG] PlayerInfoManager has been unloaded. (took 35ms)
[26-04-25 13:02:31] [INFO] [DEBUG] Starting unload of SettingsManager at 1777122151744
[26-04-25 13:02:31] [INFO] [DEBUG] SettingsManager has been unloaded. (took 4ms)
[26-04-25 13:02:31] [INFO] [DEBUG] Starting unload of ArenaManagerImpl at 1777122151749
[26-04-25 13:02:31] [INFO] [DEBUG] ArenaManagerImpl has been unloaded. (took 0ms)
[26-04-25 13:02:31] [INFO] [DEBUG] Starting unload of KitManagerImpl at 1777122151749
[26-04-25 13:02:31] [INFO] [DEBUG] KitManagerImpl has been unloaded. (took 0ms)
[26-04-25 13:02:31] [INFO] [DEBUG] Starting unload of GuiListener at 1777122151749
[26-04-25 13:02:31] [INFO] [DEBUG] GuiListener has been unloaded. (took 0ms)
[26-04-25 13:02:31] [INFO] [DEBUG] Starting unload of UserManagerImpl at 1777122151749
[26-04-25 13:02:31] [INFO] [DEBUG] UserManagerImpl has been unloaded. (took 0ms)
[26-04-25 13:02:31] [INFO] [DEBUG] Starting unload of Lang at 1777122151750
[26-04-25 13:02:31] [INFO] [DEBUG] Lang has been unloaded. (took 0ms)
[26-04-25 13:02:31] [INFO] [DEBUG] Starting unload of Config at 1777122151750
[26-04-25 13:02:31] [INFO] [DEBUG] Config has been unloaded. (took 0ms)
[26-04-25 13:02:31] [INFO] [DEBUG] unload done (took 58ms)
[26-04-25 13:02:31] [INFO] [DEBUG] Log#clearSources done (took 1ms)
