[26-04-22 10:33:12] [INFO] [DEBUG] onEnable start -> 1776853992879

[26-04-22 10:33:12] [INFO] [DEBUG] Starting load of Config at 1776853992934
[26-04-22 10:33:12] [INFO] [DEBUG] Config has been loaded. (took 10ms)
[26-04-22 10:33:12] [INFO] [DEBUG] Starting load of Lang at 1776853992944
[26-04-22 10:33:12] [INFO] [DEBUG] Lang has been loaded. (took 16ms)
[26-04-22 10:33:12] [INFO] [DEBUG] Starting load of UserManagerImpl at 1776853992960
[26-04-22 10:33:12] [INFO] [DEBUG] UserManagerImpl has been loaded. (took 0ms)
[26-04-22 10:33:12] [INFO] [DEBUG] Starting load of GuiListener at 1776853992960
[26-04-22 10:33:12] [INFO] [DEBUG] GuiListener has been loaded. (took 0ms)
[26-04-22 10:33:12] [INFO] [DEBUG] Starting load of KitManagerImpl at 1776853992960
[26-04-22 10:33:13] [INFO] KitManagerImpl: Loaded 6 kit(s).
[26-04-22 10:33:13] [INFO] [DEBUG] KitManagerImpl has been loaded. (took 99ms)
[26-04-22 10:33:13] [INFO] [DEBUG] Starting load of ArenaManagerImpl at 1776853993060
[26-04-22 10:33:13] [INFO] ArenaManagerImpl: Loaded 5 arena(s).
[26-04-22 10:33:13] [INFO] [DEBUG] ArenaManagerImpl has been loaded. (took 22ms)
[26-04-22 10:33:13] [INFO] [DEBUG] Starting load of SettingsManager at 1776853993082
[26-04-22 10:33:13] [INFO] [DEBUG] SettingsManager has been loaded. (took 0ms)
[26-04-22 10:33:13] [INFO] [DEBUG] Starting load of PlayerInfoManager at 1776853993082
[26-04-22 10:33:13] [INFO] [DEBUG] PlayerInfoManager has been loaded. (took 14ms)
[26-04-22 10:33:13] [INFO] [DEBUG] Starting load of SpectateManagerImpl at 1776853993096
[26-04-22 10:33:13] [INFO] [DEBUG] SpectateManagerImpl has been loaded. (took 0ms)
[26-04-22 10:33:13] [INFO] [DEBUG] Starting load of BettingManager at 1776853993097
[26-04-22 10:33:13] [INFO] BettingManager: Vault was not found! Money betting feature will be automatically disabled.
[26-04-22 10:33:13] [INFO] [DEBUG] BettingManager has been loaded. (took 0ms)
[26-04-22 10:33:13] [INFO] [DEBUG] Starting load of InventoryManager at 1776853993097
[26-04-22 10:33:13] [INFO] [DEBUG] InventoryManager has been loaded. (took 0ms)
[26-04-22 10:33:13] [INFO] [DEBUG] Starting load of DuelManager at 1776853993098
[26-04-22 10:33:13] [INFO] [DEBUG] DuelManager has been loaded. (took 0ms)
[26-04-22 10:33:13] [INFO] [DEBUG] Starting load of QueueManager at 1776853993098
[26-04-22 10:33:13] [INFO] QueueManager: Loaded 0 queue(s).
[26-04-22 10:33:13] [INFO] [DEBUG] QueueManager has been loaded. (took 3ms)
[26-04-22 10:33:13] [INFO] [DEBUG] Starting load of QueueSignManagerImpl at 1776853993101
[26-04-22 10:33:13] [INFO] QueueSignManagerImpl: Loaded 0 queue sign(s).
[26-04-22 10:33:13] [INFO] [DEBUG] QueueSignManagerImpl has been loaded. (took 0ms)
[26-04-22 10:33:13] [INFO] [DEBUG] Starting load of RequestManager at 1776853993101
[26-04-22 10:33:13] [INFO] [DEBUG] RequestManager has been loaded. (took 0ms)
[26-04-22 10:33:13] [INFO] [DEBUG] Starting load of Teleport at 1776853993101
[26-04-22 10:33:13] [INFO] [DEBUG] Teleport has been loaded. (took 1ms)
[26-04-22 10:33:13] [INFO] [DEBUG] Starting load of ExtensionManager at 1776853993102
[26-04-22 10:33:13] [INFO] [DEBUG] ExtensionManager has been loaded. (took 3ms)
[26-04-22 10:33:13] [INFO] No updates were available. You are on the latest version!
[26-04-22 10:48:24] [INFO] [DEBUG] onDisable start -> 1776854904449

[26-04-22 10:48:24] [INFO] [DEBUG] Starting unload of ExtensionManager at 1776854904510
[26-04-22 10:48:24] [INFO] [DEBUG] ExtensionManager has been unloaded. (took 15ms)
[26-04-22 10:48:24] [INFO] [DEBUG] Starting unload of Teleport at 1776854904526
[26-04-22 10:48:24] [INFO] [DEBUG] Teleport has been unloaded. (took 1ms)
[26-04-22 10:48:24] [INFO] [DEBUG] Starting unload of RequestManager at 1776854904527
[26-04-22 10:48:24] [INFO] [DEBUG] RequestManager has been unloaded. (took 1ms)
[26-04-22 10:48:24] [INFO] [DEBUG] Starting unload of QueueSignManagerImpl at 1776854904528
[26-04-22 10:48:24] [INFO] [DEBUG] QueueSignManagerImpl has been unloaded. (took 0ms)
[26-04-22 10:48:24] [INFO] [DEBUG] Starting unload of QueueManager at 1776854904528
[26-04-22 10:48:24] [INFO] [DEBUG] QueueManager has been unloaded. (took 2ms)
[26-04-22 10:48:24] [INFO] [DEBUG] Starting unload of DuelManager at 1776854904532
[26-04-22 10:48:24] [INFO] [DEBUG] DuelManager has been unloaded. (took 15ms)
[26-04-22 10:48:24] [INFO] [DEBUG] Starting unload of InventoryManager at 1776854904547
[26-04-22 10:48:24] [INFO] [DEBUG] InventoryManager has been unloaded. (took 0ms)
[26-04-22 10:48:24] [INFO] [DEBUG] Starting unload of BettingManager at 1776854904547
[26-04-22 10:48:24] [INFO] [DEBUG] BettingManager has been unloaded. (took 0ms)
[26-04-22 10:48:24] [INFO] [DEBUG] Starting unload of SpectateManagerImpl at 1776854904548
[26-04-22 10:48:24] [INFO] [DEBUG] SpectateManagerImpl has been unloaded. (took 0ms)
[26-04-22 10:48:24] [INFO] [DEBUG] Starting unload of PlayerInfoManager at 1776854904548
[26-04-22 10:48:24] [INFO] [DEBUG] PlayerInfoManager has been unloaded. (took 80ms)
[26-04-22 10:48:24] [INFO] [DEBUG] Starting unload of SettingsManager at 1776854904628
[26-04-22 10:48:24] [INFO] [DEBUG] SettingsManager has been unloaded. (took 0ms)
[26-04-22 10:48:24] [INFO] [DEBUG] Starting unload of ArenaManagerImpl at 1776854904628
[26-04-22 10:48:24] [INFO] [DEBUG] ArenaManagerImpl has been unloaded. (took 0ms)
[26-04-22 10:48:24] [INFO] [DEBUG] Starting unload of KitManagerImpl at 1776854904628
[26-04-22 10:48:24] [INFO] [DEBUG] KitManagerImpl has been unloaded. (took 0ms)
[26-04-22 10:48:24] [INFO] [DEBUG] Starting unload of GuiListener at 1776854904628
[26-04-22 10:48:24] [INFO] [DEBUG] GuiListener has been unloaded. (took 1ms)
[26-04-22 10:48:24] [INFO] [DEBUG] Starting unload of UserManagerImpl at 1776854904629
[26-04-22 10:48:24] [INFO] [DEBUG] UserManagerImpl has been unloaded. (took 0ms)
[26-04-22 10:48:24] [INFO] [DEBUG] Starting unload of Lang at 1776854904650
[26-04-22 10:48:24] [INFO] [DEBUG] Lang has been unloaded. (took 0ms)
[26-04-22 10:48:24] [INFO] [DEBUG] Starting unload of Config at 1776854904650
[26-04-22 10:48:24] [INFO] [DEBUG] Config has been unloaded. (took 0ms)
[26-04-22 10:48:24] [INFO] [DEBUG] unload done (took 201ms)
[26-04-22 10:48:24] [INFO] [DEBUG] Log#clearSources done (took 0ms)
[26-04-22 10:52:32] [INFO] [DEBUG] onEnable start -> 1776855152112

[26-04-22 10:52:32] [INFO] [DEBUG] Starting load of Config at 1776855152181
[26-04-22 10:52:32] [INFO] [DEBUG] Config has been loaded. (took 14ms)
[26-04-22 10:52:32] [INFO] [DEBUG] Starting load of Lang at 1776855152195
[26-04-22 10:52:32] [INFO] [DEBUG] Lang has been loaded. (took 17ms)
[26-04-22 10:52:32] [INFO] [DEBUG] Starting load of UserManagerImpl at 1776855152212
[26-04-22 10:52:32] [INFO] [DEBUG] UserManagerImpl has been loaded. (took 1ms)
[26-04-22 10:52:32] [INFO] [DEBUG] Starting load of GuiListener at 1776855152213
[26-04-22 10:52:32] [INFO] [DEBUG] GuiListener has been loaded. (took 0ms)
[26-04-22 10:52:32] [INFO] [DEBUG] Starting load of KitManagerImpl at 1776855152213
[26-04-22 10:52:32] [INFO] KitManagerImpl: Loaded 6 kit(s).
[26-04-22 10:52:32] [INFO] [DEBUG] KitManagerImpl has been loaded. (took 203ms)
[26-04-22 10:52:32] [INFO] [DEBUG] Starting load of ArenaManagerImpl at 1776855152416
[26-04-22 10:52:32] [INFO] ArenaManagerImpl: Loaded 5 arena(s).
[26-04-22 10:52:32] [INFO] [DEBUG] ArenaManagerImpl has been loaded. (took 24ms)
[26-04-22 10:52:32] [INFO] [DEBUG] Starting load of SettingsManager at 1776855152440
[26-04-22 10:52:32] [INFO] [DEBUG] SettingsManager has been loaded. (took 0ms)
[26-04-22 10:52:32] [INFO] [DEBUG] Starting load of PlayerInfoManager at 1776855152440
[26-04-22 10:52:32] [INFO] [DEBUG] PlayerInfoManager has been loaded. (took 20ms)
[26-04-22 10:52:32] [INFO] [DEBUG] Starting load of SpectateManagerImpl at 1776855152460
[26-04-22 10:52:32] [INFO] [DEBUG] SpectateManagerImpl has been loaded. (took 0ms)
[26-04-22 10:52:32] [INFO] [DEBUG] Starting load of BettingManager at 1776855152460
[26-04-22 10:52:32] [INFO] BettingManager: Vault was not found! Money betting feature will be automatically disabled.
[26-04-22 10:52:32] [INFO] [DEBUG] BettingManager has been loaded. (took 0ms)
[26-04-22 10:52:32] [INFO] [DEBUG] Starting load of InventoryManager at 1776855152460
[26-04-22 10:52:32] [INFO] [DEBUG] InventoryManager has been loaded. (took 0ms)
[26-04-22 10:52:32] [INFO] [DEBUG] Starting load of DuelManager at 1776855152461
[26-04-22 10:52:32] [INFO] [DEBUG] DuelManager has been loaded. (took 0ms)
[26-04-22 10:52:32] [INFO] [DEBUG] Starting load of QueueManager at 1776855152461
[26-04-22 10:52:32] [INFO] QueueManager: Loaded 0 queue(s).
[26-04-22 10:52:32] [INFO] [DEBUG] QueueManager has been loaded. (took 2ms)
[26-04-22 10:52:32] [INFO] [DEBUG] Starting load of QueueSignManagerImpl at 1776855152463
[26-04-22 10:52:32] [INFO] QueueSignManagerImpl: Loaded 0 queue sign(s).
[26-04-22 10:52:32] [INFO] [DEBUG] QueueSignManagerImpl has been loaded. (took 1ms)
[26-04-22 10:52:32] [INFO] [DEBUG] Starting load of RequestManager at 1776855152464
[26-04-22 10:52:32] [INFO] [DEBUG] RequestManager has been loaded. (took 0ms)
[26-04-22 10:52:32] [INFO] [DEBUG] Starting load of Teleport at 1776855152464
[26-04-22 10:52:32] [INFO] [DEBUG] Teleport has been loaded. (took 0ms)
[26-04-22 10:52:32] [INFO] [DEBUG] Starting load of ExtensionManager at 1776855152464
[26-04-22 10:52:32] [INFO] [DEBUG] ExtensionManager has been loaded. (took 1ms)
[26-04-22 10:52:33] [INFO] No updates were available. You are on the latest version!
[26-04-22 10:56:40] [INFO] [DEBUG] onDisable start -> 1776855400366

[26-04-22 10:56:41] [INFO] [DEBUG] Starting unload of ExtensionManager at 1776855401489
[26-04-22 10:56:41] [INFO] [DEBUG] ExtensionManager has been unloaded. (took 0ms)
[26-04-22 10:56:41] [INFO] [DEBUG] Starting unload of Teleport at 1776855401489
[26-04-22 10:56:41] [INFO] [DEBUG] Teleport has been unloaded. (took 0ms)
[26-04-22 10:56:41] [INFO] [DEBUG] Starting unload of RequestManager at 1776855401489
[26-04-22 10:56:41] [INFO] [DEBUG] RequestManager has been unloaded. (took 1ms)
[26-04-22 10:56:41] [INFO] [DEBUG] Starting unload of QueueSignManagerImpl at 1776855401490
[26-04-22 10:56:41] [INFO] [DEBUG] QueueSignManagerImpl has been unloaded. (took 0ms)
[26-04-22 10:56:41] [INFO] [DEBUG] Starting unload of QueueManager at 1776855401490
[26-04-22 10:56:41] [INFO] [DEBUG] QueueManager has been unloaded. (took 0ms)
[26-04-22 10:56:41] [INFO] [DEBUG] Starting unload of DuelManager at 1776855401490
[26-04-22 10:56:41] [INFO] [DEBUG] DuelManager has been unloaded. (took 0ms)
[26-04-22 10:56:41] [INFO] [DEBUG] Starting unload of InventoryManager at 1776855401490
[26-04-22 10:56:41] [INFO] [DEBUG] InventoryManager has been unloaded. (took 0ms)
[26-04-22 10:56:41] [INFO] [DEBUG] Starting unload of BettingManager at 1776855401490
[26-04-22 10:56:41] [INFO] [DEBUG] BettingManager has been unloaded. (took 0ms)
[26-04-22 10:56:41] [INFO] [DEBUG] Starting unload of SpectateManagerImpl at 1776855401490
[26-04-22 10:56:41] [INFO] [DEBUG] SpectateManagerImpl has been unloaded. (took 0ms)
[26-04-22 10:56:41] [INFO] [DEBUG] Starting unload of PlayerInfoManager at 1776855401490
[26-04-22 10:56:41] [INFO] [DEBUG] PlayerInfoManager has been unloaded. (took 10ms)
[26-04-22 10:56:41] [INFO] [DEBUG] Starting unload of SettingsManager at 1776855401500
[26-04-22 10:56:41] [INFO] [DEBUG] SettingsManager has been unloaded. (took 0ms)
[26-04-22 10:56:41] [INFO] [DEBUG] Starting unload of ArenaManagerImpl at 1776855401500
[26-04-22 10:56:41] [INFO] [DEBUG] ArenaManagerImpl has been unloaded. (took 0ms)
[26-04-22 10:56:41] [INFO] [DEBUG] Starting unload of KitManagerImpl at 1776855401500
[26-04-22 10:56:41] [INFO] [DEBUG] KitManagerImpl has been unloaded. (took 0ms)
[26-04-22 10:56:41] [INFO] [DEBUG] Starting unload of GuiListener at 1776855401500
[26-04-22 10:56:41] [INFO] [DEBUG] GuiListener has been unloaded. (took 0ms)
[26-04-22 10:56:41] [INFO] [DEBUG] Starting unload of UserManagerImpl at 1776855401500
[26-04-22 10:56:41] [INFO] [DEBUG] UserManagerImpl has been unloaded. (took 4ms)
[26-04-22 10:56:41] [INFO] [DEBUG] Starting unload of Lang at 1776855401504
[26-04-22 10:56:41] [INFO] [DEBUG] Lang has been unloaded. (took 0ms)
[26-04-22 10:56:41] [INFO] [DEBUG] Starting unload of Config at 1776855401504
[26-04-22 10:56:41] [INFO] [DEBUG] Config has been unloaded. (took 0ms)
[26-04-22 10:56:41] [INFO] [DEBUG] unload done (took 1139ms)
[26-04-22 10:56:41] [INFO] [DEBUG] Log#clearSources done (took 0ms)
[26-04-22 10:57:56] [INFO] [DEBUG] onEnable start -> 1776855476859

[26-04-22 10:57:56] [INFO] [DEBUG] Starting load of Config at 1776855476951
[26-04-22 10:57:57] [INFO] [DEBUG] Config has been loaded. (took 75ms)
[26-04-22 10:57:57] [INFO] [DEBUG] Starting load of Lang at 1776855477028
[26-04-22 10:57:57] [INFO] [DEBUG] Lang has been loaded. (took 50ms)
[26-04-22 10:57:57] [INFO] [DEBUG] Starting load of UserManagerImpl at 1776855477078
[26-04-22 10:57:57] [INFO] [DEBUG] UserManagerImpl has been loaded. (took 2ms)
[26-04-22 10:57:57] [INFO] [DEBUG] Starting load of GuiListener at 1776855477081
[26-04-22 10:57:57] [INFO] [DEBUG] GuiListener has been loaded. (took 0ms)
[26-04-22 10:57:57] [INFO] [DEBUG] Starting load of KitManagerImpl at 1776855477081
[26-04-22 10:57:57] [INFO] KitManagerImpl: Loaded 6 kit(s).
[26-04-22 10:57:57] [INFO] [DEBUG] KitManagerImpl has been loaded. (took 202ms)
[26-04-22 10:57:57] [INFO] [DEBUG] Starting load of ArenaManagerImpl at 1776855477283
[26-04-22 10:57:57] [INFO] ArenaManagerImpl: Loaded 5 arena(s).
[26-04-22 10:57:57] [INFO] [DEBUG] ArenaManagerImpl has been loaded. (took 19ms)
[26-04-22 10:57:57] [INFO] [DEBUG] Starting load of SettingsManager at 1776855477302
[26-04-22 10:57:57] [INFO] [DEBUG] SettingsManager has been loaded. (took 0ms)
[26-04-22 10:57:57] [INFO] [DEBUG] Starting load of PlayerInfoManager at 1776855477302
[26-04-22 10:57:57] [INFO] [DEBUG] PlayerInfoManager has been loaded. (took 14ms)
[26-04-22 10:57:57] [INFO] [DEBUG] Starting load of SpectateManagerImpl at 1776855477317
[26-04-22 10:57:57] [INFO] [DEBUG] SpectateManagerImpl has been loaded. (took 0ms)
[26-04-22 10:57:57] [INFO] [DEBUG] Starting load of BettingManager at 1776855477317
[26-04-22 10:57:57] [INFO] BettingManager: Vault was not found! Money betting feature will be automatically disabled.
[26-04-22 10:57:57] [INFO] [DEBUG] BettingManager has been loaded. (took 0ms)
[26-04-22 10:57:57] [INFO] [DEBUG] Starting load of InventoryManager at 1776855477317
[26-04-22 10:57:57] [INFO] [DEBUG] InventoryManager has been loaded. (took 0ms)
[26-04-22 10:57:57] [INFO] [DEBUG] Starting load of DuelManager at 1776855477317
[26-04-22 10:57:57] [INFO] [DEBUG] DuelManager has been loaded. (took 0ms)
[26-04-22 10:57:57] [INFO] [DEBUG] Starting load of QueueManager at 1776855477317
[26-04-22 10:57:57] [INFO] QueueManager: Loaded 0 queue(s).
[26-04-22 10:57:57] [INFO] [DEBUG] QueueManager has been loaded. (took 2ms)
[26-04-22 10:57:57] [INFO] [DEBUG] Starting load of QueueSignManagerImpl at 1776855477322
[26-04-22 10:57:57] [INFO] QueueSignManagerImpl: Loaded 0 queue sign(s).
[26-04-22 10:57:57] [INFO] [DEBUG] QueueSignManagerImpl has been loaded. (took 0ms)
[26-04-22 10:57:57] [INFO] [DEBUG] Starting load of RequestManager at 1776855477322
[26-04-22 10:57:57] [INFO] [DEBUG] RequestManager has been loaded. (took 0ms)
[26-04-22 10:57:57] [INFO] [DEBUG] Starting load of Teleport at 1776855477322
[26-04-22 10:57:57] [INFO] [DEBUG] Teleport has been loaded. (took 1ms)
[26-04-22 10:57:57] [INFO] [DEBUG] Starting load of ExtensionManager at 1776855477323
[26-04-22 10:57:57] [INFO] [DEBUG] ExtensionManager has been loaded. (took 0ms)
[26-04-22 10:57:57] [INFO] No updates were available. You are on the latest version!
[26-04-22 11:34:35] [INFO] [DEBUG] onDisable start -> 1776857675824

[26-04-22 11:34:35] [INFO] [DEBUG] Starting unload of ExtensionManager at 1776857675881
[26-04-22 11:34:35] [INFO] [DEBUG] ExtensionManager has been unloaded. (took 1ms)
[26-04-22 11:34:35] [INFO] [DEBUG] Starting unload of Teleport at 1776857675882
[26-04-22 11:34:35] [INFO] [DEBUG] Teleport has been unloaded. (took 0ms)
[26-04-22 11:34:35] [INFO] [DEBUG] Starting unload of RequestManager at 1776857675882
[26-04-22 11:34:35] [INFO] [DEBUG] RequestManager has been unloaded. (took 0ms)
[26-04-22 11:34:35] [INFO] [DEBUG] Starting unload of QueueSignManagerImpl at 1776857675882
[26-04-22 11:34:35] [INFO] [DEBUG] QueueSignManagerImpl has been unloaded. (took 1ms)
[26-04-22 11:34:35] [INFO] [DEBUG] Starting unload of QueueManager at 1776857675883
[26-04-22 11:34:35] [INFO] [DEBUG] QueueManager has been unloaded. (took 0ms)
[26-04-22 11:34:35] [INFO] [DEBUG] Starting unload of DuelManager at 1776857675883
[26-04-22 11:34:35] [INFO] [DEBUG] DuelManager has been unloaded. (took 0ms)
[26-04-22 11:34:35] [INFO] [DEBUG] Starting unload of InventoryManager at 1776857675883
[26-04-22 11:34:35] [INFO] [DEBUG] InventoryManager has been unloaded. (took 0ms)
[26-04-22 11:34:35] [INFO] [DEBUG] Starting unload of BettingManager at 1776857675884
[26-04-22 11:34:35] [INFO] [DEBUG] BettingManager has been unloaded. (took 0ms)
[26-04-22 11:34:35] [INFO] [DEBUG] Starting unload of SpectateManagerImpl at 1776857675884
[26-04-22 11:34:35] [INFO] [DEBUG] SpectateManagerImpl has been unloaded. (took 0ms)
[26-04-22 11:34:35] [INFO] [DEBUG] Starting unload of PlayerInfoManager at 1776857675884
[26-04-22 11:34:35] [INFO] [DEBUG] PlayerInfoManager has been unloaded. (took 10ms)
[26-04-22 11:34:35] [INFO] [DEBUG] Starting unload of SettingsManager at 1776857675894
[26-04-22 11:34:35] [INFO] [DEBUG] SettingsManager has been unloaded. (took 2ms)
[26-04-22 11:34:35] [INFO] [DEBUG] Starting unload of ArenaManagerImpl at 1776857675896
[26-04-22 11:34:35] [INFO] [DEBUG] ArenaManagerImpl has been unloaded. (took 0ms)
[26-04-22 11:34:35] [INFO] [DEBUG] Starting unload of KitManagerImpl at 1776857675898
[26-04-22 11:34:35] [INFO] [DEBUG] KitManagerImpl has been unloaded. (took 0ms)
[26-04-22 11:34:35] [INFO] [DEBUG] Starting unload of GuiListener at 1776857675898
[26-04-22 11:34:35] [INFO] [DEBUG] GuiListener has been unloaded. (took 1ms)
[26-04-22 11:34:35] [INFO] [DEBUG] Starting unload of UserManagerImpl at 1776857675899
[26-04-22 11:34:35] [INFO] [DEBUG] UserManagerImpl has been unloaded. (took 30ms)
[26-04-22 11:34:35] [INFO] [DEBUG] Starting unload of Lang at 1776857675929
[26-04-22 11:34:35] [INFO] [DEBUG] Lang has been unloaded. (took 0ms)
[26-04-22 11:34:35] [INFO] [DEBUG] Starting unload of Config at 1776857675929
[26-04-22 11:34:35] [INFO] [DEBUG] Config has been unloaded. (took 0ms)
[26-04-22 11:34:35] [INFO] [DEBUG] unload done (took 105ms)
[26-04-22 11:34:35] [INFO] [DEBUG] Log#clearSources done (took 0ms)
[26-04-22 11:35:17] [INFO] [DEBUG] onEnable start -> 1776857717709

[26-04-22 11:35:17] [INFO] [DEBUG] Starting load of Config at 1776857717769
[26-04-22 11:35:17] [INFO] [DEBUG] Config has been loaded. (took 24ms)
[26-04-22 11:35:17] [INFO] [DEBUG] Starting load of Lang at 1776857717793
[26-04-22 11:35:17] [INFO] [DEBUG] Lang has been loaded. (took 47ms)
[26-04-22 11:35:17] [INFO] [DEBUG] Starting load of UserManagerImpl at 1776857717840
[26-04-22 11:35:17] [INFO] [DEBUG] UserManagerImpl has been loaded. (took 0ms)
[26-04-22 11:35:17] [INFO] [DEBUG] Starting load of GuiListener at 1776857717845
[26-04-22 11:35:17] [INFO] [DEBUG] GuiListener has been loaded. (took 0ms)
[26-04-22 11:35:17] [INFO] [DEBUG] Starting load of KitManagerImpl at 1776857717845
[26-04-22 11:35:17] [INFO] KitManagerImpl: Loaded 6 kit(s).
[26-04-22 11:35:17] [INFO] [DEBUG] KitManagerImpl has been loaded. (took 139ms)
[26-04-22 11:35:17] [INFO] [DEBUG] Starting load of ArenaManagerImpl at 1776857717985
[26-04-22 11:35:17] [INFO] ArenaManagerImpl: Loaded 5 arena(s).
[26-04-22 11:35:17] [INFO] [DEBUG] ArenaManagerImpl has been loaded. (took 13ms)
[26-04-22 11:35:17] [INFO] [DEBUG] Starting load of SettingsManager at 1776857717998
[26-04-22 11:35:17] [INFO] [DEBUG] SettingsManager has been loaded. (took 0ms)
[26-04-22 11:35:17] [INFO] [DEBUG] Starting load of PlayerInfoManager at 1776857717999
[26-04-22 11:35:18] [INFO] [DEBUG] PlayerInfoManager has been loaded. (took 11ms)
[26-04-22 11:35:18] [INFO] [DEBUG] Starting load of SpectateManagerImpl at 1776857718010
[26-04-22 11:35:18] [INFO] [DEBUG] SpectateManagerImpl has been loaded. (took 0ms)
[26-04-22 11:35:18] [INFO] [DEBUG] Starting load of BettingManager at 1776857718010
[26-04-22 11:35:18] [INFO] BettingManager: Vault was not found! Money betting feature will be automatically disabled.
[26-04-22 11:35:18] [INFO] [DEBUG] BettingManager has been loaded. (took 1ms)
[26-04-22 11:35:18] [INFO] [DEBUG] Starting load of InventoryManager at 1776857718011
[26-04-22 11:35:18] [INFO] [DEBUG] InventoryManager has been loaded. (took 0ms)
[26-04-22 11:35:18] [INFO] [DEBUG] Starting load of DuelManager at 1776857718011
[26-04-22 11:35:18] [INFO] [DEBUG] DuelManager has been loaded. (took 0ms)
[26-04-22 11:35:18] [INFO] [DEBUG] Starting load of QueueManager at 1776857718011
[26-04-22 11:35:18] [INFO] QueueManager: Loaded 0 queue(s).
[26-04-22 11:35:18] [INFO] [DEBUG] QueueManager has been loaded. (took 1ms)
[26-04-22 11:35:18] [INFO] [DEBUG] Starting load of QueueSignManagerImpl at 1776857718012
[26-04-22 11:35:18] [INFO] QueueSignManagerImpl: Loaded 0 queue sign(s).
[26-04-22 11:35:18] [INFO] [DEBUG] QueueSignManagerImpl has been loaded. (took 0ms)
[26-04-22 11:35:18] [INFO] [DEBUG] Starting load of RequestManager at 1776857718013
[26-04-22 11:35:18] [INFO] [DEBUG] RequestManager has been loaded. (took 0ms)
[26-04-22 11:35:18] [INFO] [DEBUG] Starting load of Teleport at 1776857718013
[26-04-22 11:35:18] [INFO] [DEBUG] Teleport has been loaded. (took 0ms)
[26-04-22 11:35:18] [INFO] [DEBUG] Starting load of ExtensionManager at 1776857718013
[26-04-22 11:35:18] [INFO] [DEBUG] ExtensionManager has been loaded. (took 3ms)
[26-04-22 11:35:18] [INFO] No updates were available. You are on the latest version!
[26-04-22 11:49:58] [INFO] [DEBUG] onDisable start -> 1776858598094

[26-04-22 11:49:58] [INFO] [DEBUG] Starting unload of ExtensionManager at 1776858598115
[26-04-22 11:49:58] [INFO] [DEBUG] ExtensionManager has been unloaded. (took 1ms)
[26-04-22 11:49:58] [INFO] [DEBUG] Starting unload of Teleport at 1776858598116
[26-04-22 11:49:58] [INFO] [DEBUG] Teleport has been unloaded. (took 0ms)
[26-04-22 11:49:58] [INFO] [DEBUG] Starting unload of RequestManager at 1776858598116
[26-04-22 11:49:58] [INFO] [DEBUG] RequestManager has been unloaded. (took 0ms)
[26-04-22 11:49:58] [INFO] [DEBUG] Starting unload of QueueSignManagerImpl at 1776858598116
[26-04-22 11:49:58] [INFO] [DEBUG] QueueSignManagerImpl has been unloaded. (took 0ms)
[26-04-22 11:49:58] [INFO] [DEBUG] Starting unload of QueueManager at 1776858598117
[26-04-22 11:49:58] [INFO] [DEBUG] QueueManager has been unloaded. (took 1ms)
[26-04-22 11:49:58] [INFO] [DEBUG] Starting unload of DuelManager at 1776858598118
[26-04-22 11:49:58] [INFO] [DEBUG] DuelManager has been unloaded. (took 0ms)
[26-04-22 11:49:58] [INFO] [DEBUG] Starting unload of InventoryManager at 1776858598118
[26-04-22 11:49:58] [INFO] [DEBUG] InventoryManager has been unloaded. (took 0ms)
[26-04-22 11:49:58] [INFO] [DEBUG] Starting unload of BettingManager at 1776858598118
[26-04-22 11:49:58] [INFO] [DEBUG] BettingManager has been unloaded. (took 0ms)
[26-04-22 11:49:58] [INFO] [DEBUG] Starting unload of SpectateManagerImpl at 1776858598119
[26-04-22 11:49:58] [INFO] [DEBUG] SpectateManagerImpl has been unloaded. (took 0ms)
[26-04-22 11:49:58] [INFO] [DEBUG] Starting unload of PlayerInfoManager at 1776858598119
[26-04-22 11:49:58] [INFO] [DEBUG] PlayerInfoManager has been unloaded. (took 13ms)
[26-04-22 11:49:58] [INFO] [DEBUG] Starting unload of SettingsManager at 1776858598134
[26-04-22 11:49:58] [INFO] [DEBUG] SettingsManager has been unloaded. (took 1ms)
[26-04-22 11:49:58] [INFO] [DEBUG] Starting unload of ArenaManagerImpl at 1776858598135
[26-04-22 11:49:58] [INFO] [DEBUG] ArenaManagerImpl has been unloaded. (took 0ms)
[26-04-22 11:49:58] [INFO] [DEBUG] Starting unload of KitManagerImpl at 1776858598135
[26-04-22 11:49:58] [INFO] [DEBUG] KitManagerImpl has been unloaded. (took 0ms)
[26-04-22 11:49:58] [INFO] [DEBUG] Starting unload of GuiListener at 1776858598135
[26-04-22 11:49:58] [INFO] [DEBUG] GuiListener has been unloaded. (took 1ms)
[26-04-22 11:49:58] [INFO] [DEBUG] Starting unload of UserManagerImpl at 1776858598136
[26-04-22 11:49:58] [INFO] [DEBUG] UserManagerImpl has been unloaded. (took 0ms)
[26-04-22 11:49:58] [INFO] [DEBUG] Starting unload of Lang at 1776858598136
[26-04-22 11:49:58] [INFO] [DEBUG] Lang has been unloaded. (took 0ms)
[26-04-22 11:49:58] [INFO] [DEBUG] Starting unload of Config at 1776858598137
[26-04-22 11:49:58] [INFO] [DEBUG] Config has been unloaded. (took 0ms)
[26-04-22 11:49:58] [INFO] [DEBUG] unload done (took 43ms)
[26-04-22 11:49:58] [INFO] [DEBUG] Log#clearSources done (took 0ms)
[26-04-22 12:01:34] [INFO] [DEBUG] onEnable start -> 1776859294927

[26-04-22 12:01:34] [INFO] [DEBUG] Starting load of Config at 1776859294985
[26-04-22 12:01:35] [INFO] [DEBUG] Config has been loaded. (took 24ms)
[26-04-22 12:01:35] [INFO] [DEBUG] Starting load of Lang at 1776859295009
[26-04-22 12:01:35] [INFO] [DEBUG] Lang has been loaded. (took 16ms)
[26-04-22 12:01:35] [INFO] [DEBUG] Starting load of UserManagerImpl at 1776859295026
[26-04-22 12:01:35] [INFO] [DEBUG] UserManagerImpl has been loaded. (took 0ms)
[26-04-22 12:01:35] [INFO] [DEBUG] Starting load of GuiListener at 1776859295026
[26-04-22 12:01:35] [INFO] [DEBUG] GuiListener has been loaded. (took 0ms)
[26-04-22 12:01:35] [INFO] [DEBUG] Starting load of KitManagerImpl at 1776859295026
[26-04-22 12:01:35] [INFO] KitManagerImpl: Loaded 7 kit(s).
[26-04-22 12:01:35] [INFO] [DEBUG] KitManagerImpl has been loaded. (took 147ms)
[26-04-22 12:01:35] [INFO] [DEBUG] Starting load of ArenaManagerImpl at 1776859295175
[26-04-22 12:01:35] [INFO] ArenaManagerImpl: Loaded 5 arena(s).
[26-04-22 12:01:35] [INFO] [DEBUG] ArenaManagerImpl has been loaded. (took 24ms)
[26-04-22 12:01:35] [INFO] [DEBUG] Starting load of SettingsManager at 1776859295199
[26-04-22 12:01:35] [INFO] [DEBUG] SettingsManager has been loaded. (took 0ms)
[26-04-22 12:01:35] [INFO] [DEBUG] Starting load of PlayerInfoManager at 1776859295199
[26-04-22 12:01:35] [INFO] [DEBUG] PlayerInfoManager has been loaded. (took 22ms)
[26-04-22 12:01:35] [INFO] [DEBUG] Starting load of SpectateManagerImpl at 1776859295221
[26-04-22 12:01:35] [INFO] [DEBUG] SpectateManagerImpl has been loaded. (took 0ms)
[26-04-22 12:01:35] [INFO] [DEBUG] Starting load of BettingManager at 1776859295221
[26-04-22 12:01:35] [INFO] BettingManager: Vault was not found! Money betting feature will be automatically disabled.
[26-04-22 12:01:35] [INFO] [DEBUG] BettingManager has been loaded. (took 0ms)
[26-04-22 12:01:35] [INFO] [DEBUG] Starting load of InventoryManager at 1776859295221
[26-04-22 12:01:35] [INFO] [DEBUG] InventoryManager has been loaded. (took 1ms)
[26-04-22 12:01:35] [INFO] [DEBUG] Starting load of DuelManager at 1776859295222
[26-04-22 12:01:35] [INFO] [DEBUG] DuelManager has been loaded. (took 0ms)
[26-04-22 12:01:35] [INFO] [DEBUG] Starting load of QueueManager at 1776859295222
[26-04-22 12:01:35] [INFO] QueueManager: Loaded 0 queue(s).
[26-04-22 12:01:35] [INFO] [DEBUG] QueueManager has been loaded. (took 3ms)
[26-04-22 12:01:35] [INFO] [DEBUG] Starting load of QueueSignManagerImpl at 1776859295225
[26-04-22 12:01:35] [INFO] QueueSignManagerImpl: Loaded 0 queue sign(s).
[26-04-22 12:01:35] [INFO] [DEBUG] QueueSignManagerImpl has been loaded. (took 1ms)
[26-04-22 12:01:35] [INFO] [DEBUG] Starting load of RequestManager at 1776859295226
[26-04-22 12:01:35] [INFO] [DEBUG] RequestManager has been loaded. (took 0ms)
[26-04-22 12:01:35] [INFO] [DEBUG] Starting load of Teleport at 1776859295226
[26-04-22 12:01:35] [INFO] [DEBUG] Teleport has been loaded. (took 0ms)
[26-04-22 12:01:35] [INFO] [DEBUG] Starting load of ExtensionManager at 1776859295226
[26-04-22 12:01:35] [INFO] [DEBUG] ExtensionManager has been loaded. (took 2ms)
[26-04-22 12:01:35] [INFO] No updates were available. You are on the latest version!
[26-04-22 12:49:19] [INFO] [DEBUG] onDisable start -> 1776862159144

[26-04-22 12:49:19] [INFO] [DEBUG] Starting unload of ExtensionManager at 1776862159266
[26-04-22 12:49:19] [INFO] [DEBUG] ExtensionManager has been unloaded. (took 0ms)
[26-04-22 12:49:19] [INFO] [DEBUG] Starting unload of Teleport at 1776862159266
[26-04-22 12:49:19] [INFO] [DEBUG] Teleport has been unloaded. (took 0ms)
[26-04-22 12:49:19] [INFO] [DEBUG] Starting unload of RequestManager at 1776862159266
[26-04-22 12:49:19] [INFO] [DEBUG] RequestManager has been unloaded. (took 0ms)
[26-04-22 12:49:19] [INFO] [DEBUG] Starting unload of QueueSignManagerImpl at 1776862159266
[26-04-22 12:49:19] [INFO] [DEBUG] QueueSignManagerImpl has been unloaded. (took 0ms)
[26-04-22 12:49:19] [INFO] [DEBUG] Starting unload of QueueManager at 1776862159267
[26-04-22 12:49:19] [INFO] [DEBUG] QueueManager has been unloaded. (took 0ms)
[26-04-22 12:49:19] [INFO] [DEBUG] Starting unload of DuelManager at 1776862159267
[26-04-22 12:49:19] [INFO] [DEBUG] DuelManager has been unloaded. (took 0ms)
[26-04-22 12:49:19] [INFO] [DEBUG] Starting unload of InventoryManager at 1776862159267
[26-04-22 12:49:19] [INFO] [DEBUG] InventoryManager has been unloaded. (took 0ms)
[26-04-22 12:49:19] [INFO] [DEBUG] Starting unload of BettingManager at 1776862159267
[26-04-22 12:49:19] [INFO] [DEBUG] BettingManager has been unloaded. (took 0ms)
[26-04-22 12:49:19] [INFO] [DEBUG] Starting unload of SpectateManagerImpl at 1776862159267
[26-04-22 12:49:19] [INFO] [DEBUG] SpectateManagerImpl has been unloaded. (took 0ms)
[26-04-22 12:49:19] [INFO] [DEBUG] Starting unload of PlayerInfoManager at 1776862159267
[26-04-22 12:49:19] [INFO] [DEBUG] PlayerInfoManager has been unloaded. (took 9ms)
[26-04-22 12:49:19] [INFO] [DEBUG] Starting unload of SettingsManager at 1776862159276
[26-04-22 12:49:19] [INFO] [DEBUG] SettingsManager has been unloaded. (took 1ms)
[26-04-22 12:49:19] [INFO] [DEBUG] Starting unload of ArenaManagerImpl at 1776862159277
[26-04-22 12:49:19] [INFO] [DEBUG] ArenaManagerImpl has been unloaded. (took 0ms)
[26-04-22 12:49:19] [INFO] [DEBUG] Starting unload of KitManagerImpl at 1776862159277
[26-04-22 12:49:19] [INFO] [DEBUG] KitManagerImpl has been unloaded. (took 0ms)
[26-04-22 12:49:19] [INFO] [DEBUG] Starting unload of GuiListener at 1776862159277
[26-04-22 12:49:19] [INFO] [DEBUG] GuiListener has been unloaded. (took 0ms)
[26-04-22 12:49:19] [INFO] [DEBUG] Starting unload of UserManagerImpl at 1776862159277
[26-04-22 12:49:19] [INFO] [DEBUG] UserManagerImpl has been unloaded. (took 0ms)
[26-04-22 12:49:19] [INFO] [DEBUG] Starting unload of Lang at 1776862159277
[26-04-22 12:49:19] [INFO] [DEBUG] Lang has been unloaded. (took 0ms)
[26-04-22 12:49:19] [INFO] [DEBUG] Starting unload of Config at 1776862159277
[26-04-22 12:49:19] [INFO] [DEBUG] Config has been unloaded. (took 0ms)
[26-04-22 12:49:19] [INFO] [DEBUG] unload done (took 133ms)
[26-04-22 12:49:19] [INFO] [DEBUG] Log#clearSources done (took 0ms)
[26-04-22 12:50:41] [INFO] [DEBUG] onEnable start -> 1776862241334

[26-04-22 12:50:41] [INFO] [DEBUG] Starting load of Config at 1776862241397
[26-04-22 12:50:41] [INFO] [DEBUG] Config has been loaded. (took 11ms)
[26-04-22 12:50:41] [INFO] [DEBUG] Starting load of Lang at 1776862241409
[26-04-22 12:50:41] [INFO] [DEBUG] Lang has been loaded. (took 24ms)
[26-04-22 12:50:41] [INFO] [DEBUG] Starting load of UserManagerImpl at 1776862241435
[26-04-22 12:50:41] [INFO] [DEBUG] UserManagerImpl has been loaded. (took 1ms)
[26-04-22 12:50:41] [INFO] [DEBUG] Starting load of GuiListener at 1776862241436
[26-04-22 12:50:41] [INFO] [DEBUG] GuiListener has been loaded. (took 0ms)
[26-04-22 12:50:41] [INFO] [DEBUG] Starting load of KitManagerImpl at 1776862241436
[26-04-22 12:50:41] [INFO] KitManagerImpl: Loaded 7 kit(s).
[26-04-22 12:50:41] [INFO] [DEBUG] KitManagerImpl has been loaded. (took 201ms)
[26-04-22 12:50:41] [INFO] [DEBUG] Starting load of ArenaManagerImpl at 1776862241639
[26-04-22 12:50:41] [INFO] ArenaManagerImpl: Loaded 6 arena(s).
[26-04-22 12:50:41] [INFO] [DEBUG] ArenaManagerImpl has been loaded. (took 33ms)
[26-04-22 12:50:41] [INFO] [DEBUG] Starting load of SettingsManager at 1776862241672
[26-04-22 12:50:41] [INFO] [DEBUG] SettingsManager has been loaded. (took 0ms)
[26-04-22 12:50:41] [INFO] [DEBUG] Starting load of PlayerInfoManager at 1776862241674
[26-04-22 12:50:41] [INFO] [DEBUG] PlayerInfoManager has been loaded. (took 34ms)
[26-04-22 12:50:41] [INFO] [DEBUG] Starting load of SpectateManagerImpl at 1776862241708
[26-04-22 12:50:41] [INFO] [DEBUG] SpectateManagerImpl has been loaded. (took 0ms)
[26-04-22 12:50:41] [INFO] [DEBUG] Starting load of BettingManager at 1776862241708
[26-04-22 12:50:41] [INFO] BettingManager: Vault was not found! Money betting feature will be automatically disabled.
[26-04-22 12:50:41] [INFO] [DEBUG] BettingManager has been loaded. (took 6ms)
[26-04-22 12:50:41] [INFO] [DEBUG] Starting load of InventoryManager at 1776862241714
[26-04-22 12:50:41] [INFO] [DEBUG] InventoryManager has been loaded. (took 1ms)
[26-04-22 12:50:41] [INFO] [DEBUG] Starting load of DuelManager at 1776862241715
[26-04-22 12:50:41] [INFO] [DEBUG] DuelManager has been loaded. (took 0ms)
[26-04-22 12:50:41] [INFO] [DEBUG] Starting load of QueueManager at 1776862241715
[26-04-22 12:50:41] [INFO] QueueManager: Loaded 0 queue(s).
[26-04-22 12:50:41] [INFO] [DEBUG] QueueManager has been loaded. (took 2ms)
[26-04-22 12:50:41] [INFO] [DEBUG] Starting load of QueueSignManagerImpl at 1776862241719
[26-04-22 12:50:41] [INFO] QueueSignManagerImpl: Loaded 0 queue sign(s).
[26-04-22 12:50:41] [INFO] [DEBUG] QueueSignManagerImpl has been loaded. (took 1ms)
[26-04-22 12:50:41] [INFO] [DEBUG] Starting load of RequestManager at 1776862241721
[26-04-22 12:50:41] [INFO] [DEBUG] RequestManager has been loaded. (took 0ms)
[26-04-22 12:50:41] [INFO] [DEBUG] Starting load of Teleport at 1776862241721
[26-04-22 12:50:41] [INFO] [DEBUG] Teleport has been loaded. (took 1ms)
[26-04-22 12:50:41] [INFO] [DEBUG] Starting load of ExtensionManager at 1776862241722
[26-04-22 12:50:41] [INFO] [DEBUG] ExtensionManager has been loaded. (took 1ms)
[26-04-22 12:50:42] [INFO] No updates were available. You are on the latest version!
[26-04-22 13:04:53] [INFO] [DEBUG] onDisable start -> 1776863093507

[26-04-22 13:04:53] [INFO] [DEBUG] Starting unload of ExtensionManager at 1776863093516
[26-04-22 13:04:53] [INFO] [DEBUG] ExtensionManager has been unloaded. (took 1ms)
[26-04-22 13:04:53] [INFO] [DEBUG] Starting unload of Teleport at 1776863093517
[26-04-22 13:04:53] [INFO] [DEBUG] Teleport has been unloaded. (took 0ms)
[26-04-22 13:04:53] [INFO] [DEBUG] Starting unload of RequestManager at 1776863093517
[26-04-22 13:04:53] [INFO] [DEBUG] RequestManager has been unloaded. (took 0ms)
[26-04-22 13:04:53] [INFO] [DEBUG] Starting unload of QueueSignManagerImpl at 1776863093517
[26-04-22 13:04:53] [INFO] [DEBUG] QueueSignManagerImpl has been unloaded. (took 0ms)
[26-04-22 13:04:53] [INFO] [DEBUG] Starting unload of QueueManager at 1776863093517
[26-04-22 13:04:53] [INFO] [DEBUG] QueueManager has been unloaded. (took 0ms)
[26-04-22 13:04:53] [INFO] [DEBUG] Starting unload of DuelManager at 1776863093517
[26-04-22 13:04:53] [INFO] [DEBUG] DuelManager has been unloaded. (took 0ms)
[26-04-22 13:04:53] [INFO] [DEBUG] Starting unload of InventoryManager at 1776863093517
[26-04-22 13:04:53] [INFO] [DEBUG] InventoryManager has been unloaded. (took 0ms)
[26-04-22 13:04:53] [INFO] [DEBUG] Starting unload of BettingManager at 1776863093517
[26-04-22 13:04:53] [INFO] [DEBUG] BettingManager has been unloaded. (took 0ms)
[26-04-22 13:04:53] [INFO] [DEBUG] Starting unload of SpectateManagerImpl at 1776863093518
[26-04-22 13:04:53] [INFO] [DEBUG] SpectateManagerImpl has been unloaded. (took 0ms)
[26-04-22 13:04:53] [INFO] [DEBUG] Starting unload of PlayerInfoManager at 1776863093518
[26-04-22 13:04:53] [INFO] [DEBUG] PlayerInfoManager has been unloaded. (took 12ms)
[26-04-22 13:04:53] [INFO] [DEBUG] Starting unload of SettingsManager at 1776863093530
[26-04-22 13:04:53] [INFO] [DEBUG] SettingsManager has been unloaded. (took 0ms)
[26-04-22 13:04:53] [INFO] [DEBUG] Starting unload of ArenaManagerImpl at 1776863093530
[26-04-22 13:04:53] [INFO] [DEBUG] ArenaManagerImpl has been unloaded. (took 1ms)
[26-04-22 13:04:53] [INFO] [DEBUG] Starting unload of KitManagerImpl at 1776863093531
[26-04-22 13:04:53] [INFO] [DEBUG] KitManagerImpl has been unloaded. (took 0ms)
[26-04-22 13:04:53] [INFO] [DEBUG] Starting unload of GuiListener at 1776863093531
[26-04-22 13:04:53] [INFO] [DEBUG] GuiListener has been unloaded. (took 1ms)
[26-04-22 13:04:53] [INFO] [DEBUG] Starting unload of UserManagerImpl at 1776863093532
[26-04-22 13:04:53] [INFO] [DEBUG] UserManagerImpl has been unloaded. (took 0ms)
[26-04-22 13:04:53] [INFO] [DEBUG] Starting unload of Lang at 1776863093532
[26-04-22 13:04:53] [INFO] [DEBUG] Lang has been unloaded. (took 0ms)
[26-04-22 13:04:53] [INFO] [DEBUG] Starting unload of Config at 1776863093532
[26-04-22 13:04:53] [INFO] [DEBUG] Config has been unloaded. (took 1ms)
[26-04-22 13:04:53] [INFO] [DEBUG] unload done (took 26ms)
[26-04-22 13:04:53] [INFO] [DEBUG] Log#clearSources done (took 0ms)
