[26-05-13 10:27:39] [INFO] [DEBUG] onEnable start -> 1778668059328

[26-05-13 10:27:39] [INFO] [DEBUG] Starting load of Config at 1778668059396
[26-05-13 10:27:39] [INFO] [DEBUG] Config has been loaded. (took 38ms)
[26-05-13 10:27:39] [INFO] [DEBUG] Starting load of Lang at 1778668059434
[26-05-13 10:27:39] [INFO] [DEBUG] Lang has been loaded. (took 30ms)
[26-05-13 10:27:39] [INFO] [DEBUG] Starting load of UserManagerImpl at 1778668059464
[26-05-13 10:27:39] [INFO] [DEBUG] UserManagerImpl has been loaded. (took 0ms)
[26-05-13 10:27:39] [INFO] [DEBUG] Starting load of GuiListener at 1778668059464
[26-05-13 10:27:39] [INFO] [DEBUG] GuiListener has been loaded. (took 0ms)
[26-05-13 10:27:39] [INFO] [DEBUG] Starting load of KitManagerImpl at 1778668059464
[26-05-13 10:27:39] [INFO] KitManagerImpl: Loaded 7 kit(s).
[26-05-13 10:27:39] [INFO] [DEBUG] KitManagerImpl has been loaded. (took 127ms)
[26-05-13 10:27:39] [INFO] [DEBUG] Starting load of ArenaManagerImpl at 1778668059592
[26-05-13 10:27:39] [INFO] ArenaManagerImpl: Loaded 7 arena(s).
[26-05-13 10:27:39] [INFO] [DEBUG] ArenaManagerImpl has been loaded. (took 38ms)
[26-05-13 10:27:39] [INFO] [DEBUG] Starting load of SettingsManager at 1778668059631
[26-05-13 10:27:39] [INFO] [DEBUG] SettingsManager has been loaded. (took 0ms)
[26-05-13 10:27:39] [INFO] [DEBUG] Starting load of PlayerInfoManager at 1778668059631
[26-05-13 10:27:39] [INFO] [DEBUG] PlayerInfoManager has been loaded. (took 50ms)
[26-05-13 10:27:39] [INFO] [DEBUG] Starting load of SpectateManagerImpl at 1778668059681
[26-05-13 10:27:39] [INFO] [DEBUG] SpectateManagerImpl has been loaded. (took 0ms)
[26-05-13 10:27:39] [INFO] [DEBUG] Starting load of BettingManager at 1778668059681
[26-05-13 10:27:39] [INFO] BettingManager: Vault was not found! Money betting feature will be automatically disabled.
[26-05-13 10:27:39] [INFO] [DEBUG] BettingManager has been loaded. (took 1ms)
[26-05-13 10:27:39] [INFO] [DEBUG] Starting load of InventoryManager at 1778668059682
[26-05-13 10:27:39] [INFO] [DEBUG] InventoryManager has been loaded. (took 1ms)
[26-05-13 10:27:39] [INFO] [DEBUG] Starting load of DuelManager at 1778668059683
[26-05-13 10:27:39] [INFO] [DEBUG] DuelManager has been loaded. (took 0ms)
[26-05-13 10:27:39] [INFO] [DEBUG] Starting load of QueueManager at 1778668059683
[26-05-13 10:27:39] [INFO] QueueManager: Loaded 0 queue(s).
[26-05-13 10:27:39] [INFO] [DEBUG] QueueManager has been loaded. (took 1ms)
[26-05-13 10:27:39] [INFO] [DEBUG] Starting load of QueueSignManagerImpl at 1778668059684
[26-05-13 10:27:39] [INFO] QueueSignManagerImpl: Loaded 0 queue sign(s).
[26-05-13 10:27:39] [INFO] [DEBUG] QueueSignManagerImpl has been loaded. (took 0ms)
[26-05-13 10:27:39] [INFO] [DEBUG] Starting load of RequestManager at 1778668059684
[26-05-13 10:27:39] [INFO] [DEBUG] RequestManager has been loaded. (took 0ms)
[26-05-13 10:27:39] [INFO] [DEBUG] Starting load of Teleport at 1778668059684
[26-05-13 10:27:39] [INFO] [DEBUG] Teleport has been loaded. (took 1ms)
[26-05-13 10:27:39] [INFO] [DEBUG] Starting load of ExtensionManager at 1778668059685
[26-05-13 10:27:39] [INFO] [DEBUG] ExtensionManager has been loaded. (took 0ms)
[26-05-13 10:27:39] [INFO] No updates were available. You are on the latest version!
[26-05-13 11:23:23] [INFO] [DEBUG] onDisable start -> 1778671403987

[26-05-13 11:23:24] [INFO] [DEBUG] Starting unload of ExtensionManager at 1778671404122
[26-05-13 11:23:24] [INFO] [DEBUG] ExtensionManager has been unloaded. (took 1ms)
[26-05-13 11:23:24] [INFO] [DEBUG] Starting unload of Teleport at 1778671404123
[26-05-13 11:23:24] [INFO] [DEBUG] Teleport has been unloaded. (took 0ms)
[26-05-13 11:23:24] [INFO] [DEBUG] Starting unload of RequestManager at 1778671404123
[26-05-13 11:23:24] [INFO] [DEBUG] RequestManager has been unloaded. (took 0ms)
[26-05-13 11:23:24] [INFO] [DEBUG] Starting unload of QueueSignManagerImpl at 1778671404123
[26-05-13 11:23:24] [INFO] [DEBUG] QueueSignManagerImpl has been unloaded. (took 0ms)
[26-05-13 11:23:24] [INFO] [DEBUG] Starting unload of QueueManager at 1778671404123
[26-05-13 11:23:24] [INFO] [DEBUG] QueueManager has been unloaded. (took 1ms)
[26-05-13 11:23:24] [INFO] [DEBUG] Starting unload of DuelManager at 1778671404124
[26-05-13 11:23:24] [INFO] [DEBUG] DuelManager has been unloaded. (took 0ms)
[26-05-13 11:23:24] [INFO] [DEBUG] Starting unload of InventoryManager at 1778671404124
[26-05-13 11:23:24] [INFO] [DEBUG] InventoryManager has been unloaded. (took 0ms)
[26-05-13 11:23:24] [INFO] [DEBUG] Starting unload of BettingManager at 1778671404124
[26-05-13 11:23:24] [INFO] [DEBUG] BettingManager has been unloaded. (took 0ms)
[26-05-13 11:23:24] [INFO] [DEBUG] Starting unload of SpectateManagerImpl at 1778671404124
[26-05-13 11:23:24] [INFO] [DEBUG] SpectateManagerImpl has been unloaded. (took 0ms)
[26-05-13 11:23:24] [INFO] [DEBUG] Starting unload of PlayerInfoManager at 1778671404124
[26-05-13 11:23:24] [INFO] [DEBUG] PlayerInfoManager has been unloaded. (took 158ms)
[26-05-13 11:23:24] [INFO] [DEBUG] Starting unload of SettingsManager at 1778671404284
[26-05-13 11:23:24] [INFO] [DEBUG] SettingsManager has been unloaded. (took 1ms)
[26-05-13 11:23:24] [INFO] [DEBUG] Starting unload of ArenaManagerImpl at 1778671404285
[26-05-13 11:23:24] [INFO] [DEBUG] ArenaManagerImpl has been unloaded. (took 2ms)
[26-05-13 11:23:24] [INFO] [DEBUG] Starting unload of KitManagerImpl at 1778671404288
[26-05-13 11:23:24] [INFO] [DEBUG] KitManagerImpl has been unloaded. (took 0ms)
[26-05-13 11:23:24] [INFO] [DEBUG] Starting unload of GuiListener at 1778671404289
[26-05-13 11:23:24] [INFO] [DEBUG] GuiListener has been unloaded. (took 2ms)
[26-05-13 11:23:24] [INFO] [DEBUG] Starting unload of UserManagerImpl at 1778671404294
[26-05-13 11:23:24] [INFO] [DEBUG] UserManagerImpl has been unloaded. (took 30ms)
[26-05-13 11:23:24] [INFO] [DEBUG] Starting unload of Lang at 1778671404324
[26-05-13 11:23:24] [INFO] [DEBUG] Lang has been unloaded. (took 0ms)
[26-05-13 11:23:24] [INFO] [DEBUG] Starting unload of Config at 1778671404324
[26-05-13 11:23:24] [INFO] [DEBUG] Config has been unloaded. (took 0ms)
[26-05-13 11:23:24] [INFO] [DEBUG] unload done (took 337ms)
[26-05-13 11:23:24] [INFO] [DEBUG] Log#clearSources done (took 0ms)
