[26-04-26 00:51:31] [INFO] [DEBUG] onEnable start -> 1777164691525

[26-04-26 00:51:31] [INFO] [DEBUG] Starting load of Config at 1777164691714
[26-04-26 00:51:31] [INFO] [DEBUG] Config has been loaded. (took 50ms)
[26-04-26 00:51:31] [INFO] [DEBUG] Starting load of Lang at 1777164691764
[26-04-26 00:51:31] [INFO] [DEBUG] Lang has been loaded. (took 84ms)
[26-04-26 00:51:31] [INFO] [DEBUG] Starting load of UserManagerImpl at 1777164691848
[26-04-26 00:51:31] [INFO] [DEBUG] UserManagerImpl has been loaded. (took 3ms)
[26-04-26 00:51:31] [INFO] [DEBUG] Starting load of GuiListener at 1777164691851
[26-04-26 00:51:31] [INFO] [DEBUG] GuiListener has been loaded. (took 1ms)
[26-04-26 00:51:31] [INFO] [DEBUG] Starting load of KitManagerImpl at 1777164691852
[26-04-26 00:51:32] [INFO] KitManagerImpl: Loaded 7 kit(s).
[26-04-26 00:51:32] [INFO] [DEBUG] KitManagerImpl has been loaded. (took 275ms)
[26-04-26 00:51:32] [INFO] [DEBUG] Starting load of ArenaManagerImpl at 1777164692131
[26-04-26 00:51:32] [INFO] ArenaManagerImpl: Loaded 7 arena(s).
[26-04-26 00:51:32] [INFO] [DEBUG] ArenaManagerImpl has been loaded. (took 35ms)
[26-04-26 00:51:32] [INFO] [DEBUG] Starting load of SettingsManager at 1777164692166
[26-04-26 00:51:32] [INFO] [DEBUG] SettingsManager has been loaded. (took 1ms)
[26-04-26 00:51:32] [INFO] [DEBUG] Starting load of PlayerInfoManager at 1777164692167
[26-04-26 00:51:32] [INFO] [DEBUG] PlayerInfoManager has been loaded. (took 32ms)
[26-04-26 00:51:32] [INFO] [DEBUG] Starting load of SpectateManagerImpl at 1777164692199
[26-04-26 00:51:32] [INFO] [DEBUG] SpectateManagerImpl has been loaded. (took 0ms)
[26-04-26 00:51:32] [INFO] [DEBUG] Starting load of BettingManager at 1777164692199
[26-04-26 00:51:32] [INFO] BettingManager: Vault was not found! Money betting feature will be automatically disabled.
[26-04-26 00:51:32] [INFO] [DEBUG] BettingManager has been loaded. (took 3ms)
[26-04-26 00:51:32] [INFO] [DEBUG] Starting load of InventoryManager at 1777164692202
[26-04-26 00:51:32] [INFO] [DEBUG] InventoryManager has been loaded. (took 0ms)
[26-04-26 00:51:32] [INFO] [DEBUG] Starting load of DuelManager at 1777164692203
[26-04-26 00:51:32] [INFO] [DEBUG] DuelManager has been loaded. (took 1ms)
[26-04-26 00:51:32] [INFO] [DEBUG] Starting load of QueueManager at 1777164692204
[26-04-26 00:51:32] [INFO] QueueManager: Loaded 0 queue(s).
[26-04-26 00:51:32] [INFO] [DEBUG] QueueManager has been loaded. (took 2ms)
[26-04-26 00:51:32] [INFO] [DEBUG] Starting load of QueueSignManagerImpl at 1777164692206
[26-04-26 00:51:32] [INFO] QueueSignManagerImpl: Loaded 0 queue sign(s).
[26-04-26 00:51:32] [INFO] [DEBUG] QueueSignManagerImpl has been loaded. (took 3ms)
[26-04-26 00:51:32] [INFO] [DEBUG] Starting load of RequestManager at 1777164692209
[26-04-26 00:51:32] [INFO] [DEBUG] RequestManager has been loaded. (took 0ms)
[26-04-26 00:51:32] [INFO] [DEBUG] Starting load of Teleport at 1777164692209
[26-04-26 00:51:32] [INFO] [DEBUG] Teleport has been loaded. (took 1ms)
[26-04-26 00:51:32] [INFO] [DEBUG] Starting load of ExtensionManager at 1777164692210
[26-04-26 00:51:32] [INFO] [DEBUG] ExtensionManager has been loaded. (took 0ms)
[26-04-26 00:51:34] [INFO] No updates were available. You are on the latest version!
[26-04-26 01:33:40] [INFO] [DEBUG] onDisable start -> 1777167220974

[26-04-26 01:33:40] [INFO] [DEBUG] Starting unload of ExtensionManager at 1777167220985
[26-04-26 01:33:40] [INFO] [DEBUG] ExtensionManager has been unloaded. (took 2ms)
[26-04-26 01:33:40] [INFO] [DEBUG] Starting unload of Teleport at 1777167220987
[26-04-26 01:33:40] [INFO] [DEBUG] Teleport has been unloaded. (took 0ms)
[26-04-26 01:33:40] [INFO] [DEBUG] Starting unload of RequestManager at 1777167220987
[26-04-26 01:33:40] [INFO] [DEBUG] RequestManager has been unloaded. (took 0ms)
[26-04-26 01:33:40] [INFO] [DEBUG] Starting unload of QueueSignManagerImpl at 1777167220987
[26-04-26 01:33:40] [INFO] [DEBUG] QueueSignManagerImpl has been unloaded. (took 0ms)
[26-04-26 01:33:40] [INFO] [DEBUG] Starting unload of QueueManager at 1777167220988
[26-04-26 01:33:40] [INFO] [DEBUG] QueueManager has been unloaded. (took 0ms)
[26-04-26 01:33:40] [INFO] [DEBUG] Starting unload of DuelManager at 1777167220988
[26-04-26 01:33:40] [INFO] [DEBUG] DuelManager has been unloaded. (took 0ms)
[26-04-26 01:33:40] [INFO] [DEBUG] Starting unload of InventoryManager at 1777167220988
[26-04-26 01:33:40] [INFO] [DEBUG] InventoryManager has been unloaded. (took 0ms)
[26-04-26 01:33:40] [INFO] [DEBUG] Starting unload of BettingManager at 1777167220988
[26-04-26 01:33:40] [INFO] [DEBUG] BettingManager has been unloaded. (took 0ms)
[26-04-26 01:33:40] [INFO] [DEBUG] Starting unload of SpectateManagerImpl at 1777167220988
[26-04-26 01:33:40] [INFO] [DEBUG] SpectateManagerImpl has been unloaded. (took 0ms)
[26-04-26 01:33:40] [INFO] [DEBUG] Starting unload of PlayerInfoManager at 1777167220988
[26-04-26 01:33:40] [INFO] [DEBUG] PlayerInfoManager has been unloaded. (took 7ms)
[26-04-26 01:33:40] [INFO] [DEBUG] Starting unload of SettingsManager at 1777167220995
[26-04-26 01:33:40] [INFO] [DEBUG] SettingsManager has been unloaded. (took 0ms)
[26-04-26 01:33:40] [INFO] [DEBUG] Starting unload of ArenaManagerImpl at 1777167220995
[26-04-26 01:33:40] [INFO] [DEBUG] ArenaManagerImpl has been unloaded. (took 0ms)
[26-04-26 01:33:40] [INFO] [DEBUG] Starting unload of KitManagerImpl at 1777167220995
[26-04-26 01:33:40] [INFO] [DEBUG] KitManagerImpl has been unloaded. (took 1ms)
[26-04-26 01:33:40] [INFO] [DEBUG] Starting unload of GuiListener at 1777167220996
[26-04-26 01:33:40] [INFO] [DEBUG] GuiListener has been unloaded. (took 0ms)
[26-04-26 01:33:40] [INFO] [DEBUG] Starting unload of UserManagerImpl at 1777167220996
[26-04-26 01:33:40] [INFO] [DEBUG] UserManagerImpl has been unloaded. (took 2ms)
[26-04-26 01:33:40] [INFO] [DEBUG] Starting unload of Lang at 1777167220999
[26-04-26 01:33:40] [INFO] [DEBUG] Lang has been unloaded. (took 0ms)
[26-04-26 01:33:40] [INFO] [DEBUG] Starting unload of Config at 1777167220999
[26-04-26 01:33:40] [INFO] [DEBUG] Config has been unloaded. (took 0ms)
[26-04-26 01:33:40] [INFO] [DEBUG] unload done (took 25ms)
[26-04-26 01:33:40] [INFO] [DEBUG] Log#clearSources done (took 0ms)
[26-04-26 05:53:16] [INFO] [DEBUG] onEnable start -> 1777182796368

[26-04-26 05:53:16] [INFO] [DEBUG] Starting load of Config at 1777182796432
[26-04-26 05:53:16] [INFO] [DEBUG] Config has been loaded. (took 74ms)
[26-04-26 05:53:16] [INFO] [DEBUG] Starting load of Lang at 1777182796506
[26-04-26 05:53:16] [INFO] [DEBUG] Lang has been loaded. (took 17ms)
[26-04-26 05:53:16] [INFO] [DEBUG] Starting load of UserManagerImpl at 1777182796524
[26-04-26 05:53:16] [INFO] [DEBUG] UserManagerImpl has been loaded. (took 1ms)
[26-04-26 05:53:16] [INFO] [DEBUG] Starting load of GuiListener at 1777182796525
[26-04-26 05:53:16] [INFO] [DEBUG] GuiListener has been loaded. (took 0ms)
[26-04-26 05:53:16] [INFO] [DEBUG] Starting load of KitManagerImpl at 1777182796525
[26-04-26 05:53:16] [INFO] KitManagerImpl: Loaded 7 kit(s).
[26-04-26 05:53:16] [INFO] [DEBUG] KitManagerImpl has been loaded. (took 186ms)
[26-04-26 05:53:16] [INFO] [DEBUG] Starting load of ArenaManagerImpl at 1777182796711
[26-04-26 05:53:16] [INFO] ArenaManagerImpl: Loaded 7 arena(s).
[26-04-26 05:53:16] [INFO] [DEBUG] ArenaManagerImpl has been loaded. (took 58ms)
[26-04-26 05:53:16] [INFO] [DEBUG] Starting load of SettingsManager at 1777182796769
[26-04-26 05:53:16] [INFO] [DEBUG] SettingsManager has been loaded. (took 0ms)
[26-04-26 05:53:16] [INFO] [DEBUG] Starting load of PlayerInfoManager at 1777182796769
[26-04-26 05:53:16] [INFO] [DEBUG] PlayerInfoManager has been loaded. (took 53ms)
[26-04-26 05:53:16] [INFO] [DEBUG] Starting load of SpectateManagerImpl at 1777182796824
[26-04-26 05:53:16] [INFO] [DEBUG] SpectateManagerImpl has been loaded. (took 0ms)
[26-04-26 05:53:16] [INFO] [DEBUG] Starting load of BettingManager at 1777182796825
[26-04-26 05:53:16] [INFO] BettingManager: Vault was not found! Money betting feature will be automatically disabled.
[26-04-26 05:53:16] [INFO] [DEBUG] BettingManager has been loaded. (took 0ms)
[26-04-26 05:53:16] [INFO] [DEBUG] Starting load of InventoryManager at 1777182796825
[26-04-26 05:53:16] [INFO] [DEBUG] InventoryManager has been loaded. (took 1ms)
[26-04-26 05:53:16] [INFO] [DEBUG] Starting load of DuelManager at 1777182796826
[26-04-26 05:53:16] [INFO] [DEBUG] DuelManager has been loaded. (took 0ms)
[26-04-26 05:53:16] [INFO] [DEBUG] Starting load of QueueManager at 1777182796826
[26-04-26 05:53:16] [INFO] QueueManager: Loaded 0 queue(s).
[26-04-26 05:53:16] [INFO] [DEBUG] QueueManager has been loaded. (took 2ms)
[26-04-26 05:53:16] [INFO] [DEBUG] Starting load of QueueSignManagerImpl at 1777182796828
[26-04-26 05:53:16] [INFO] QueueSignManagerImpl: Loaded 0 queue sign(s).
[26-04-26 05:53:16] [INFO] [DEBUG] QueueSignManagerImpl has been loaded. (took 3ms)
[26-04-26 05:53:16] [INFO] [DEBUG] Starting load of RequestManager at 1777182796831
[26-04-26 05:53:16] [INFO] [DEBUG] RequestManager has been loaded. (took 0ms)
[26-04-26 05:53:16] [INFO] [DEBUG] Starting load of Teleport at 1777182796831
[26-04-26 05:53:16] [INFO] [DEBUG] Teleport has been loaded. (took 0ms)
[26-04-26 05:53:16] [INFO] [DEBUG] Starting load of ExtensionManager at 1777182796831
[26-04-26 05:53:16] [INFO] [DEBUG] ExtensionManager has been loaded. (took 1ms)
[26-04-26 05:53:17] [INFO] No updates were available. You are on the latest version!
[26-04-26 06:06:03] [INFO] [DEBUG] onDisable start -> 1777183563845

[26-04-26 06:06:03] [INFO] [DEBUG] Starting unload of ExtensionManager at 1777183563860
[26-04-26 06:06:03] [INFO] [DEBUG] ExtensionManager has been unloaded. (took 2ms)
[26-04-26 06:06:03] [INFO] [DEBUG] Starting unload of Teleport at 1777183563862
[26-04-26 06:06:03] [INFO] [DEBUG] Teleport has been unloaded. (took 0ms)
[26-04-26 06:06:03] [INFO] [DEBUG] Starting unload of RequestManager at 1777183563863
[26-04-26 06:06:03] [INFO] [DEBUG] RequestManager has been unloaded. (took 0ms)
[26-04-26 06:06:03] [INFO] [DEBUG] Starting unload of QueueSignManagerImpl at 1777183563863
[26-04-26 06:06:03] [INFO] [DEBUG] QueueSignManagerImpl has been unloaded. (took 0ms)
[26-04-26 06:06:03] [INFO] [DEBUG] Starting unload of QueueManager at 1777183563863
[26-04-26 06:06:03] [INFO] [DEBUG] QueueManager has been unloaded. (took 0ms)
[26-04-26 06:06:03] [INFO] [DEBUG] Starting unload of DuelManager at 1777183563864
[26-04-26 06:06:03] [INFO] [DEBUG] DuelManager has been unloaded. (took 0ms)
[26-04-26 06:06:03] [INFO] [DEBUG] Starting unload of InventoryManager at 1777183563864
[26-04-26 06:06:03] [INFO] [DEBUG] InventoryManager has been unloaded. (took 0ms)
[26-04-26 06:06:03] [INFO] [DEBUG] Starting unload of BettingManager at 1777183563864
[26-04-26 06:06:03] [INFO] [DEBUG] BettingManager has been unloaded. (took 0ms)
[26-04-26 06:06:03] [INFO] [DEBUG] Starting unload of SpectateManagerImpl at 1777183563864
[26-04-26 06:06:03] [INFO] [DEBUG] SpectateManagerImpl has been unloaded. (took 0ms)
[26-04-26 06:06:03] [INFO] [DEBUG] Starting unload of PlayerInfoManager at 1777183563864
[26-04-26 06:06:03] [INFO] [DEBUG] PlayerInfoManager has been unloaded. (took 10ms)
[26-04-26 06:06:03] [INFO] [DEBUG] Starting unload of SettingsManager at 1777183563874
[26-04-26 06:06:03] [INFO] [DEBUG] SettingsManager has been unloaded. (took 0ms)
[26-04-26 06:06:03] [INFO] [DEBUG] Starting unload of ArenaManagerImpl at 1777183563874
[26-04-26 06:06:03] [INFO] [DEBUG] ArenaManagerImpl has been unloaded. (took 1ms)
[26-04-26 06:06:03] [INFO] [DEBUG] Starting unload of KitManagerImpl at 1777183563875
[26-04-26 06:06:03] [INFO] [DEBUG] KitManagerImpl has been unloaded. (took 0ms)
[26-04-26 06:06:03] [INFO] [DEBUG] Starting unload of GuiListener at 1777183563875
[26-04-26 06:06:03] [INFO] [DEBUG] GuiListener has been unloaded. (took 0ms)
[26-04-26 06:06:03] [INFO] [DEBUG] Starting unload of UserManagerImpl at 1777183563875
[26-04-26 06:06:03] [INFO] [DEBUG] UserManagerImpl has been unloaded. (took 2ms)
[26-04-26 06:06:03] [INFO] [DEBUG] Starting unload of Lang at 1777183563877
[26-04-26 06:06:03] [INFO] [DEBUG] Lang has been unloaded. (took 0ms)
[26-04-26 06:06:03] [INFO] [DEBUG] Starting unload of Config at 1777183563877
[26-04-26 06:06:03] [INFO] [DEBUG] Config has been unloaded. (took 0ms)
[26-04-26 06:06:03] [INFO] [DEBUG] unload done (took 33ms)
[26-04-26 06:06:03] [INFO] [DEBUG] Log#clearSources done (took 0ms)
[26-04-26 06:07:10] [INFO] [DEBUG] onEnable start -> 1777183630803

[26-04-26 06:07:10] [INFO] [DEBUG] Starting load of Config at 1777183630862
[26-04-26 06:07:10] [INFO] [DEBUG] Config has been loaded. (took 13ms)
[26-04-26 06:07:10] [INFO] [DEBUG] Starting load of Lang at 1777183630876
[26-04-26 06:07:10] [INFO] [DEBUG] Lang has been loaded. (took 17ms)
[26-04-26 06:07:10] [INFO] [DEBUG] Starting load of UserManagerImpl at 1777183630893
[26-04-26 06:07:10] [INFO] [DEBUG] UserManagerImpl has been loaded. (took 0ms)
[26-04-26 06:07:10] [INFO] [DEBUG] Starting load of GuiListener at 1777183630893
[26-04-26 06:07:10] [INFO] [DEBUG] GuiListener has been loaded. (took 1ms)
[26-04-26 06:07:10] [INFO] [DEBUG] Starting load of KitManagerImpl at 1777183630894
[26-04-26 06:07:11] [INFO] KitManagerImpl: Loaded 7 kit(s).
[26-04-26 06:07:11] [INFO] [DEBUG] KitManagerImpl has been loaded. (took 126ms)
[26-04-26 06:07:11] [INFO] [DEBUG] Starting load of ArenaManagerImpl at 1777183631020
[26-04-26 06:07:11] [INFO] ArenaManagerImpl: Loaded 7 arena(s).
[26-04-26 06:07:11] [INFO] [DEBUG] ArenaManagerImpl has been loaded. (took 27ms)
[26-04-26 06:07:11] [INFO] [DEBUG] Starting load of SettingsManager at 1777183631047
[26-04-26 06:07:11] [INFO] [DEBUG] SettingsManager has been loaded. (took 0ms)
[26-04-26 06:07:11] [INFO] [DEBUG] Starting load of PlayerInfoManager at 1777183631048
[26-04-26 06:07:11] [INFO] [DEBUG] PlayerInfoManager has been loaded. (took 50ms)
[26-04-26 06:07:11] [INFO] [DEBUG] Starting load of SpectateManagerImpl at 1777183631100
[26-04-26 06:07:11] [INFO] [DEBUG] SpectateManagerImpl has been loaded. (took 0ms)
[26-04-26 06:07:11] [INFO] [DEBUG] Starting load of BettingManager at 1777183631100
[26-04-26 06:07:11] [INFO] BettingManager: Vault was not found! Money betting feature will be automatically disabled.
[26-04-26 06:07:11] [INFO] [DEBUG] BettingManager has been loaded. (took 0ms)
[26-04-26 06:07:11] [INFO] [DEBUG] Starting load of InventoryManager at 1777183631100
[26-04-26 06:07:11] [INFO] [DEBUG] InventoryManager has been loaded. (took 1ms)
[26-04-26 06:07:11] [INFO] [DEBUG] Starting load of DuelManager at 1777183631101
[26-04-26 06:07:11] [INFO] [DEBUG] DuelManager has been loaded. (took 0ms)
[26-04-26 06:07:11] [INFO] [DEBUG] Starting load of QueueManager at 1777183631101
[26-04-26 06:07:11] [INFO] QueueManager: Loaded 0 queue(s).
[26-04-26 06:07:11] [INFO] [DEBUG] QueueManager has been loaded. (took 3ms)
[26-04-26 06:07:11] [INFO] [DEBUG] Starting load of QueueSignManagerImpl at 1777183631104
[26-04-26 06:07:11] [INFO] QueueSignManagerImpl: Loaded 0 queue sign(s).
[26-04-26 06:07:11] [INFO] [DEBUG] QueueSignManagerImpl has been loaded. (took 5ms)
[26-04-26 06:07:11] [INFO] [DEBUG] Starting load of RequestManager at 1777183631110
[26-04-26 06:07:11] [INFO] [DEBUG] RequestManager has been loaded. (took 2ms)
[26-04-26 06:07:11] [INFO] [DEBUG] Starting load of Teleport at 1777183631113
[26-04-26 06:07:11] [INFO] [DEBUG] Teleport has been loaded. (took 1ms)
[26-04-26 06:07:11] [INFO] [DEBUG] Starting load of ExtensionManager at 1777183631116
[26-04-26 06:07:11] [INFO] [DEBUG] ExtensionManager has been loaded. (took 0ms)
[26-04-26 06:07:11] [INFO] No updates were available. You are on the latest version!
[26-04-26 06:15:13] [INFO] [DEBUG] onDisable start -> 1777184113737

[26-04-26 06:15:13] [INFO] [DEBUG] Starting unload of ExtensionManager at 1777184113761
[26-04-26 06:15:13] [INFO] [DEBUG] ExtensionManager has been unloaded. (took 2ms)
[26-04-26 06:15:13] [INFO] [DEBUG] Starting unload of Teleport at 1777184113764
[26-04-26 06:15:13] [INFO] [DEBUG] Teleport has been unloaded. (took 1ms)
[26-04-26 06:15:13] [INFO] [DEBUG] Starting unload of RequestManager at 1777184113765
[26-04-26 06:15:13] [INFO] [DEBUG] RequestManager has been unloaded. (took 1ms)
[26-04-26 06:15:13] [INFO] [DEBUG] Starting unload of QueueSignManagerImpl at 1777184113766
[26-04-26 06:15:13] [INFO] [DEBUG] QueueSignManagerImpl has been unloaded. (took 0ms)
[26-04-26 06:15:13] [INFO] [DEBUG] Starting unload of QueueManager at 1777184113767
[26-04-26 06:15:13] [INFO] [DEBUG] QueueManager has been unloaded. (took 0ms)
[26-04-26 06:15:13] [INFO] [DEBUG] Starting unload of DuelManager at 1777184113767
[26-04-26 06:15:13] [INFO] [DEBUG] DuelManager has been unloaded. (took 0ms)
[26-04-26 06:15:13] [INFO] [DEBUG] Starting unload of InventoryManager at 1777184113767
[26-04-26 06:15:13] [INFO] [DEBUG] InventoryManager has been unloaded. (took 0ms)
[26-04-26 06:15:13] [INFO] [DEBUG] Starting unload of BettingManager at 1777184113767
[26-04-26 06:15:13] [INFO] [DEBUG] BettingManager has been unloaded. (took 0ms)
[26-04-26 06:15:13] [INFO] [DEBUG] Starting unload of SpectateManagerImpl at 1777184113767
[26-04-26 06:15:13] [INFO] [DEBUG] SpectateManagerImpl has been unloaded. (took 0ms)
[26-04-26 06:15:13] [INFO] [DEBUG] Starting unload of PlayerInfoManager at 1777184113767
[26-04-26 06:15:13] [INFO] [DEBUG] PlayerInfoManager has been unloaded. (took 20ms)
[26-04-26 06:15:13] [INFO] [DEBUG] Starting unload of SettingsManager at 1777184113787
[26-04-26 06:15:13] [INFO] [DEBUG] SettingsManager has been unloaded. (took 0ms)
[26-04-26 06:15:13] [INFO] [DEBUG] Starting unload of ArenaManagerImpl at 1777184113787
[26-04-26 06:15:13] [INFO] [DEBUG] ArenaManagerImpl has been unloaded. (took 1ms)
[26-04-26 06:15:13] [INFO] [DEBUG] Starting unload of KitManagerImpl at 1777184113788
[26-04-26 06:15:13] [INFO] [DEBUG] KitManagerImpl has been unloaded. (took 0ms)
[26-04-26 06:15:13] [INFO] [DEBUG] Starting unload of GuiListener at 1777184113788
[26-04-26 06:15:13] [INFO] [DEBUG] GuiListener has been unloaded. (took 0ms)
[26-04-26 06:15:13] [INFO] [DEBUG] Starting unload of UserManagerImpl at 1777184113788
[26-04-26 06:15:13] [INFO] [DEBUG] UserManagerImpl has been unloaded. (took 4ms)
[26-04-26 06:15:13] [INFO] [DEBUG] Starting unload of Lang at 1777184113792
[26-04-26 06:15:13] [INFO] [DEBUG] Lang has been unloaded. (took 0ms)
[26-04-26 06:15:13] [INFO] [DEBUG] Starting unload of Config at 1777184113792
[26-04-26 06:15:13] [INFO] [DEBUG] Config has been unloaded. (took 0ms)
[26-04-26 06:15:13] [INFO] [DEBUG] unload done (took 55ms)
[26-04-26 06:15:13] [INFO] [DEBUG] Log#clearSources done (took 0ms)
[26-04-26 06:16:21] [INFO] [DEBUG] onEnable start -> 1777184181567

[26-04-26 06:16:21] [INFO] [DEBUG] Starting load of Config at 1777184181632
[26-04-26 06:16:21] [INFO] [DEBUG] Config has been loaded. (took 16ms)
[26-04-26 06:16:21] [INFO] [DEBUG] Starting load of Lang at 1777184181648
[26-04-26 06:16:21] [INFO] [DEBUG] Lang has been loaded. (took 21ms)
[26-04-26 06:16:21] [INFO] [DEBUG] Starting load of UserManagerImpl at 1777184181669
[26-04-26 06:16:21] [INFO] [DEBUG] UserManagerImpl has been loaded. (took 4ms)
[26-04-26 06:16:21] [INFO] [DEBUG] Starting load of GuiListener at 1777184181674
[26-04-26 06:16:21] [INFO] [DEBUG] GuiListener has been loaded. (took 0ms)
[26-04-26 06:16:21] [INFO] [DEBUG] Starting load of KitManagerImpl at 1777184181677
[26-04-26 06:16:21] [INFO] KitManagerImpl: Loaded 7 kit(s).
[26-04-26 06:16:21] [INFO] [DEBUG] KitManagerImpl has been loaded. (took 149ms)
[26-04-26 06:16:21] [INFO] [DEBUG] Starting load of ArenaManagerImpl at 1777184181826
[26-04-26 06:16:21] [INFO] ArenaManagerImpl: Loaded 7 arena(s).
[26-04-26 06:16:21] [INFO] [DEBUG] ArenaManagerImpl has been loaded. (took 35ms)
[26-04-26 06:16:21] [INFO] [DEBUG] Starting load of SettingsManager at 1777184181861
[26-04-26 06:16:21] [INFO] [DEBUG] SettingsManager has been loaded. (took 3ms)
[26-04-26 06:16:21] [INFO] [DEBUG] Starting load of PlayerInfoManager at 1777184181864
[26-04-26 06:16:21] [INFO] [DEBUG] PlayerInfoManager has been loaded. (took 22ms)
[26-04-26 06:16:21] [INFO] [DEBUG] Starting load of SpectateManagerImpl at 1777184181886
[26-04-26 06:16:21] [INFO] [DEBUG] SpectateManagerImpl has been loaded. (took 1ms)
[26-04-26 06:16:21] [INFO] [DEBUG] Starting load of BettingManager at 1777184181889
[26-04-26 06:16:21] [INFO] BettingManager: Vault was not found! Money betting feature will be automatically disabled.
[26-04-26 06:16:21] [INFO] [DEBUG] BettingManager has been loaded. (took 0ms)
[26-04-26 06:16:21] [INFO] [DEBUG] Starting load of InventoryManager at 1777184181889
[26-04-26 06:16:21] [INFO] [DEBUG] InventoryManager has been loaded. (took 0ms)
[26-04-26 06:16:21] [INFO] [DEBUG] Starting load of DuelManager at 1777184181890
[26-04-26 06:16:21] [INFO] [DEBUG] DuelManager has been loaded. (took 0ms)
[26-04-26 06:16:21] [INFO] [DEBUG] Starting load of QueueManager at 1777184181890
[26-04-26 06:16:21] [INFO] QueueManager: Loaded 0 queue(s).
[26-04-26 06:16:21] [INFO] [DEBUG] QueueManager has been loaded. (took 2ms)
[26-04-26 06:16:21] [INFO] [DEBUG] Starting load of QueueSignManagerImpl at 1777184181892
[26-04-26 06:16:21] [INFO] QueueSignManagerImpl: Loaded 0 queue sign(s).
[26-04-26 06:16:21] [INFO] [DEBUG] QueueSignManagerImpl has been loaded. (took 3ms)
[26-04-26 06:16:21] [INFO] [DEBUG] Starting load of RequestManager at 1777184181895
[26-04-26 06:16:21] [INFO] [DEBUG] RequestManager has been loaded. (took 1ms)
[26-04-26 06:16:21] [INFO] [DEBUG] Starting load of Teleport at 1777184181896
[26-04-26 06:16:21] [INFO] [DEBUG] Teleport has been loaded. (took 0ms)
[26-04-26 06:16:21] [INFO] [DEBUG] Starting load of ExtensionManager at 1777184181896
[26-04-26 06:16:21] [INFO] [DEBUG] ExtensionManager has been loaded. (took 1ms)
[26-04-26 06:16:22] [INFO] No updates were available. You are on the latest version!
[26-04-26 06:32:05] [INFO] [DEBUG] onDisable start -> 1777185125589

[26-04-26 06:32:05] [INFO] [DEBUG] Starting unload of ExtensionManager at 1777185125595
[26-04-26 06:32:05] [INFO] [DEBUG] ExtensionManager has been unloaded. (took 1ms)
[26-04-26 06:32:05] [INFO] [DEBUG] Starting unload of Teleport at 1777185125596
[26-04-26 06:32:05] [INFO] [DEBUG] Teleport has been unloaded. (took 1ms)
[26-04-26 06:32:05] [INFO] [DEBUG] Starting unload of RequestManager at 1777185125597
[26-04-26 06:32:05] [INFO] [DEBUG] RequestManager has been unloaded. (took 0ms)
[26-04-26 06:32:05] [INFO] [DEBUG] Starting unload of QueueSignManagerImpl at 1777185125597
[26-04-26 06:32:05] [INFO] [DEBUG] QueueSignManagerImpl has been unloaded. (took 0ms)
[26-04-26 06:32:05] [INFO] [DEBUG] Starting unload of QueueManager at 1777185125597
[26-04-26 06:32:05] [INFO] [DEBUG] QueueManager has been unloaded. (took 1ms)
[26-04-26 06:32:05] [INFO] [DEBUG] Starting unload of DuelManager at 1777185125598
[26-04-26 06:32:05] [INFO] [DEBUG] DuelManager has been unloaded. (took 0ms)
[26-04-26 06:32:05] [INFO] [DEBUG] Starting unload of InventoryManager at 1777185125598
[26-04-26 06:32:05] [INFO] [DEBUG] InventoryManager has been unloaded. (took 0ms)
[26-04-26 06:32:05] [INFO] [DEBUG] Starting unload of BettingManager at 1777185125598
[26-04-26 06:32:05] [INFO] [DEBUG] BettingManager has been unloaded. (took 0ms)
[26-04-26 06:32:05] [INFO] [DEBUG] Starting unload of SpectateManagerImpl at 1777185125598
[26-04-26 06:32:05] [INFO] [DEBUG] SpectateManagerImpl has been unloaded. (took 1ms)
[26-04-26 06:32:05] [INFO] [DEBUG] Starting unload of PlayerInfoManager at 1777185125599
[26-04-26 06:32:05] [INFO] [DEBUG] PlayerInfoManager has been unloaded. (took 5ms)
[26-04-26 06:32:05] [INFO] [DEBUG] Starting unload of SettingsManager at 1777185125604
[26-04-26 06:32:05] [INFO] [DEBUG] SettingsManager has been unloaded. (took 0ms)
[26-04-26 06:32:05] [INFO] [DEBUG] Starting unload of ArenaManagerImpl at 1777185125604
[26-04-26 06:32:05] [INFO] [DEBUG] ArenaManagerImpl has been unloaded. (took 0ms)
[26-04-26 06:32:05] [INFO] [DEBUG] Starting unload of KitManagerImpl at 1777185125604
[26-04-26 06:32:05] [INFO] [DEBUG] KitManagerImpl has been unloaded. (took 0ms)
[26-04-26 06:32:05] [INFO] [DEBUG] Starting unload of GuiListener at 1777185125604
[26-04-26 06:32:05] [INFO] [DEBUG] GuiListener has been unloaded. (took 0ms)
[26-04-26 06:32:05] [INFO] [DEBUG] Starting unload of UserManagerImpl at 1777185125604
[26-04-26 06:32:05] [INFO] [DEBUG] UserManagerImpl has been unloaded. (took 0ms)
[26-04-26 06:32:05] [INFO] [DEBUG] Starting unload of Lang at 1777185125604
[26-04-26 06:32:05] [INFO] [DEBUG] Lang has been unloaded. (took 1ms)
[26-04-26 06:32:05] [INFO] [DEBUG] Starting unload of Config at 1777185125605
[26-04-26 06:32:05] [INFO] [DEBUG] Config has been unloaded. (took 0ms)
[26-04-26 06:32:05] [INFO] [DEBUG] unload done (took 16ms)
[26-04-26 06:32:05] [INFO] [DEBUG] Log#clearSources done (took 0ms)
[26-04-26 06:33:01] [INFO] [DEBUG] onEnable start -> 1777185181238

[26-04-26 06:33:01] [INFO] [DEBUG] Starting load of Config at 1777185181289
[26-04-26 06:33:01] [INFO] [DEBUG] Config has been loaded. (took 14ms)
[26-04-26 06:33:01] [INFO] [DEBUG] Starting load of Lang at 1777185181304
[26-04-26 06:33:01] [INFO] [DEBUG] Lang has been loaded. (took 17ms)
[26-04-26 06:33:01] [INFO] [DEBUG] Starting load of UserManagerImpl at 1777185181322
[26-04-26 06:33:01] [INFO] [DEBUG] UserManagerImpl has been loaded. (took 0ms)
[26-04-26 06:33:01] [INFO] [DEBUG] Starting load of GuiListener at 1777185181323
[26-04-26 06:33:01] [INFO] [DEBUG] GuiListener has been loaded. (took 0ms)
[26-04-26 06:33:01] [INFO] [DEBUG] Starting load of KitManagerImpl at 1777185181323
[26-04-26 06:33:01] [INFO] KitManagerImpl: Loaded 7 kit(s).
[26-04-26 06:33:01] [INFO] [DEBUG] KitManagerImpl has been loaded. (took 107ms)
[26-04-26 06:33:01] [INFO] [DEBUG] Starting load of ArenaManagerImpl at 1777185181430
[26-04-26 06:33:01] [INFO] ArenaManagerImpl: Loaded 7 arena(s).
[26-04-26 06:33:01] [INFO] [DEBUG] ArenaManagerImpl has been loaded. (took 32ms)
[26-04-26 06:33:01] [INFO] [DEBUG] Starting load of SettingsManager at 1777185181462
[26-04-26 06:33:01] [INFO] [DEBUG] SettingsManager has been loaded. (took 0ms)
[26-04-26 06:33:01] [INFO] [DEBUG] Starting load of PlayerInfoManager at 1777185181462
[26-04-26 06:33:01] [INFO] [DEBUG] PlayerInfoManager has been loaded. (took 27ms)
[26-04-26 06:33:01] [INFO] [DEBUG] Starting load of SpectateManagerImpl at 1777185181491
[26-04-26 06:33:01] [INFO] [DEBUG] SpectateManagerImpl has been loaded. (took 0ms)
[26-04-26 06:33:01] [INFO] [DEBUG] Starting load of BettingManager at 1777185181491
[26-04-26 06:33:01] [INFO] BettingManager: Vault was not found! Money betting feature will be automatically disabled.
[26-04-26 06:33:01] [INFO] [DEBUG] BettingManager has been loaded. (took 0ms)
[26-04-26 06:33:01] [INFO] [DEBUG] Starting load of InventoryManager at 1777185181491
[26-04-26 06:33:01] [INFO] [DEBUG] InventoryManager has been loaded. (took 1ms)
[26-04-26 06:33:01] [INFO] [DEBUG] Starting load of DuelManager at 1777185181492
[26-04-26 06:33:01] [INFO] [DEBUG] DuelManager has been loaded. (took 0ms)
[26-04-26 06:33:01] [INFO] [DEBUG] Starting load of QueueManager at 1777185181492
[26-04-26 06:33:01] [INFO] QueueManager: Loaded 0 queue(s).
[26-04-26 06:33:01] [INFO] [DEBUG] QueueManager has been loaded. (took 1ms)
[26-04-26 06:33:01] [INFO] [DEBUG] Starting load of QueueSignManagerImpl at 1777185181494
[26-04-26 06:33:01] [INFO] QueueSignManagerImpl: Loaded 0 queue sign(s).
[26-04-26 06:33:01] [INFO] [DEBUG] QueueSignManagerImpl has been loaded. (took 1ms)
[26-04-26 06:33:01] [INFO] [DEBUG] Starting load of RequestManager at 1777185181495
[26-04-26 06:33:01] [INFO] [DEBUG] RequestManager has been loaded. (took 0ms)
[26-04-26 06:33:01] [INFO] [DEBUG] Starting load of Teleport at 1777185181495
[26-04-26 06:33:01] [INFO] [DEBUG] Teleport has been loaded. (took 1ms)
[26-04-26 06:33:01] [INFO] [DEBUG] Starting load of ExtensionManager at 1777185181497
[26-04-26 06:33:01] [INFO] [DEBUG] ExtensionManager has been loaded. (took 0ms)
[26-04-26 06:33:02] [INFO] No updates were available. You are on the latest version!
[26-04-26 06:46:00] [INFO] [DEBUG] onDisable start -> 1777185960098

[26-04-26 06:46:00] [INFO] [DEBUG] Starting unload of ExtensionManager at 1777185960197
[26-04-26 06:46:00] [INFO] [DEBUG] ExtensionManager has been unloaded. (took 1ms)
[26-04-26 06:46:00] [INFO] [DEBUG] Starting unload of Teleport at 1777185960198
[26-04-26 06:46:00] [INFO] [DEBUG] Teleport has been unloaded. (took 0ms)
[26-04-26 06:46:00] [INFO] [DEBUG] Starting unload of RequestManager at 1777185960198
[26-04-26 06:46:00] [INFO] [DEBUG] RequestManager has been unloaded. (took 0ms)
[26-04-26 06:46:00] [INFO] [DEBUG] Starting unload of QueueSignManagerImpl at 1777185960198
[26-04-26 06:46:00] [INFO] [DEBUG] QueueSignManagerImpl has been unloaded. (took 2ms)
[26-04-26 06:46:00] [INFO] [DEBUG] Starting unload of QueueManager at 1777185960200
[26-04-26 06:46:00] [INFO] [DEBUG] QueueManager has been unloaded. (took 0ms)
[26-04-26 06:46:00] [INFO] [DEBUG] Starting unload of DuelManager at 1777185960200
[26-04-26 06:46:00] [INFO] [DEBUG] DuelManager has been unloaded. (took 0ms)
[26-04-26 06:46:00] [INFO] [DEBUG] Starting unload of InventoryManager at 1777185960201
[26-04-26 06:46:00] [INFO] [DEBUG] InventoryManager has been unloaded. (took 0ms)
[26-04-26 06:46:00] [INFO] [DEBUG] Starting unload of BettingManager at 1777185960201
[26-04-26 06:46:00] [INFO] [DEBUG] BettingManager has been unloaded. (took 0ms)
[26-04-26 06:46:00] [INFO] [DEBUG] Starting unload of SpectateManagerImpl at 1777185960201
[26-04-26 06:46:00] [INFO] [DEBUG] SpectateManagerImpl has been unloaded. (took 0ms)
[26-04-26 06:46:00] [INFO] [DEBUG] Starting unload of PlayerInfoManager at 1777185960201
[26-04-26 06:46:00] [INFO] [DEBUG] PlayerInfoManager has been unloaded. (took 14ms)
[26-04-26 06:46:00] [INFO] [DEBUG] Starting unload of SettingsManager at 1777185960215
[26-04-26 06:46:00] [INFO] [DEBUG] SettingsManager has been unloaded. (took 0ms)
[26-04-26 06:46:00] [INFO] [DEBUG] Starting unload of ArenaManagerImpl at 1777185960215
[26-04-26 06:46:00] [INFO] [DEBUG] ArenaManagerImpl has been unloaded. (took 0ms)
[26-04-26 06:46:00] [INFO] [DEBUG] Starting unload of KitManagerImpl at 1777185960215
[26-04-26 06:46:00] [INFO] [DEBUG] KitManagerImpl has been unloaded. (took 0ms)
[26-04-26 06:46:00] [INFO] [DEBUG] Starting unload of GuiListener at 1777185960217
[26-04-26 06:46:00] [INFO] [DEBUG] GuiListener has been unloaded. (took 3ms)
[26-04-26 06:46:00] [INFO] [DEBUG] Starting unload of UserManagerImpl at 1777185960222
[26-04-26 06:46:00] [INFO] [DEBUG] UserManagerImpl has been unloaded. (took 1ms)
[26-04-26 06:46:00] [INFO] [DEBUG] Starting unload of Lang at 1777185960223
[26-04-26 06:46:00] [INFO] [DEBUG] Lang has been unloaded. (took 2ms)
[26-04-26 06:46:00] [INFO] [DEBUG] Starting unload of Config at 1777185960225
[26-04-26 06:46:00] [INFO] [DEBUG] Config has been unloaded. (took 0ms)
[26-04-26 06:46:00] [INFO] [DEBUG] unload done (took 127ms)
[26-04-26 06:46:00] [INFO] [DEBUG] Log#clearSources done (took 0ms)
[26-04-26 06:47:16] [INFO] [DEBUG] onEnable start -> 1777186036482

[26-04-26 06:47:16] [INFO] [DEBUG] Starting load of Config at 1777186036556
[26-04-26 06:47:16] [INFO] [DEBUG] Config has been loaded. (took 12ms)
[26-04-26 06:47:16] [INFO] [DEBUG] Starting load of Lang at 1777186036568
[26-04-26 06:47:16] [INFO] [DEBUG] Lang has been loaded. (took 21ms)
[26-04-26 06:47:16] [INFO] [DEBUG] Starting load of UserManagerImpl at 1777186036589
[26-04-26 06:47:16] [INFO] [DEBUG] UserManagerImpl has been loaded. (took 1ms)
[26-04-26 06:47:16] [INFO] [DEBUG] Starting load of GuiListener at 1777186036590
[26-04-26 06:47:16] [INFO] [DEBUG] GuiListener has been loaded. (took 0ms)
[26-04-26 06:47:16] [INFO] [DEBUG] Starting load of KitManagerImpl at 1777186036590
[26-04-26 06:47:16] [INFO] KitManagerImpl: Loaded 7 kit(s).
[26-04-26 06:47:16] [INFO] [DEBUG] KitManagerImpl has been loaded. (took 128ms)
[26-04-26 06:47:16] [INFO] [DEBUG] Starting load of ArenaManagerImpl at 1777186036719
[26-04-26 06:47:16] [INFO] ArenaManagerImpl: Loaded 7 arena(s).
[26-04-26 06:47:16] [INFO] [DEBUG] ArenaManagerImpl has been loaded. (took 29ms)
[26-04-26 06:47:16] [INFO] [DEBUG] Starting load of SettingsManager at 1777186036748
[26-04-26 06:47:16] [INFO] [DEBUG] SettingsManager has been loaded. (took 0ms)
[26-04-26 06:47:16] [INFO] [DEBUG] Starting load of PlayerInfoManager at 1777186036748
[26-04-26 06:47:16] [INFO] [DEBUG] PlayerInfoManager has been loaded. (took 15ms)
[26-04-26 06:47:16] [INFO] [DEBUG] Starting load of SpectateManagerImpl at 1777186036764
[26-04-26 06:47:16] [INFO] [DEBUG] SpectateManagerImpl has been loaded. (took 0ms)
[26-04-26 06:47:16] [INFO] [DEBUG] Starting load of BettingManager at 1777186036764
[26-04-26 06:47:16] [INFO] BettingManager: Vault was not found! Money betting feature will be automatically disabled.
[26-04-26 06:47:16] [INFO] [DEBUG] BettingManager has been loaded. (took 2ms)
[26-04-26 06:47:16] [INFO] [DEBUG] Starting load of InventoryManager at 1777186036766
[26-04-26 06:47:16] [INFO] [DEBUG] InventoryManager has been loaded. (took 0ms)
[26-04-26 06:47:16] [INFO] [DEBUG] Starting load of DuelManager at 1777186036766
[26-04-26 06:47:16] [INFO] [DEBUG] DuelManager has been loaded. (took 0ms)
[26-04-26 06:47:16] [INFO] [DEBUG] Starting load of QueueManager at 1777186036766
[26-04-26 06:47:16] [INFO] QueueManager: Loaded 0 queue(s).
[26-04-26 06:47:16] [INFO] [DEBUG] QueueManager has been loaded. (took 3ms)
[26-04-26 06:47:16] [INFO] [DEBUG] Starting load of QueueSignManagerImpl at 1777186036769
[26-04-26 06:47:16] [INFO] QueueSignManagerImpl: Loaded 0 queue sign(s).
[26-04-26 06:47:16] [INFO] [DEBUG] QueueSignManagerImpl has been loaded. (took 1ms)
[26-04-26 06:47:16] [INFO] [DEBUG] Starting load of RequestManager at 1777186036770
[26-04-26 06:47:16] [INFO] [DEBUG] RequestManager has been loaded. (took 0ms)
[26-04-26 06:47:16] [INFO] [DEBUG] Starting load of Teleport at 1777186036770
[26-04-26 06:47:16] [INFO] [DEBUG] Teleport has been loaded. (took 0ms)
[26-04-26 06:47:16] [INFO] [DEBUG] Starting load of ExtensionManager at 1777186036771
[26-04-26 06:47:16] [INFO] [DEBUG] ExtensionManager has been loaded. (took 0ms)
[26-04-26 06:47:17] [INFO] No updates were available. You are on the latest version!
[26-04-26 07:12:46] [INFO] [DEBUG] onDisable start -> 1777187566052

[26-04-26 07:12:46] [INFO] [DEBUG] Starting unload of ExtensionManager at 1777187566132
[26-04-26 07:12:46] [INFO] [DEBUG] ExtensionManager has been unloaded. (took 1ms)
[26-04-26 07:12:46] [INFO] [DEBUG] Starting unload of Teleport at 1777187566133
[26-04-26 07:12:46] [INFO] [DEBUG] Teleport has been unloaded. (took 0ms)
[26-04-26 07:12:46] [INFO] [DEBUG] Starting unload of RequestManager at 1777187566133
[26-04-26 07:12:46] [INFO] [DEBUG] RequestManager has been unloaded. (took 0ms)
[26-04-26 07:12:46] [INFO] [DEBUG] Starting unload of QueueSignManagerImpl at 1777187566133
[26-04-26 07:12:46] [INFO] [DEBUG] QueueSignManagerImpl has been unloaded. (took 0ms)
[26-04-26 07:12:46] [INFO] [DEBUG] Starting unload of QueueManager at 1777187566133
[26-04-26 07:12:46] [INFO] [DEBUG] QueueManager has been unloaded. (took 0ms)
[26-04-26 07:12:46] [INFO] [DEBUG] Starting unload of DuelManager at 1777187566133
[26-04-26 07:12:46] [INFO] [DEBUG] DuelManager has been unloaded. (took 0ms)
[26-04-26 07:12:46] [INFO] [DEBUG] Starting unload of InventoryManager at 1777187566133
[26-04-26 07:12:46] [INFO] [DEBUG] InventoryManager has been unloaded. (took 0ms)
[26-04-26 07:12:46] [INFO] [DEBUG] Starting unload of BettingManager at 1777187566133
[26-04-26 07:12:46] [INFO] [DEBUG] BettingManager has been unloaded. (took 0ms)
[26-04-26 07:12:46] [INFO] [DEBUG] Starting unload of SpectateManagerImpl at 1777187566133
[26-04-26 07:12:46] [INFO] [DEBUG] SpectateManagerImpl has been unloaded. (took 0ms)
[26-04-26 07:12:46] [INFO] [DEBUG] Starting unload of PlayerInfoManager at 1777187566133
[26-04-26 07:12:46] [INFO] [DEBUG] PlayerInfoManager has been unloaded. (took 238ms)
[26-04-26 07:12:46] [INFO] [DEBUG] Starting unload of SettingsManager at 1777187566371
[26-04-26 07:12:46] [INFO] [DEBUG] SettingsManager has been unloaded. (took 0ms)
[26-04-26 07:12:46] [INFO] [DEBUG] Starting unload of ArenaManagerImpl at 1777187566371
[26-04-26 07:12:46] [INFO] [DEBUG] ArenaManagerImpl has been unloaded. (took 0ms)
[26-04-26 07:12:46] [INFO] [DEBUG] Starting unload of KitManagerImpl at 1777187566371
[26-04-26 07:12:46] [INFO] [DEBUG] KitManagerImpl has been unloaded. (took 0ms)
[26-04-26 07:12:46] [INFO] [DEBUG] Starting unload of GuiListener at 1777187566371
[26-04-26 07:12:46] [INFO] [DEBUG] GuiListener has been unloaded. (took 38ms)
[26-04-26 07:12:46] [INFO] [DEBUG] Starting unload of UserManagerImpl at 1777187566409
[26-04-26 07:12:46] [INFO] [DEBUG] UserManagerImpl has been unloaded. (took 63ms)
[26-04-26 07:12:46] [INFO] [DEBUG] Starting unload of Lang at 1777187566472
[26-04-26 07:12:46] [INFO] [DEBUG] Lang has been unloaded. (took 0ms)
[26-04-26 07:12:46] [INFO] [DEBUG] Starting unload of Config at 1777187566472
[26-04-26 07:12:46] [INFO] [DEBUG] Config has been unloaded. (took 0ms)
[26-04-26 07:12:46] [INFO] [DEBUG] unload done (took 420ms)
[26-04-26 07:12:46] [INFO] [DEBUG] Log#clearSources done (took 0ms)
[26-04-26 07:21:25] [INFO] [DEBUG] onEnable start -> 1777188085505

[26-04-26 07:21:25] [INFO] [DEBUG] Starting load of Config at 1777188085546
[26-04-26 07:21:25] [INFO] [DEBUG] Config has been loaded. (took 53ms)
[26-04-26 07:21:25] [INFO] [DEBUG] Starting load of Lang at 1777188085599
[26-04-26 07:21:25] [INFO] [DEBUG] Lang has been loaded. (took 21ms)
[26-04-26 07:21:25] [INFO] [DEBUG] Starting load of UserManagerImpl at 1777188085620
[26-04-26 07:21:25] [INFO] [DEBUG] UserManagerImpl has been loaded. (took 1ms)
[26-04-26 07:21:25] [INFO] [DEBUG] Starting load of GuiListener at 1777188085621
[26-04-26 07:21:25] [INFO] [DEBUG] GuiListener has been loaded. (took 0ms)
[26-04-26 07:21:25] [INFO] [DEBUG] Starting load of KitManagerImpl at 1777188085621
[26-04-26 07:21:25] [INFO] KitManagerImpl: Loaded 7 kit(s).
[26-04-26 07:21:25] [INFO] [DEBUG] KitManagerImpl has been loaded. (took 124ms)
[26-04-26 07:21:25] [INFO] [DEBUG] Starting load of ArenaManagerImpl at 1777188085746
[26-04-26 07:21:25] [INFO] ArenaManagerImpl: Loaded 7 arena(s).
[26-04-26 07:21:25] [INFO] [DEBUG] ArenaManagerImpl has been loaded. (took 28ms)
[26-04-26 07:21:25] [INFO] [DEBUG] Starting load of SettingsManager at 1777188085775
[26-04-26 07:21:25] [INFO] [DEBUG] SettingsManager has been loaded. (took 0ms)
[26-04-26 07:21:25] [INFO] [DEBUG] Starting load of PlayerInfoManager at 1777188085775
[26-04-26 07:21:25] [INFO] [DEBUG] PlayerInfoManager has been loaded. (took 31ms)
[26-04-26 07:21:25] [INFO] [DEBUG] Starting load of SpectateManagerImpl at 1777188085806
[26-04-26 07:21:25] [INFO] [DEBUG] SpectateManagerImpl has been loaded. (took 0ms)
[26-04-26 07:21:25] [INFO] [DEBUG] Starting load of BettingManager at 1777188085806
[26-04-26 07:21:25] [INFO] BettingManager: Vault was not found! Money betting feature will be automatically disabled.
[26-04-26 07:21:25] [INFO] [DEBUG] BettingManager has been loaded. (took 0ms)
[26-04-26 07:21:25] [INFO] [DEBUG] Starting load of InventoryManager at 1777188085806
[26-04-26 07:21:25] [INFO] [DEBUG] InventoryManager has been loaded. (took 1ms)
[26-04-26 07:21:25] [INFO] [DEBUG] Starting load of DuelManager at 1777188085807
[26-04-26 07:21:25] [INFO] [DEBUG] DuelManager has been loaded. (took 0ms)
[26-04-26 07:21:25] [INFO] [DEBUG] Starting load of QueueManager at 1777188085807
[26-04-26 07:21:25] [INFO] QueueManager: Loaded 0 queue(s).
[26-04-26 07:21:25] [INFO] [DEBUG] QueueManager has been loaded. (took 3ms)
[26-04-26 07:21:25] [INFO] [DEBUG] Starting load of QueueSignManagerImpl at 1777188085810
[26-04-26 07:21:25] [INFO] QueueSignManagerImpl: Loaded 0 queue sign(s).
[26-04-26 07:21:25] [INFO] [DEBUG] QueueSignManagerImpl has been loaded. (took 3ms)
[26-04-26 07:21:25] [INFO] [DEBUG] Starting load of RequestManager at 1777188085813
[26-04-26 07:21:25] [INFO] [DEBUG] RequestManager has been loaded. (took 0ms)
[26-04-26 07:21:25] [INFO] [DEBUG] Starting load of Teleport at 1777188085813
[26-04-26 07:21:25] [INFO] [DEBUG] Teleport has been loaded. (took 0ms)
[26-04-26 07:21:25] [INFO] [DEBUG] Starting load of ExtensionManager at 1777188085813
[26-04-26 07:21:25] [INFO] [DEBUG] ExtensionManager has been loaded. (took 0ms)
[26-04-26 07:21:26] [INFO] No updates were available. You are on the latest version!
[26-04-26 08:09:40] [INFO] [DEBUG] onDisable start -> 1777190980049

[26-04-26 08:09:40] [INFO] [DEBUG] Starting unload of ExtensionManager at 1777190980071
[26-04-26 08:09:40] [INFO] [DEBUG] ExtensionManager has been unloaded. (took 1ms)
[26-04-26 08:09:40] [INFO] [DEBUG] Starting unload of Teleport at 1777190980072
[26-04-26 08:09:40] [INFO] [DEBUG] Teleport has been unloaded. (took 0ms)
[26-04-26 08:09:40] [INFO] [DEBUG] Starting unload of RequestManager at 1777190980072
[26-04-26 08:09:40] [INFO] [DEBUG] RequestManager has been unloaded. (took 0ms)
[26-04-26 08:09:40] [INFO] [DEBUG] Starting unload of QueueSignManagerImpl at 1777190980072
[26-04-26 08:09:40] [INFO] [DEBUG] QueueSignManagerImpl has been unloaded. (took 1ms)
[26-04-26 08:09:40] [INFO] [DEBUG] Starting unload of QueueManager at 1777190980073
[26-04-26 08:09:40] [INFO] [DEBUG] QueueManager has been unloaded. (took 0ms)
[26-04-26 08:09:40] [INFO] [DEBUG] Starting unload of DuelManager at 1777190980073
[26-04-26 08:09:40] [INFO] [DEBUG] DuelManager has been unloaded. (took 0ms)
[26-04-26 08:09:40] [INFO] [DEBUG] Starting unload of InventoryManager at 1777190980074
[26-04-26 08:09:40] [INFO] [DEBUG] InventoryManager has been unloaded. (took 0ms)
[26-04-26 08:09:40] [INFO] [DEBUG] Starting unload of BettingManager at 1777190980074
[26-04-26 08:09:40] [INFO] [DEBUG] BettingManager has been unloaded. (took 0ms)
[26-04-26 08:09:40] [INFO] [DEBUG] Starting unload of SpectateManagerImpl at 1777190980074
[26-04-26 08:09:40] [INFO] [DEBUG] SpectateManagerImpl has been unloaded. (took 0ms)
[26-04-26 08:09:40] [INFO] [DEBUG] Starting unload of PlayerInfoManager at 1777190980074
[26-04-26 08:09:40] [INFO] [DEBUG] PlayerInfoManager has been unloaded. (took 12ms)
[26-04-26 08:09:40] [INFO] [DEBUG] Starting unload of SettingsManager at 1777190980087
[26-04-26 08:09:40] [INFO] [DEBUG] SettingsManager has been unloaded. (took 0ms)
[26-04-26 08:09:40] [INFO] [DEBUG] Starting unload of ArenaManagerImpl at 1777190980087
[26-04-26 08:09:40] [INFO] [DEBUG] ArenaManagerImpl has been unloaded. (took 0ms)
[26-04-26 08:09:40] [INFO] [DEBUG] Starting unload of KitManagerImpl at 1777190980087
[26-04-26 08:09:40] [INFO] [DEBUG] KitManagerImpl has been unloaded. (took 0ms)
[26-04-26 08:09:40] [INFO] [DEBUG] Starting unload of GuiListener at 1777190980087
[26-04-26 08:09:40] [INFO] [DEBUG] GuiListener has been unloaded. (took 1ms)
[26-04-26 08:09:40] [INFO] [DEBUG] Starting unload of UserManagerImpl at 1777190980088
[26-04-26 08:09:40] [INFO] [DEBUG] UserManagerImpl has been unloaded. (took 38ms)
[26-04-26 08:09:40] [INFO] [DEBUG] Starting unload of Lang at 1777190980128
[26-04-26 08:09:40] [INFO] [DEBUG] Lang has been unloaded. (took 0ms)
[26-04-26 08:09:40] [INFO] [DEBUG] Starting unload of Config at 1777190980130
[26-04-26 08:09:40] [INFO] [DEBUG] Config has been unloaded. (took 0ms)
[26-04-26 08:09:40] [INFO] [DEBUG] unload done (took 82ms)
[26-04-26 08:09:40] [INFO] [DEBUG] Log#clearSources done (took 0ms)
