[26-04-24 10:13:16] [INFO] [DEBUG] onEnable start -> 1777025596932

[26-04-24 10:13:16] [INFO] [DEBUG] Starting load of Config at 1777025596998
[26-04-24 10:13:17] [INFO] [DEBUG] Config has been loaded. (took 22ms)
[26-04-24 10:13:17] [INFO] [DEBUG] Starting load of Lang at 1777025597020
[26-04-24 10:13:17] [INFO] [DEBUG] Lang has been loaded. (took 34ms)
[26-04-24 10:13:17] [INFO] [DEBUG] Starting load of UserManagerImpl at 1777025597056
[26-04-24 10:13:17] [INFO] [DEBUG] UserManagerImpl has been loaded. (took 0ms)
[26-04-24 10:13:17] [INFO] [DEBUG] Starting load of GuiListener at 1777025597059
[26-04-24 10:13:17] [INFO] [DEBUG] GuiListener has been loaded. (took 0ms)
[26-04-24 10:13:17] [INFO] [DEBUG] Starting load of KitManagerImpl at 1777025597059
[26-04-24 10:13:17] [INFO] KitManagerImpl: Loaded 7 kit(s).
[26-04-24 10:13:17] [INFO] [DEBUG] KitManagerImpl has been loaded. (took 106ms)
[26-04-24 10:13:17] [INFO] [DEBUG] Starting load of ArenaManagerImpl at 1777025597168
[26-04-24 10:13:17] [INFO] ArenaManagerImpl: Loaded 7 arena(s).
[26-04-24 10:13:17] [INFO] [DEBUG] ArenaManagerImpl has been loaded. (took 30ms)
[26-04-24 10:13:17] [INFO] [DEBUG] Starting load of SettingsManager at 1777025597198
[26-04-24 10:13:17] [INFO] [DEBUG] SettingsManager has been loaded. (took 0ms)
[26-04-24 10:13:17] [INFO] [DEBUG] Starting load of PlayerInfoManager at 1777025597198
[26-04-24 10:13:17] [INFO] [DEBUG] PlayerInfoManager has been loaded. (took 16ms)
[26-04-24 10:13:17] [INFO] [DEBUG] Starting load of SpectateManagerImpl at 1777025597215
[26-04-24 10:13:17] [INFO] [DEBUG] SpectateManagerImpl has been loaded. (took 0ms)
[26-04-24 10:13:17] [INFO] [DEBUG] Starting load of BettingManager at 1777025597215
[26-04-24 10:13:17] [INFO] BettingManager: Vault was not found! Money betting feature will be automatically disabled.
[26-04-24 10:13:17] [INFO] [DEBUG] BettingManager has been loaded. (took 0ms)
[26-04-24 10:13:17] [INFO] [DEBUG] Starting load of InventoryManager at 1777025597216
[26-04-24 10:13:17] [INFO] [DEBUG] InventoryManager has been loaded. (took 0ms)
[26-04-24 10:13:17] [INFO] [DEBUG] Starting load of DuelManager at 1777025597218
[26-04-24 10:13:17] [INFO] [DEBUG] DuelManager has been loaded. (took 0ms)
[26-04-24 10:13:17] [INFO] [DEBUG] Starting load of QueueManager at 1777025597218
[26-04-24 10:13:17] [INFO] QueueManager: Loaded 0 queue(s).
[26-04-24 10:13:17] [INFO] [DEBUG] QueueManager has been loaded. (took 1ms)
[26-04-24 10:13:17] [INFO] [DEBUG] Starting load of QueueSignManagerImpl at 1777025597219
[26-04-24 10:13:17] [INFO] QueueSignManagerImpl: Loaded 0 queue sign(s).
[26-04-24 10:13:17] [INFO] [DEBUG] QueueSignManagerImpl has been loaded. (took 2ms)
[26-04-24 10:13:17] [INFO] [DEBUG] Starting load of RequestManager at 1777025597221
[26-04-24 10:13:17] [INFO] [DEBUG] RequestManager has been loaded. (took 0ms)
[26-04-24 10:13:17] [INFO] [DEBUG] Starting load of Teleport at 1777025597221
[26-04-24 10:13:17] [INFO] [DEBUG] Teleport has been loaded. (took 0ms)
[26-04-24 10:13:17] [INFO] [DEBUG] Starting load of ExtensionManager at 1777025597221
[26-04-24 10:13:17] [INFO] [DEBUG] ExtensionManager has been loaded. (took 1ms)
[26-04-24 10:13:17] [INFO] No updates were available. You are on the latest version!
[26-04-24 11:07:09] [INFO] [DEBUG] onDisable start -> 1777028829653

[26-04-24 11:07:09] [INFO] [DEBUG] Starting unload of ExtensionManager at 1777028829699
[26-04-24 11:07:09] [INFO] [DEBUG] ExtensionManager has been unloaded. (took 1ms)
[26-04-24 11:07:09] [INFO] [DEBUG] Starting unload of Teleport at 1777028829700
[26-04-24 11:07:09] [INFO] [DEBUG] Teleport has been unloaded. (took 0ms)
[26-04-24 11:07:09] [INFO] [DEBUG] Starting unload of RequestManager at 1777028829700
[26-04-24 11:07:09] [INFO] [DEBUG] RequestManager has been unloaded. (took 0ms)
[26-04-24 11:07:09] [INFO] [DEBUG] Starting unload of QueueSignManagerImpl at 1777028829700
[26-04-24 11:07:09] [INFO] [DEBUG] QueueSignManagerImpl has been unloaded. (took 0ms)
[26-04-24 11:07:09] [INFO] [DEBUG] Starting unload of QueueManager at 1777028829700
[26-04-24 11:07:09] [INFO] [DEBUG] QueueManager has been unloaded. (took 0ms)
[26-04-24 11:07:09] [INFO] [DEBUG] Starting unload of DuelManager at 1777028829700
[26-04-24 11:07:09] [INFO] [DEBUG] DuelManager has been unloaded. (took 0ms)
[26-04-24 11:07:09] [INFO] [DEBUG] Starting unload of InventoryManager at 1777028829700
[26-04-24 11:07:09] [INFO] [DEBUG] InventoryManager has been unloaded. (took 0ms)
[26-04-24 11:07:09] [INFO] [DEBUG] Starting unload of BettingManager at 1777028829700
[26-04-24 11:07:09] [INFO] [DEBUG] BettingManager has been unloaded. (took 0ms)
[26-04-24 11:07:09] [INFO] [DEBUG] Starting unload of SpectateManagerImpl at 1777028829700
[26-04-24 11:07:09] [INFO] [DEBUG] SpectateManagerImpl has been unloaded. (took 0ms)
[26-04-24 11:07:09] [INFO] [DEBUG] Starting unload of PlayerInfoManager at 1777028829700
[26-04-24 11:07:09] [INFO] [DEBUG] PlayerInfoManager has been unloaded. (took 37ms)
[26-04-24 11:07:09] [INFO] [DEBUG] Starting unload of SettingsManager at 1777028829737
[26-04-24 11:07:09] [INFO] [DEBUG] SettingsManager has been unloaded. (took 0ms)
[26-04-24 11:07:09] [INFO] [DEBUG] Starting unload of ArenaManagerImpl at 1777028829737
[26-04-24 11:07:09] [INFO] [DEBUG] ArenaManagerImpl has been unloaded. (took 0ms)
[26-04-24 11:07:09] [INFO] [DEBUG] Starting unload of KitManagerImpl at 1777028829737
[26-04-24 11:07:09] [INFO] [DEBUG] KitManagerImpl has been unloaded. (took 0ms)
[26-04-24 11:07:09] [INFO] [DEBUG] Starting unload of GuiListener at 1777028829737
[26-04-24 11:07:09] [INFO] [DEBUG] GuiListener has been unloaded. (took 1ms)
[26-04-24 11:07:09] [INFO] [DEBUG] Starting unload of UserManagerImpl at 1777028829738
[26-04-24 11:07:09] [INFO] [DEBUG] UserManagerImpl has been unloaded. (took 26ms)
[26-04-24 11:07:09] [INFO] [DEBUG] Starting unload of Lang at 1777028829764
[26-04-24 11:07:09] [INFO] [DEBUG] Lang has been unloaded. (took 2ms)
[26-04-24 11:07:09] [INFO] [DEBUG] Starting unload of Config at 1777028829766
[26-04-24 11:07:09] [INFO] [DEBUG] Config has been unloaded. (took 0ms)
[26-04-24 11:07:09] [INFO] [DEBUG] unload done (took 113ms)
[26-04-24 11:07:09] [INFO] [DEBUG] Log#clearSources done (took 0ms)
[26-04-24 11:10:38] [INFO] [DEBUG] onEnable start -> 1777029038104

[26-04-24 11:10:38] [INFO] [DEBUG] Starting load of Config at 1777029038161
[26-04-24 11:10:38] [INFO] [DEBUG] Config has been loaded. (took 10ms)
[26-04-24 11:10:38] [INFO] [DEBUG] Starting load of Lang at 1777029038172
[26-04-24 11:10:38] [INFO] [DEBUG] Lang has been loaded. (took 22ms)
[26-04-24 11:10:38] [INFO] [DEBUG] Starting load of UserManagerImpl at 1777029038194
[26-04-24 11:10:38] [INFO] [DEBUG] UserManagerImpl has been loaded. (took 0ms)
[26-04-24 11:10:38] [INFO] [DEBUG] Starting load of GuiListener at 1777029038194
[26-04-24 11:10:38] [INFO] [DEBUG] GuiListener has been loaded. (took 1ms)
[26-04-24 11:10:38] [INFO] [DEBUG] Starting load of KitManagerImpl at 1777029038195
[26-04-24 11:10:38] [INFO] KitManagerImpl: Loaded 7 kit(s).
[26-04-24 11:10:38] [INFO] [DEBUG] KitManagerImpl has been loaded. (took 110ms)
[26-04-24 11:10:38] [INFO] [DEBUG] Starting load of ArenaManagerImpl at 1777029038305
[26-04-24 11:10:38] [INFO] ArenaManagerImpl: Loaded 7 arena(s).
[26-04-24 11:10:38] [INFO] [DEBUG] ArenaManagerImpl has been loaded. (took 24ms)
[26-04-24 11:10:38] [INFO] [DEBUG] Starting load of SettingsManager at 1777029038329
[26-04-24 11:10:38] [INFO] [DEBUG] SettingsManager has been loaded. (took 1ms)
[26-04-24 11:10:38] [INFO] [DEBUG] Starting load of PlayerInfoManager at 1777029038330
[26-04-24 11:10:38] [INFO] [DEBUG] PlayerInfoManager has been loaded. (took 10ms)
[26-04-24 11:10:38] [INFO] [DEBUG] Starting load of SpectateManagerImpl at 1777029038340
[26-04-24 11:10:38] [INFO] [DEBUG] SpectateManagerImpl has been loaded. (took 0ms)
[26-04-24 11:10:38] [INFO] [DEBUG] Starting load of BettingManager at 1777029038340
[26-04-24 11:10:38] [INFO] BettingManager: Vault was not found! Money betting feature will be automatically disabled.
[26-04-24 11:10:38] [INFO] [DEBUG] BettingManager has been loaded. (took 0ms)
[26-04-24 11:10:38] [INFO] [DEBUG] Starting load of InventoryManager at 1777029038340
[26-04-24 11:10:38] [INFO] [DEBUG] InventoryManager has been loaded. (took 1ms)
[26-04-24 11:10:38] [INFO] [DEBUG] Starting load of DuelManager at 1777029038341
[26-04-24 11:10:38] [INFO] [DEBUG] DuelManager has been loaded. (took 0ms)
[26-04-24 11:10:38] [INFO] [DEBUG] Starting load of QueueManager at 1777029038341
[26-04-24 11:10:38] [INFO] QueueManager: Loaded 0 queue(s).
[26-04-24 11:10:38] [INFO] [DEBUG] QueueManager has been loaded. (took 1ms)
[26-04-24 11:10:38] [INFO] [DEBUG] Starting load of QueueSignManagerImpl at 1777029038342
[26-04-24 11:10:38] [INFO] QueueSignManagerImpl: Loaded 0 queue sign(s).
[26-04-24 11:10:38] [INFO] [DEBUG] QueueSignManagerImpl has been loaded. (took 1ms)
[26-04-24 11:10:38] [INFO] [DEBUG] Starting load of RequestManager at 1777029038343
[26-04-24 11:10:38] [INFO] [DEBUG] RequestManager has been loaded. (took 0ms)
[26-04-24 11:10:38] [INFO] [DEBUG] Starting load of Teleport at 1777029038343
[26-04-24 11:10:38] [INFO] [DEBUG] Teleport has been loaded. (took 0ms)
[26-04-24 11:10:38] [INFO] [DEBUG] Starting load of ExtensionManager at 1777029038343
[26-04-24 11:10:38] [INFO] [DEBUG] ExtensionManager has been loaded. (took 1ms)
[26-04-24 11:10:38] [INFO] No updates were available. You are on the latest version!
[26-04-24 11:11:53] [INFO] [DEBUG] onDisable start -> 1777029113248

[26-04-24 11:11:53] [INFO] [DEBUG] Starting unload of ExtensionManager at 1777029113267
[26-04-24 11:11:53] [INFO] [DEBUG] ExtensionManager has been unloaded. (took 1ms)
[26-04-24 11:11:53] [INFO] [DEBUG] Starting unload of Teleport at 1777029113271
[26-04-24 11:11:53] [INFO] [DEBUG] Teleport has been unloaded. (took 2ms)
[26-04-24 11:11:53] [INFO] [DEBUG] Starting unload of RequestManager at 1777029113273
[26-04-24 11:11:53] [INFO] [DEBUG] RequestManager has been unloaded. (took 0ms)
[26-04-24 11:11:53] [INFO] [DEBUG] Starting unload of QueueSignManagerImpl at 1777029113273
[26-04-24 11:11:53] [INFO] [DEBUG] QueueSignManagerImpl has been unloaded. (took 0ms)
[26-04-24 11:11:53] [INFO] [DEBUG] Starting unload of QueueManager at 1777029113273
[26-04-24 11:11:53] [INFO] [DEBUG] QueueManager has been unloaded. (took 0ms)
[26-04-24 11:11:53] [INFO] [DEBUG] Starting unload of DuelManager at 1777029113275
[26-04-24 11:11:53] [INFO] [DEBUG] DuelManager has been unloaded. (took 0ms)
[26-04-24 11:11:53] [INFO] [DEBUG] Starting unload of InventoryManager at 1777029113275
[26-04-24 11:11:53] [INFO] [DEBUG] InventoryManager has been unloaded. (took 0ms)
[26-04-24 11:11:53] [INFO] [DEBUG] Starting unload of BettingManager at 1777029113275
[26-04-24 11:11:53] [INFO] [DEBUG] BettingManager has been unloaded. (took 0ms)
[26-04-24 11:11:53] [INFO] [DEBUG] Starting unload of SpectateManagerImpl at 1777029113275
[26-04-24 11:11:53] [INFO] [DEBUG] SpectateManagerImpl has been unloaded. (took 0ms)
[26-04-24 11:11:53] [INFO] [DEBUG] Starting unload of PlayerInfoManager at 1777029113275
[26-04-24 11:11:53] [INFO] [DEBUG] PlayerInfoManager has been unloaded. (took 96ms)
[26-04-24 11:11:53] [INFO] [DEBUG] Starting unload of SettingsManager at 1777029113371
[26-04-24 11:11:53] [INFO] [DEBUG] SettingsManager has been unloaded. (took 0ms)
[26-04-24 11:11:53] [INFO] [DEBUG] Starting unload of ArenaManagerImpl at 1777029113371
[26-04-24 11:11:53] [INFO] [DEBUG] ArenaManagerImpl has been unloaded. (took 0ms)
[26-04-24 11:11:53] [INFO] [DEBUG] Starting unload of KitManagerImpl at 1777029113371
[26-04-24 11:11:53] [INFO] [DEBUG] KitManagerImpl has been unloaded. (took 0ms)
[26-04-24 11:11:53] [INFO] [DEBUG] Starting unload of GuiListener at 1777029113371
[26-04-24 11:11:53] [INFO] [DEBUG] GuiListener has been unloaded. (took 2ms)
[26-04-24 11:11:53] [INFO] [DEBUG] Starting unload of UserManagerImpl at 1777029113373
[26-04-24 11:11:53] [INFO] [DEBUG] UserManagerImpl has been unloaded. (took 17ms)
[26-04-24 11:11:53] [INFO] [DEBUG] Starting unload of Lang at 1777029113393
[26-04-24 11:11:53] [INFO] [DEBUG] Lang has been unloaded. (took 0ms)
[26-04-24 11:11:53] [INFO] [DEBUG] Starting unload of Config at 1777029113393
[26-04-24 11:11:53] [INFO] [DEBUG] Config has been unloaded. (took 0ms)
[26-04-24 11:11:53] [INFO] [DEBUG] unload done (took 145ms)
[26-04-24 11:11:53] [INFO] [DEBUG] Log#clearSources done (took 0ms)
[26-04-24 11:18:15] [INFO] [DEBUG] onEnable start -> 1777029495853

[26-04-24 11:18:16] [INFO] [DEBUG] Starting load of Config at 1777029496021
[26-04-24 11:18:16] [INFO] [DEBUG] Config has been loaded. (took 48ms)
[26-04-24 11:18:16] [INFO] [DEBUG] Starting load of Lang at 1777029496070
[26-04-24 11:18:16] [INFO] [DEBUG] Lang has been loaded. (took 42ms)
[26-04-24 11:18:16] [INFO] [DEBUG] Starting load of UserManagerImpl at 1777029496113
[26-04-24 11:18:16] [INFO] [DEBUG] UserManagerImpl has been loaded. (took 0ms)
[26-04-24 11:18:16] [INFO] [DEBUG] Starting load of GuiListener at 1777029496113
[26-04-24 11:18:16] [INFO] [DEBUG] GuiListener has been loaded. (took 0ms)
[26-04-24 11:18:16] [INFO] [DEBUG] Starting load of KitManagerImpl at 1777029496113
[26-04-24 11:18:16] [INFO] KitManagerImpl: Loaded 7 kit(s).
[26-04-24 11:18:16] [INFO] [DEBUG] KitManagerImpl has been loaded. (took 295ms)
[26-04-24 11:18:16] [INFO] [DEBUG] Starting load of ArenaManagerImpl at 1777029496409
[26-04-24 11:18:16] [INFO] ArenaManagerImpl: Loaded 7 arena(s).
[26-04-24 11:18:16] [INFO] [DEBUG] ArenaManagerImpl has been loaded. (took 120ms)
[26-04-24 11:18:16] [INFO] [DEBUG] Starting load of SettingsManager at 1777029496530
[26-04-24 11:18:16] [INFO] [DEBUG] SettingsManager has been loaded. (took 0ms)
[26-04-24 11:18:16] [INFO] [DEBUG] Starting load of PlayerInfoManager at 1777029496530
[26-04-24 11:18:16] [INFO] [DEBUG] PlayerInfoManager has been loaded. (took 100ms)
[26-04-24 11:18:16] [INFO] [DEBUG] Starting load of SpectateManagerImpl at 1777029496631
[26-04-24 11:18:16] [INFO] [DEBUG] SpectateManagerImpl has been loaded. (took 2ms)
[26-04-24 11:18:16] [INFO] [DEBUG] Starting load of BettingManager at 1777029496634
[26-04-24 11:18:16] [INFO] BettingManager: Vault was not found! Money betting feature will be automatically disabled.
[26-04-24 11:18:16] [INFO] [DEBUG] BettingManager has been loaded. (took 3ms)
[26-04-24 11:18:16] [INFO] [DEBUG] Starting load of InventoryManager at 1777029496637
[26-04-24 11:18:16] [INFO] [DEBUG] InventoryManager has been loaded. (took 10ms)
[26-04-24 11:18:16] [INFO] [DEBUG] Starting load of DuelManager at 1777029496648
[26-04-24 11:18:16] [INFO] [DEBUG] DuelManager has been loaded. (took 1ms)
[26-04-24 11:18:16] [INFO] [DEBUG] Starting load of QueueManager at 1777029496649
[26-04-24 11:18:16] [INFO] QueueManager: Loaded 0 queue(s).
[26-04-24 11:18:16] [INFO] [DEBUG] QueueManager has been loaded. (took 11ms)
[26-04-24 11:18:16] [INFO] [DEBUG] Starting load of QueueSignManagerImpl at 1777029496662
[26-04-24 11:18:16] [INFO] QueueSignManagerImpl: Loaded 0 queue sign(s).
[26-04-24 11:18:16] [INFO] [DEBUG] QueueSignManagerImpl has been loaded. (took 10ms)
[26-04-24 11:18:16] [INFO] [DEBUG] Starting load of RequestManager at 1777029496672
[26-04-24 11:18:16] [INFO] [DEBUG] RequestManager has been loaded. (took 0ms)
[26-04-24 11:18:16] [INFO] [DEBUG] Starting load of Teleport at 1777029496672
[26-04-24 11:18:16] [INFO] [DEBUG] Teleport has been loaded. (took 1ms)
[26-04-24 11:18:16] [INFO] [DEBUG] Starting load of ExtensionManager at 1777029496673
[26-04-24 11:18:16] [INFO] [DEBUG] ExtensionManager has been loaded. (took 19ms)
[26-04-24 11:18:17] [INFO] No updates were available. You are on the latest version!
[26-04-24 11:48:18] [INFO] [DEBUG] onDisable start -> 1777031298626

[26-04-24 11:48:18] [INFO] [DEBUG] Starting unload of ExtensionManager at 1777031298664
[26-04-24 11:48:18] [INFO] [DEBUG] ExtensionManager has been unloaded. (took 1ms)
[26-04-24 11:48:18] [INFO] [DEBUG] Starting unload of Teleport at 1777031298665
[26-04-24 11:48:18] [INFO] [DEBUG] Teleport has been unloaded. (took 0ms)
[26-04-24 11:48:18] [INFO] [DEBUG] Starting unload of RequestManager at 1777031298665
[26-04-24 11:48:18] [INFO] [DEBUG] RequestManager has been unloaded. (took 0ms)
[26-04-24 11:48:18] [INFO] [DEBUG] Starting unload of QueueSignManagerImpl at 1777031298665
[26-04-24 11:48:18] [INFO] [DEBUG] QueueSignManagerImpl has been unloaded. (took 0ms)
[26-04-24 11:48:18] [INFO] [DEBUG] Starting unload of QueueManager at 1777031298667
[26-04-24 11:48:18] [INFO] [DEBUG] QueueManager has been unloaded. (took 1ms)
[26-04-24 11:48:18] [INFO] [DEBUG] Starting unload of DuelManager at 1777031298668
[26-04-24 11:48:18] [INFO] [DEBUG] DuelManager has been unloaded. (took 1ms)
[26-04-24 11:48:18] [INFO] [DEBUG] Starting unload of InventoryManager at 1777031298669
[26-04-24 11:48:18] [INFO] [DEBUG] InventoryManager has been unloaded. (took 0ms)
[26-04-24 11:48:18] [INFO] [DEBUG] Starting unload of BettingManager at 1777031298669
[26-04-24 11:48:18] [INFO] [DEBUG] BettingManager has been unloaded. (took 0ms)
[26-04-24 11:48:18] [INFO] [DEBUG] Starting unload of SpectateManagerImpl at 1777031298669
[26-04-24 11:48:18] [INFO] [DEBUG] SpectateManagerImpl has been unloaded. (took 0ms)
[26-04-24 11:48:18] [INFO] [DEBUG] Starting unload of PlayerInfoManager at 1777031298669
[26-04-24 11:48:18] [INFO] [DEBUG] PlayerInfoManager has been unloaded. (took 18ms)
[26-04-24 11:48:18] [INFO] [DEBUG] Starting unload of SettingsManager at 1777031298689
[26-04-24 11:48:18] [INFO] [DEBUG] SettingsManager has been unloaded. (took 0ms)
[26-04-24 11:48:18] [INFO] [DEBUG] Starting unload of ArenaManagerImpl at 1777031298690
[26-04-24 11:48:18] [INFO] [DEBUG] ArenaManagerImpl has been unloaded. (took 0ms)
[26-04-24 11:48:18] [INFO] [DEBUG] Starting unload of KitManagerImpl at 1777031298690
[26-04-24 11:48:18] [INFO] [DEBUG] KitManagerImpl has been unloaded. (took 0ms)
[26-04-24 11:48:18] [INFO] [DEBUG] Starting unload of GuiListener at 1777031298690
[26-04-24 11:48:18] [INFO] [DEBUG] GuiListener has been unloaded. (took 0ms)
[26-04-24 11:48:18] [INFO] [DEBUG] Starting unload of UserManagerImpl at 1777031298691
[26-04-24 11:48:18] [INFO] [DEBUG] UserManagerImpl has been unloaded. (took 7ms)
[26-04-24 11:48:18] [INFO] [DEBUG] Starting unload of Lang at 1777031298698
[26-04-24 11:48:18] [INFO] [DEBUG] Lang has been unloaded. (took 0ms)
[26-04-24 11:48:18] [INFO] [DEBUG] Starting unload of Config at 1777031298698
[26-04-24 11:48:18] [INFO] [DEBUG] Config has been unloaded. (took 0ms)
[26-04-24 11:48:18] [INFO] [DEBUG] unload done (took 72ms)
[26-04-24 11:48:18] [INFO] [DEBUG] Log#clearSources done (took 0ms)
[26-04-24 11:49:31] [INFO] [DEBUG] onEnable start -> 1777031371614

[26-04-24 11:49:31] [INFO] [DEBUG] Starting load of Config at 1777031371678
[26-04-24 11:49:31] [INFO] [DEBUG] Config has been loaded. (took 25ms)
[26-04-24 11:49:31] [INFO] [DEBUG] Starting load of Lang at 1777031371704
[26-04-24 11:49:31] [INFO] [DEBUG] Lang has been loaded. (took 40ms)
[26-04-24 11:49:31] [INFO] [DEBUG] Starting load of UserManagerImpl at 1777031371747
[26-04-24 11:49:31] [INFO] [DEBUG] UserManagerImpl has been loaded. (took 1ms)
[26-04-24 11:49:31] [INFO] [DEBUG] Starting load of GuiListener at 1777031371748
[26-04-24 11:49:31] [INFO] [DEBUG] GuiListener has been loaded. (took 0ms)
[26-04-24 11:49:31] [INFO] [DEBUG] Starting load of KitManagerImpl at 1777031371748
[26-04-24 11:49:31] [INFO] KitManagerImpl: Loaded 7 kit(s).
[26-04-24 11:49:31] [INFO] [DEBUG] KitManagerImpl has been loaded. (took 165ms)
[26-04-24 11:49:31] [INFO] [DEBUG] Starting load of ArenaManagerImpl at 1777031371916
[26-04-24 11:49:31] [INFO] ArenaManagerImpl: Loaded 7 arena(s).
[26-04-24 11:49:31] [INFO] [DEBUG] ArenaManagerImpl has been loaded. (took 22ms)
[26-04-24 11:49:31] [INFO] [DEBUG] Starting load of SettingsManager at 1777031371938
[26-04-24 11:49:31] [INFO] [DEBUG] SettingsManager has been loaded. (took 0ms)
[26-04-24 11:49:31] [INFO] [DEBUG] Starting load of PlayerInfoManager at 1777031371940
[26-04-24 11:49:31] [INFO] [DEBUG] PlayerInfoManager has been loaded. (took 30ms)
[26-04-24 11:49:31] [INFO] [DEBUG] Starting load of SpectateManagerImpl at 1777031371971
[26-04-24 11:49:31] [INFO] [DEBUG] SpectateManagerImpl has been loaded. (took 0ms)
[26-04-24 11:49:31] [INFO] [DEBUG] Starting load of BettingManager at 1777031371971
[26-04-24 11:49:31] [INFO] BettingManager: Vault was not found! Money betting feature will be automatically disabled.
[26-04-24 11:49:31] [INFO] [DEBUG] BettingManager has been loaded. (took 2ms)
[26-04-24 11:49:31] [INFO] [DEBUG] Starting load of InventoryManager at 1777031371974
[26-04-24 11:49:31] [INFO] [DEBUG] InventoryManager has been loaded. (took 4ms)
[26-04-24 11:49:31] [INFO] [DEBUG] Starting load of DuelManager at 1777031371978
[26-04-24 11:49:31] [INFO] [DEBUG] DuelManager has been loaded. (took 0ms)
[26-04-24 11:49:31] [INFO] [DEBUG] Starting load of QueueManager at 1777031371978
[26-04-24 11:49:31] [INFO] QueueManager: Loaded 0 queue(s).
[26-04-24 11:49:31] [INFO] [DEBUG] QueueManager has been loaded. (took 4ms)
[26-04-24 11:49:31] [INFO] [DEBUG] Starting load of QueueSignManagerImpl at 1777031371990
[26-04-24 11:49:31] [INFO] QueueSignManagerImpl: Loaded 0 queue sign(s).
[26-04-24 11:49:31] [INFO] [DEBUG] QueueSignManagerImpl has been loaded. (took 3ms)
[26-04-24 11:49:31] [INFO] [DEBUG] Starting load of RequestManager at 1777031371998
[26-04-24 11:49:31] [INFO] [DEBUG] RequestManager has been loaded. (took 1ms)
[26-04-24 11:49:32] [INFO] [DEBUG] Starting load of Teleport at 1777031372005
[26-04-24 11:49:32] [INFO] [DEBUG] Teleport has been loaded. (took 1ms)
[26-04-24 11:49:32] [INFO] [DEBUG] Starting load of ExtensionManager at 1777031372006
[26-04-24 11:49:32] [INFO] [DEBUG] ExtensionManager has been loaded. (took 0ms)
[26-04-24 11:49:32] [INFO] No updates were available. You are on the latest version!
[26-04-24 12:04:36] [INFO] [DEBUG] onDisable start -> 1777032276726

[26-04-24 12:04:36] [INFO] [DEBUG] Starting unload of ExtensionManager at 1777032276755
[26-04-24 12:04:36] [INFO] [DEBUG] ExtensionManager has been unloaded. (took 2ms)
[26-04-24 12:04:36] [INFO] [DEBUG] Starting unload of Teleport at 1777032276760
[26-04-24 12:04:36] [INFO] [DEBUG] Teleport has been unloaded. (took 0ms)
[26-04-24 12:04:36] [INFO] [DEBUG] Starting unload of RequestManager at 1777032276760
[26-04-24 12:04:36] [INFO] [DEBUG] RequestManager has been unloaded. (took 0ms)
[26-04-24 12:04:36] [INFO] [DEBUG] Starting unload of QueueSignManagerImpl at 1777032276760
[26-04-24 12:04:36] [INFO] [DEBUG] QueueSignManagerImpl has been unloaded. (took 0ms)
[26-04-24 12:04:36] [INFO] [DEBUG] Starting unload of QueueManager at 1777032276760
[26-04-24 12:04:36] [INFO] [DEBUG] QueueManager has been unloaded. (took 0ms)
[26-04-24 12:04:36] [INFO] [DEBUG] Starting unload of DuelManager at 1777032276760
[26-04-24 12:04:36] [INFO] [DEBUG] DuelManager has been unloaded. (took 0ms)
[26-04-24 12:04:36] [INFO] [DEBUG] Starting unload of InventoryManager at 1777032276761
[26-04-24 12:04:36] [INFO] [DEBUG] InventoryManager has been unloaded. (took 0ms)
[26-04-24 12:04:36] [INFO] [DEBUG] Starting unload of BettingManager at 1777032276761
[26-04-24 12:04:36] [INFO] [DEBUG] BettingManager has been unloaded. (took 0ms)
[26-04-24 12:04:36] [INFO] [DEBUG] Starting unload of SpectateManagerImpl at 1777032276761
[26-04-24 12:04:36] [INFO] [DEBUG] SpectateManagerImpl has been unloaded. (took 0ms)
[26-04-24 12:04:36] [INFO] [DEBUG] Starting unload of PlayerInfoManager at 1777032276761
[26-04-24 12:04:36] [INFO] [DEBUG] PlayerInfoManager has been unloaded. (took 45ms)
[26-04-24 12:04:36] [INFO] [DEBUG] Starting unload of SettingsManager at 1777032276808
[26-04-24 12:04:36] [INFO] [DEBUG] SettingsManager has been unloaded. (took 0ms)
[26-04-24 12:04:36] [INFO] [DEBUG] Starting unload of ArenaManagerImpl at 1777032276808
[26-04-24 12:04:36] [INFO] [DEBUG] ArenaManagerImpl has been unloaded. (took 1ms)
[26-04-24 12:04:36] [INFO] [DEBUG] Starting unload of KitManagerImpl at 1777032276809
[26-04-24 12:04:36] [INFO] [DEBUG] KitManagerImpl has been unloaded. (took 0ms)
[26-04-24 12:04:36] [INFO] [DEBUG] Starting unload of GuiListener at 1777032276809
[26-04-24 12:04:36] [INFO] [DEBUG] GuiListener has been unloaded. (took 1ms)
[26-04-24 12:04:36] [INFO] [DEBUG] Starting unload of UserManagerImpl at 1777032276810
[26-04-24 12:04:36] [INFO] [DEBUG] UserManagerImpl has been unloaded. (took 12ms)
[26-04-24 12:04:36] [INFO] [DEBUG] Starting unload of Lang at 1777032276822
[26-04-24 12:04:36] [INFO] [DEBUG] Lang has been unloaded. (took 0ms)
[26-04-24 12:04:36] [INFO] [DEBUG] Starting unload of Config at 1777032276822
[26-04-24 12:04:36] [INFO] [DEBUG] Config has been unloaded. (took 0ms)
[26-04-24 12:04:36] [INFO] [DEBUG] unload done (took 96ms)
[26-04-24 12:04:36] [INFO] [DEBUG] Log#clearSources done (took 0ms)
[26-04-24 12:06:48] [INFO] [DEBUG] onEnable start -> 1777032408397

[26-04-24 12:06:48] [INFO] [DEBUG] Starting load of Config at 1777032408463
[26-04-24 12:06:48] [INFO] [DEBUG] Config has been loaded. (took 13ms)
[26-04-24 12:06:48] [INFO] [DEBUG] Starting load of Lang at 1777032408476
[26-04-24 12:06:48] [INFO] [DEBUG] Lang has been loaded. (took 18ms)
[26-04-24 12:06:48] [INFO] [DEBUG] Starting load of UserManagerImpl at 1777032408494
[26-04-24 12:06:48] [INFO] [DEBUG] UserManagerImpl has been loaded. (took 1ms)
[26-04-24 12:06:48] [INFO] [DEBUG] Starting load of GuiListener at 1777032408495
[26-04-24 12:06:48] [INFO] [DEBUG] GuiListener has been loaded. (took 0ms)
[26-04-24 12:06:48] [INFO] [DEBUG] Starting load of KitManagerImpl at 1777032408496
[26-04-24 12:06:48] [INFO] KitManagerImpl: Loaded 7 kit(s).
[26-04-24 12:06:48] [INFO] [DEBUG] KitManagerImpl has been loaded. (took 146ms)
[26-04-24 12:06:48] [INFO] [DEBUG] Starting load of ArenaManagerImpl at 1777032408644
[26-04-24 12:06:48] [INFO] ArenaManagerImpl: Loaded 7 arena(s).
[26-04-24 12:06:48] [INFO] [DEBUG] ArenaManagerImpl has been loaded. (took 30ms)
[26-04-24 12:06:48] [INFO] [DEBUG] Starting load of SettingsManager at 1777032408674
[26-04-24 12:06:48] [INFO] [DEBUG] SettingsManager has been loaded. (took 1ms)
[26-04-24 12:06:48] [INFO] [DEBUG] Starting load of PlayerInfoManager at 1777032408675
[26-04-24 12:06:48] [INFO] [DEBUG] PlayerInfoManager has been loaded. (took 28ms)
[26-04-24 12:06:48] [INFO] [DEBUG] Starting load of SpectateManagerImpl at 1777032408704
[26-04-24 12:06:48] [INFO] [DEBUG] SpectateManagerImpl has been loaded. (took 0ms)
[26-04-24 12:06:48] [INFO] [DEBUG] Starting load of BettingManager at 1777032408704
[26-04-24 12:06:48] [INFO] BettingManager: Vault was not found! Money betting feature will be automatically disabled.
[26-04-24 12:06:48] [INFO] [DEBUG] BettingManager has been loaded. (took 1ms)
[26-04-24 12:06:48] [INFO] [DEBUG] Starting load of InventoryManager at 1777032408705
[26-04-24 12:06:48] [INFO] [DEBUG] InventoryManager has been loaded. (took 1ms)
[26-04-24 12:06:48] [INFO] [DEBUG] Starting load of DuelManager at 1777032408708
[26-04-24 12:06:48] [INFO] [DEBUG] DuelManager has been loaded. (took 0ms)
[26-04-24 12:06:48] [INFO] [DEBUG] Starting load of QueueManager at 1777032408708
[26-04-24 12:06:48] [INFO] QueueManager: Loaded 0 queue(s).
[26-04-24 12:06:48] [INFO] [DEBUG] QueueManager has been loaded. (took 1ms)
[26-04-24 12:06:48] [INFO] [DEBUG] Starting load of QueueSignManagerImpl at 1777032408709
[26-04-24 12:06:48] [INFO] QueueSignManagerImpl: Loaded 0 queue sign(s).
[26-04-24 12:06:48] [INFO] [DEBUG] QueueSignManagerImpl has been loaded. (took 3ms)
[26-04-24 12:06:48] [INFO] [DEBUG] Starting load of RequestManager at 1777032408713
[26-04-24 12:06:48] [INFO] [DEBUG] RequestManager has been loaded. (took 0ms)
[26-04-24 12:06:48] [INFO] [DEBUG] Starting load of Teleport at 1777032408713
[26-04-24 12:06:48] [INFO] [DEBUG] Teleport has been loaded. (took 0ms)
[26-04-24 12:06:48] [INFO] [DEBUG] Starting load of ExtensionManager at 1777032408713
[26-04-24 12:06:48] [INFO] [DEBUG] ExtensionManager has been loaded. (took 2ms)
[26-04-24 12:06:49] [INFO] No updates were available. You are on the latest version!
[26-04-24 12:51:55] [INFO] [DEBUG] onDisable start -> 1777035115859

[26-04-24 12:51:55] [INFO] [DEBUG] Starting unload of ExtensionManager at 1777035115953
[26-04-24 12:51:55] [INFO] [DEBUG] ExtensionManager has been unloaded. (took 2ms)
[26-04-24 12:51:55] [INFO] [DEBUG] Starting unload of Teleport at 1777035115960
[26-04-24 12:51:55] [INFO] [DEBUG] Teleport has been unloaded. (took 1ms)
[26-04-24 12:51:55] [INFO] [DEBUG] Starting unload of RequestManager at 1777035115962
[26-04-24 12:51:55] [INFO] [DEBUG] RequestManager has been unloaded. (took 0ms)
[26-04-24 12:51:55] [INFO] [DEBUG] Starting unload of QueueSignManagerImpl at 1777035115962
[26-04-24 12:51:55] [INFO] [DEBUG] QueueSignManagerImpl has been unloaded. (took 0ms)
[26-04-24 12:51:55] [INFO] [DEBUG] Starting unload of QueueManager at 1777035115964
[26-04-24 12:51:55] [INFO] [DEBUG] QueueManager has been unloaded. (took 1ms)
[26-04-24 12:51:55] [INFO] [DEBUG] Starting unload of DuelManager at 1777035115967
[26-04-24 12:51:55] [INFO] [DEBUG] DuelManager has been unloaded. (took 1ms)
[26-04-24 12:51:55] [INFO] [DEBUG] Starting unload of InventoryManager at 1777035115968
[26-04-24 12:51:55] [INFO] [DEBUG] InventoryManager has been unloaded. (took 0ms)
[26-04-24 12:51:55] [INFO] [DEBUG] Starting unload of BettingManager at 1777035115969
[26-04-24 12:51:55] [INFO] [DEBUG] BettingManager has been unloaded. (took 0ms)
[26-04-24 12:51:55] [INFO] [DEBUG] Starting unload of SpectateManagerImpl at 1777035115969
[26-04-24 12:51:55] [INFO] [DEBUG] SpectateManagerImpl has been unloaded. (took 0ms)
[26-04-24 12:51:55] [INFO] [DEBUG] Starting unload of PlayerInfoManager at 1777035115969
[26-04-24 12:51:56] [INFO] [DEBUG] PlayerInfoManager has been unloaded. (took 150ms)
[26-04-24 12:51:56] [INFO] [DEBUG] Starting unload of SettingsManager at 1777035116119
[26-04-24 12:51:56] [INFO] [DEBUG] SettingsManager has been unloaded. (took 0ms)
[26-04-24 12:51:56] [INFO] [DEBUG] Starting unload of ArenaManagerImpl at 1777035116119
[26-04-24 12:51:56] [INFO] [DEBUG] ArenaManagerImpl has been unloaded. (took 1ms)
[26-04-24 12:51:56] [INFO] [DEBUG] Starting unload of KitManagerImpl at 1777035116121
[26-04-24 12:51:56] [INFO] [DEBUG] KitManagerImpl has been unloaded. (took 0ms)
[26-04-24 12:51:56] [INFO] [DEBUG] Starting unload of GuiListener at 1777035116121
[26-04-24 12:51:56] [INFO] [DEBUG] GuiListener has been unloaded. (took 13ms)
[26-04-24 12:51:56] [INFO] [DEBUG] Starting unload of UserManagerImpl at 1777035116136
[26-04-24 12:51:56] [INFO] [DEBUG] UserManagerImpl has been unloaded. (took 663ms)
[26-04-24 12:51:56] [INFO] [DEBUG] Starting unload of Lang at 1777035116799
[26-04-24 12:51:56] [INFO] [DEBUG] Lang has been unloaded. (took 0ms)
[26-04-24 12:51:56] [INFO] [DEBUG] Starting unload of Config at 1777035116799
[26-04-24 12:51:56] [INFO] [DEBUG] Config has been unloaded. (took 0ms)
[26-04-24 12:51:56] [INFO] [DEBUG] unload done (took 940ms)
[26-04-24 12:51:56] [INFO] [DEBUG] Log#clearSources done (took 0ms)
[26-04-24 12:56:42] [INFO] [DEBUG] onEnable start -> 1777035402759

[26-04-24 12:56:42] [INFO] [DEBUG] Starting load of Config at 1777035402821
[26-04-24 12:56:42] [INFO] [DEBUG] Config has been loaded. (took 63ms)
[26-04-24 12:56:42] [INFO] [DEBUG] Starting load of Lang at 1777035402884
[26-04-24 12:56:42] [INFO] [DEBUG] Lang has been loaded. (took 50ms)
[26-04-24 12:56:42] [INFO] [DEBUG] Starting load of UserManagerImpl at 1777035402934
[26-04-24 12:56:42] [INFO] [DEBUG] UserManagerImpl has been loaded. (took 0ms)
[26-04-24 12:56:42] [INFO] [DEBUG] Starting load of GuiListener at 1777035402934
[26-04-24 12:56:42] [INFO] [DEBUG] GuiListener has been loaded. (took 0ms)
[26-04-24 12:56:42] [INFO] [DEBUG] Starting load of KitManagerImpl at 1777035402934
[26-04-24 12:56:43] [INFO] KitManagerImpl: Loaded 7 kit(s).
[26-04-24 12:56:43] [INFO] [DEBUG] KitManagerImpl has been loaded. (took 142ms)
[26-04-24 12:56:43] [INFO] [DEBUG] Starting load of ArenaManagerImpl at 1777035403078
[26-04-24 12:56:43] [INFO] ArenaManagerImpl: Loaded 7 arena(s).
[26-04-24 12:56:43] [INFO] [DEBUG] ArenaManagerImpl has been loaded. (took 33ms)
[26-04-24 12:56:43] [INFO] [DEBUG] Starting load of SettingsManager at 1777035403112
[26-04-24 12:56:43] [INFO] [DEBUG] SettingsManager has been loaded. (took 0ms)
[26-04-24 12:56:43] [INFO] [DEBUG] Starting load of PlayerInfoManager at 1777035403112
[26-04-24 12:56:43] [INFO] [DEBUG] PlayerInfoManager has been loaded. (took 18ms)
[26-04-24 12:56:43] [INFO] [DEBUG] Starting load of SpectateManagerImpl at 1777035403136
[26-04-24 12:56:43] [INFO] [DEBUG] SpectateManagerImpl has been loaded. (took 0ms)
[26-04-24 12:56:43] [INFO] [DEBUG] Starting load of BettingManager at 1777035403136
[26-04-24 12:56:43] [INFO] BettingManager: Vault was not found! Money betting feature will be automatically disabled.
[26-04-24 12:56:43] [INFO] [DEBUG] BettingManager has been loaded. (took 0ms)
[26-04-24 12:56:43] [INFO] [DEBUG] Starting load of InventoryManager at 1777035403136
[26-04-24 12:56:43] [INFO] [DEBUG] InventoryManager has been loaded. (took 0ms)
[26-04-24 12:56:43] [INFO] [DEBUG] Starting load of DuelManager at 1777035403136
[26-04-24 12:56:43] [INFO] [DEBUG] DuelManager has been loaded. (took 1ms)
[26-04-24 12:56:43] [INFO] [DEBUG] Starting load of QueueManager at 1777035403137
[26-04-24 12:56:43] [INFO] QueueManager: Loaded 0 queue(s).
[26-04-24 12:56:43] [INFO] [DEBUG] QueueManager has been loaded. (took 4ms)
[26-04-24 12:56:43] [INFO] [DEBUG] Starting load of QueueSignManagerImpl at 1777035403147
[26-04-24 12:56:43] [INFO] QueueSignManagerImpl: Loaded 0 queue sign(s).
[26-04-24 12:56:43] [INFO] [DEBUG] QueueSignManagerImpl has been loaded. (took 1ms)
[26-04-24 12:56:43] [INFO] [DEBUG] Starting load of RequestManager at 1777035403148
[26-04-24 12:56:43] [INFO] [DEBUG] RequestManager has been loaded. (took 0ms)
[26-04-24 12:56:43] [INFO] [DEBUG] Starting load of Teleport at 1777035403148
[26-04-24 12:56:43] [INFO] [DEBUG] Teleport has been loaded. (took 0ms)
[26-04-24 12:56:43] [INFO] [DEBUG] Starting load of ExtensionManager at 1777035403148
[26-04-24 12:56:43] [INFO] [DEBUG] ExtensionManager has been loaded. (took 0ms)
[26-04-24 12:56:43] [INFO] No updates were available. You are on the latest version!
[26-04-24 13:26:19] [INFO] [DEBUG] onDisable start -> 1777037179038

[26-04-24 13:26:19] [INFO] [DEBUG] Starting unload of ExtensionManager at 1777037179048
[26-04-24 13:26:19] [INFO] [DEBUG] ExtensionManager has been unloaded. (took 1ms)
[26-04-24 13:26:19] [INFO] [DEBUG] Starting unload of Teleport at 1777037179049
[26-04-24 13:26:19] [INFO] [DEBUG] Teleport has been unloaded. (took 0ms)
[26-04-24 13:26:19] [INFO] [DEBUG] Starting unload of RequestManager at 1777037179049
[26-04-24 13:26:19] [INFO] [DEBUG] RequestManager has been unloaded. (took 0ms)
[26-04-24 13:26:19] [INFO] [DEBUG] Starting unload of QueueSignManagerImpl at 1777037179049
[26-04-24 13:26:19] [INFO] [DEBUG] QueueSignManagerImpl has been unloaded. (took 0ms)
[26-04-24 13:26:19] [INFO] [DEBUG] Starting unload of QueueManager at 1777037179049
[26-04-24 13:26:19] [INFO] [DEBUG] QueueManager has been unloaded. (took 0ms)
[26-04-24 13:26:19] [INFO] [DEBUG] Starting unload of DuelManager at 1777037179049
[26-04-24 13:26:19] [INFO] [DEBUG] DuelManager has been unloaded. (took 1ms)
[26-04-24 13:26:19] [INFO] [DEBUG] Starting unload of InventoryManager at 1777037179050
[26-04-24 13:26:19] [INFO] [DEBUG] InventoryManager has been unloaded. (took 0ms)
[26-04-24 13:26:19] [INFO] [DEBUG] Starting unload of BettingManager at 1777037179050
[26-04-24 13:26:19] [INFO] [DEBUG] BettingManager has been unloaded. (took 0ms)
[26-04-24 13:26:19] [INFO] [DEBUG] Starting unload of SpectateManagerImpl at 1777037179050
[26-04-24 13:26:19] [INFO] [DEBUG] SpectateManagerImpl has been unloaded. (took 0ms)
[26-04-24 13:26:19] [INFO] [DEBUG] Starting unload of PlayerInfoManager at 1777037179050
[26-04-24 13:26:19] [INFO] [DEBUG] PlayerInfoManager has been unloaded. (took 6ms)
[26-04-24 13:26:19] [INFO] [DEBUG] Starting unload of SettingsManager at 1777037179056
[26-04-24 13:26:19] [INFO] [DEBUG] SettingsManager has been unloaded. (took 0ms)
[26-04-24 13:26:19] [INFO] [DEBUG] Starting unload of ArenaManagerImpl at 1777037179056
[26-04-24 13:26:19] [INFO] [DEBUG] ArenaManagerImpl has been unloaded. (took 1ms)
[26-04-24 13:26:19] [INFO] [DEBUG] Starting unload of KitManagerImpl at 1777037179057
[26-04-24 13:26:19] [INFO] [DEBUG] KitManagerImpl has been unloaded. (took 0ms)
[26-04-24 13:26:19] [INFO] [DEBUG] Starting unload of GuiListener at 1777037179057
[26-04-24 13:26:19] [INFO] [DEBUG] GuiListener has been unloaded. (took 1ms)
[26-04-24 13:26:19] [INFO] [DEBUG] Starting unload of UserManagerImpl at 1777037179058
[26-04-24 13:26:19] [INFO] [DEBUG] UserManagerImpl has been unloaded. (took 0ms)
[26-04-24 13:26:19] [INFO] [DEBUG] Starting unload of Lang at 1777037179058
[26-04-24 13:26:19] [INFO] [DEBUG] Lang has been unloaded. (took 0ms)
[26-04-24 13:26:19] [INFO] [DEBUG] Starting unload of Config at 1777037179059
[26-04-24 13:26:19] [INFO] [DEBUG] Config has been unloaded. (took 0ms)
[26-04-24 13:26:19] [INFO] [DEBUG] unload done (took 21ms)
[26-04-24 13:26:19] [INFO] [DEBUG] Log#clearSources done (took 0ms)
