[26-06-04 09:44:56] [INFO] [DEBUG] onEnable start -> 1780566296388

[26-06-04 09:44:56] [INFO] Using Economy Provider: com.earth2me.essentials.economy.vault.VaultEconomyProvider
[26-06-04 09:44:56] [INFO] [DEBUG] Starting load of Config at 1780566296457
[26-06-04 09:44:56] [INFO] [DEBUG] Config has been loaded. (took 39ms)
[26-06-04 09:44:56] [INFO] [DEBUG] Starting load of Lang at 1780566296496
[26-06-04 09:44:56] [INFO] [DEBUG] Lang has been loaded. (took 30ms)
[26-06-04 09:44:56] [INFO] [DEBUG] Starting load of UserManagerImpl at 1780566296526
[26-06-04 09:44:56] [INFO] [DEBUG] UserManagerImpl has been loaded. (took 1ms)
[26-06-04 09:44:56] [INFO] [DEBUG] Starting load of GuiListener at 1780566296527
[26-06-04 09:44:56] [INFO] [DEBUG] GuiListener has been loaded. (took 0ms)
[26-06-04 09:44:56] [INFO] [DEBUG] Starting load of KitManagerImpl at 1780566296527
[26-06-04 09:44:56] [INFO] KitManagerImpl: Loaded 8 kit(s).
[26-06-04 09:44:56] [INFO] [DEBUG] KitManagerImpl has been loaded. (took 171ms)
[26-06-04 09:44:56] [INFO] [DEBUG] Starting load of ArenaManagerImpl at 1780566296698
[26-06-04 09:44:56] [INFO] ArenaManagerImpl: Loaded 7 arena(s).
[26-06-04 09:44:56] [INFO] [DEBUG] ArenaManagerImpl has been loaded. (took 61ms)
[26-06-04 09:44:56] [INFO] [DEBUG] Starting load of SettingsManager at 1780566296759
[26-06-04 09:44:56] [INFO] [DEBUG] SettingsManager has been loaded. (took 0ms)
[26-06-04 09:44:56] [INFO] [DEBUG] Starting load of PlayerInfoManager at 1780566296759
[26-06-04 09:44:56] [INFO] [DEBUG] PlayerInfoManager has been loaded. (took 24ms)
[26-06-04 09:44:56] [INFO] [DEBUG] Starting load of SpectateManagerImpl at 1780566296783
[26-06-04 09:44:56] [INFO] [DEBUG] SpectateManagerImpl has been loaded. (took 0ms)
[26-06-04 09:44:56] [INFO] [DEBUG] Starting load of BettingManager at 1780566296783
[26-06-04 09:44:56] [INFO] [DEBUG] BettingManager has been loaded. (took 0ms)
[26-06-04 09:44:56] [INFO] [DEBUG] Starting load of InventoryManager at 1780566296783
[26-06-04 09:44:56] [INFO] [DEBUG] InventoryManager has been loaded. (took 1ms)
[26-06-04 09:44:56] [INFO] [DEBUG] Starting load of DuelManager at 1780566296784
[26-06-04 09:44:56] [INFO] [DEBUG] DuelManager has been loaded. (took 0ms)
[26-06-04 09:44:56] [INFO] [DEBUG] Starting load of QueueManager at 1780566296784
[26-06-04 09:44:56] [INFO] QueueManager: Loaded 0 queue(s).
[26-06-04 09:44:56] [INFO] [DEBUG] QueueManager has been loaded. (took 2ms)
[26-06-04 09:44:56] [INFO] [DEBUG] Starting load of QueueSignManagerImpl at 1780566296786
[26-06-04 09:44:56] [INFO] QueueSignManagerImpl: Loaded 0 queue sign(s).
[26-06-04 09:44:56] [INFO] [DEBUG] QueueSignManagerImpl has been loaded. (took 3ms)
[26-06-04 09:44:56] [INFO] [DEBUG] Starting load of RequestManager at 1780566296789
[26-06-04 09:44:56] [INFO] [DEBUG] RequestManager has been loaded. (took 0ms)
[26-06-04 09:44:56] [INFO] [DEBUG] Starting load of Teleport at 1780566296789
[26-06-04 09:44:56] [INFO] [DEBUG] Teleport has been loaded. (took 0ms)
[26-06-04 09:44:56] [INFO] [DEBUG] Starting load of ExtensionManager at 1780566296789
[26-06-04 09:44:56] [INFO] [DEBUG] ExtensionManager has been loaded. (took 0ms)
[26-06-04 09:44:59] [INFO] No updates were available. You are on the latest version!
[26-06-04 10:28:27] [INFO] [DEBUG] onDisable start -> 1780568907844

[26-06-04 10:28:27] [INFO] [DEBUG] Starting unload of ExtensionManager at 1780568907915
[26-06-04 10:28:27] [INFO] [DEBUG] ExtensionManager has been unloaded. (took 3ms)
[26-06-04 10:28:27] [INFO] [DEBUG] Starting unload of Teleport at 1780568907918
[26-06-04 10:28:27] [INFO] [DEBUG] Teleport has been unloaded. (took 0ms)
[26-06-04 10:28:27] [INFO] [DEBUG] Starting unload of RequestManager at 1780568907918
[26-06-04 10:28:27] [INFO] [DEBUG] RequestManager has been unloaded. (took 0ms)
[26-06-04 10:28:27] [INFO] [DEBUG] Starting unload of QueueSignManagerImpl at 1780568907918
[26-06-04 10:28:27] [INFO] [DEBUG] QueueSignManagerImpl has been unloaded. (took 0ms)
[26-06-04 10:28:27] [INFO] [DEBUG] Starting unload of QueueManager at 1780568907918
[26-06-04 10:28:27] [INFO] [DEBUG] QueueManager has been unloaded. (took 7ms)
[26-06-04 10:28:27] [INFO] [DEBUG] Starting unload of DuelManager at 1780568907925
[26-06-04 10:28:27] [INFO] [DEBUG] DuelManager has been unloaded. (took 0ms)
[26-06-04 10:28:27] [INFO] [DEBUG] Starting unload of InventoryManager at 1780568907925
[26-06-04 10:28:27] [INFO] [DEBUG] InventoryManager has been unloaded. (took 0ms)
[26-06-04 10:28:27] [INFO] [DEBUG] Starting unload of BettingManager at 1780568907925
[26-06-04 10:28:27] [INFO] [DEBUG] BettingManager has been unloaded. (took 0ms)
[26-06-04 10:28:27] [INFO] [DEBUG] Starting unload of SpectateManagerImpl at 1780568907925
[26-06-04 10:28:27] [INFO] [DEBUG] SpectateManagerImpl has been unloaded. (took 0ms)
[26-06-04 10:28:27] [INFO] [DEBUG] Starting unload of PlayerInfoManager at 1780568907926
[26-06-04 10:28:27] [INFO] [DEBUG] PlayerInfoManager has been unloaded. (took 0ms)
[26-06-04 10:28:27] [INFO] [DEBUG] Starting unload of SettingsManager at 1780568907926
[26-06-04 10:28:27] [INFO] [DEBUG] SettingsManager has been unloaded. (took 9ms)
[26-06-04 10:28:27] [INFO] [DEBUG] Starting unload of ArenaManagerImpl at 1780568907935
[26-06-04 10:28:27] [INFO] [DEBUG] ArenaManagerImpl has been unloaded. (took 0ms)
[26-06-04 10:28:27] [INFO] [DEBUG] Starting unload of KitManagerImpl at 1780568907935
[26-06-04 10:28:27] [INFO] [DEBUG] KitManagerImpl has been unloaded. (took 0ms)
[26-06-04 10:28:27] [INFO] [DEBUG] Starting unload of GuiListener at 1780568907935
[26-06-04 10:28:27] [INFO] [DEBUG] GuiListener has been unloaded. (took 1ms)
[26-06-04 10:28:27] [INFO] [DEBUG] Starting unload of UserManagerImpl at 1780568907936
[26-06-04 10:28:28] [INFO] [DEBUG] UserManagerImpl has been unloaded. (took 111ms)
[26-06-04 10:28:28] [INFO] [DEBUG] Starting unload of Lang at 1780568908047
[26-06-04 10:28:28] [INFO] [DEBUG] Lang has been unloaded. (took 0ms)
[26-06-04 10:28:28] [INFO] [DEBUG] Starting unload of Config at 1780568908053
[26-06-04 10:28:28] [INFO] [DEBUG] Config has been unloaded. (took 0ms)
[26-06-04 10:28:28] [INFO] [DEBUG] unload done (took 209ms)
[26-06-04 10:28:28] [INFO] [DEBUG] Log#clearSources done (took 0ms)
[26-06-04 10:33:20] [INFO] [DEBUG] onEnable start -> 1780569200165

[26-06-04 10:33:20] [INFO] Using Economy Provider: com.earth2me.essentials.economy.vault.VaultEconomyProvider
[26-06-04 10:33:20] [INFO] [DEBUG] Starting load of Config at 1780569200234
[26-06-04 10:33:20] [INFO] [DEBUG] Config has been loaded. (took 67ms)
[26-06-04 10:33:20] [INFO] [DEBUG] Starting load of Lang at 1780569200301
[26-06-04 10:33:20] [INFO] [DEBUG] Lang has been loaded. (took 40ms)
[26-06-04 10:33:20] [INFO] [DEBUG] Starting load of UserManagerImpl at 1780569200341
[26-06-04 10:33:20] [INFO] [DEBUG] UserManagerImpl has been loaded. (took 0ms)
[26-06-04 10:33:20] [INFO] [DEBUG] Starting load of GuiListener at 1780569200341
[26-06-04 10:33:20] [INFO] [DEBUG] GuiListener has been loaded. (took 0ms)
[26-06-04 10:33:20] [INFO] [DEBUG] Starting load of KitManagerImpl at 1780569200342
[26-06-04 10:33:20] [INFO] KitManagerImpl: Loaded 8 kit(s).
[26-06-04 10:33:20] [INFO] [DEBUG] KitManagerImpl has been loaded. (took 147ms)
[26-06-04 10:33:20] [INFO] [DEBUG] Starting load of ArenaManagerImpl at 1780569200489
[26-06-04 10:33:20] [INFO] ArenaManagerImpl: Loaded 7 arena(s).
[26-06-04 10:33:20] [INFO] [DEBUG] ArenaManagerImpl has been loaded. (took 47ms)
[26-06-04 10:33:20] [INFO] [DEBUG] Starting load of SettingsManager at 1780569200536
[26-06-04 10:33:20] [INFO] [DEBUG] SettingsManager has been loaded. (took 0ms)
[26-06-04 10:33:20] [INFO] [DEBUG] Starting load of PlayerInfoManager at 1780569200536
[26-06-04 10:33:20] [INFO] [DEBUG] PlayerInfoManager has been loaded. (took 22ms)
[26-06-04 10:33:20] [INFO] [DEBUG] Starting load of SpectateManagerImpl at 1780569200558
[26-06-04 10:33:20] [INFO] [DEBUG] SpectateManagerImpl has been loaded. (took 0ms)
[26-06-04 10:33:20] [INFO] [DEBUG] Starting load of BettingManager at 1780569200559
[26-06-04 10:33:20] [INFO] [DEBUG] BettingManager has been loaded. (took 0ms)
[26-06-04 10:33:20] [INFO] [DEBUG] Starting load of InventoryManager at 1780569200559
[26-06-04 10:33:20] [INFO] [DEBUG] InventoryManager has been loaded. (took 0ms)
[26-06-04 10:33:20] [INFO] [DEBUG] Starting load of DuelManager at 1780569200560
[26-06-04 10:33:20] [INFO] [DEBUG] DuelManager has been loaded. (took 0ms)
[26-06-04 10:33:20] [INFO] [DEBUG] Starting load of QueueManager at 1780569200560
[26-06-04 10:33:20] [INFO] QueueManager: Loaded 0 queue(s).
[26-06-04 10:33:20] [INFO] [DEBUG] QueueManager has been loaded. (took 1ms)
[26-06-04 10:33:20] [INFO] [DEBUG] Starting load of QueueSignManagerImpl at 1780569200561
[26-06-04 10:33:20] [INFO] QueueSignManagerImpl: Loaded 0 queue sign(s).
[26-06-04 10:33:20] [INFO] [DEBUG] QueueSignManagerImpl has been loaded. (took 1ms)
[26-06-04 10:33:20] [INFO] [DEBUG] Starting load of RequestManager at 1780569200562
[26-06-04 10:33:20] [INFO] [DEBUG] RequestManager has been loaded. (took 0ms)
[26-06-04 10:33:20] [INFO] [DEBUG] Starting load of Teleport at 1780569200562
[26-06-04 10:33:20] [INFO] [DEBUG] Teleport has been loaded. (took 0ms)
[26-06-04 10:33:20] [INFO] [DEBUG] Starting load of ExtensionManager at 1780569200563
[26-06-04 10:33:20] [INFO] [DEBUG] ExtensionManager has been loaded. (took 0ms)
[26-06-04 10:33:21] [INFO] No updates were available. You are on the latest version!
[26-06-04 11:28:29] [INFO] [DEBUG] onDisable start -> 1780572509996

[26-06-04 11:28:30] [INFO] [DEBUG] Starting unload of ExtensionManager at 1780572510014
[26-06-04 11:28:30] [INFO] [DEBUG] ExtensionManager has been unloaded. (took 0ms)
[26-06-04 11:28:30] [INFO] [DEBUG] Starting unload of Teleport at 1780572510014
[26-06-04 11:28:30] [INFO] [DEBUG] Teleport has been unloaded. (took 0ms)
[26-06-04 11:28:30] [INFO] [DEBUG] Starting unload of RequestManager at 1780572510014
[26-06-04 11:28:30] [INFO] [DEBUG] RequestManager has been unloaded. (took 0ms)
[26-06-04 11:28:30] [INFO] [DEBUG] Starting unload of QueueSignManagerImpl at 1780572510014
[26-06-04 11:28:30] [INFO] [DEBUG] QueueSignManagerImpl has been unloaded. (took 0ms)
[26-06-04 11:28:30] [INFO] [DEBUG] Starting unload of QueueManager at 1780572510014
[26-06-04 11:28:30] [INFO] [DEBUG] QueueManager has been unloaded. (took 1ms)
[26-06-04 11:28:30] [INFO] [DEBUG] Starting unload of DuelManager at 1780572510015
[26-06-04 11:28:30] [INFO] [DEBUG] DuelManager has been unloaded. (took 0ms)
[26-06-04 11:28:30] [INFO] [DEBUG] Starting unload of InventoryManager at 1780572510015
[26-06-04 11:28:30] [INFO] [DEBUG] InventoryManager has been unloaded. (took 8ms)
[26-06-04 11:28:30] [INFO] [DEBUG] Starting unload of BettingManager at 1780572510023
[26-06-04 11:28:30] [INFO] [DEBUG] BettingManager has been unloaded. (took 0ms)
[26-06-04 11:28:30] [INFO] [DEBUG] Starting unload of SpectateManagerImpl at 1780572510023
[26-06-04 11:28:30] [INFO] [DEBUG] SpectateManagerImpl has been unloaded. (took 0ms)
[26-06-04 11:28:30] [INFO] [DEBUG] Starting unload of PlayerInfoManager at 1780572510023
[26-06-04 11:28:30] [INFO] [DEBUG] PlayerInfoManager has been unloaded. (took 1ms)
[26-06-04 11:28:30] [INFO] [DEBUG] Starting unload of SettingsManager at 1780572510024
[26-06-04 11:28:30] [INFO] [DEBUG] SettingsManager has been unloaded. (took 0ms)
[26-06-04 11:28:30] [INFO] [DEBUG] Starting unload of ArenaManagerImpl at 1780572510024
[26-06-04 11:28:30] [INFO] [DEBUG] ArenaManagerImpl has been unloaded. (took 0ms)
[26-06-04 11:28:30] [INFO] [DEBUG] Starting unload of KitManagerImpl at 1780572510024
[26-06-04 11:28:30] [INFO] [DEBUG] KitManagerImpl has been unloaded. (took 0ms)
[26-06-04 11:28:30] [INFO] [DEBUG] Starting unload of GuiListener at 1780572510025
[26-06-04 11:28:30] [INFO] [DEBUG] GuiListener has been unloaded. (took 0ms)
[26-06-04 11:28:30] [INFO] [DEBUG] Starting unload of UserManagerImpl at 1780572510025
[26-06-04 11:28:30] [INFO] [DEBUG] UserManagerImpl has been unloaded. (took 240ms)
[26-06-04 11:28:30] [INFO] [DEBUG] Starting unload of Lang at 1780572510268
[26-06-04 11:28:30] [INFO] [DEBUG] Lang has been unloaded. (took 0ms)
[26-06-04 11:28:30] [INFO] [DEBUG] Starting unload of Config at 1780572510268
[26-06-04 11:28:30] [INFO] [DEBUG] Config has been unloaded. (took 0ms)
[26-06-04 11:28:30] [INFO] [DEBUG] unload done (took 272ms)
[26-06-04 11:28:30] [INFO] [DEBUG] Log#clearSources done (took 0ms)
[26-06-04 11:34:50] [INFO] [DEBUG] onEnable start -> 1780572890765

[26-06-04 11:34:50] [INFO] Using Economy Provider: com.earth2me.essentials.economy.vault.VaultEconomyProvider
[26-06-04 11:34:50] [INFO] [DEBUG] Starting load of Config at 1780572890975
[26-06-04 11:34:51] [INFO] [DEBUG] Config has been loaded. (took 41ms)
[26-06-04 11:34:51] [INFO] [DEBUG] Starting load of Lang at 1780572891017
[26-06-04 11:34:51] [INFO] [DEBUG] Lang has been loaded. (took 14ms)
[26-06-04 11:34:51] [INFO] [DEBUG] Starting load of UserManagerImpl at 1780572891032
[26-06-04 11:34:51] [INFO] [DEBUG] UserManagerImpl has been loaded. (took 2ms)
[26-06-04 11:34:51] [INFO] [DEBUG] Starting load of GuiListener at 1780572891034
[26-06-04 11:34:51] [INFO] [DEBUG] GuiListener has been loaded. (took 1ms)
[26-06-04 11:34:51] [INFO] [DEBUG] Starting load of KitManagerImpl at 1780572891035
[26-06-04 11:34:51] [INFO] KitManagerImpl: Loaded 8 kit(s).
[26-06-04 11:34:51] [INFO] [DEBUG] KitManagerImpl has been loaded. (took 181ms)
[26-06-04 11:34:51] [INFO] [DEBUG] Starting load of ArenaManagerImpl at 1780572891216
[26-06-04 11:34:51] [INFO] ArenaManagerImpl: Loaded 7 arena(s).
[26-06-04 11:34:51] [INFO] [DEBUG] ArenaManagerImpl has been loaded. (took 69ms)
[26-06-04 11:34:51] [INFO] [DEBUG] Starting load of SettingsManager at 1780572891286
[26-06-04 11:34:51] [INFO] [DEBUG] SettingsManager has been loaded. (took 0ms)
[26-06-04 11:34:51] [INFO] [DEBUG] Starting load of PlayerInfoManager at 1780572891286
[26-06-04 11:34:51] [INFO] [DEBUG] PlayerInfoManager has been loaded. (took 17ms)
[26-06-04 11:34:51] [INFO] [DEBUG] Starting load of SpectateManagerImpl at 1780572891303
[26-06-04 11:34:51] [INFO] [DEBUG] SpectateManagerImpl has been loaded. (took 0ms)
[26-06-04 11:34:51] [INFO] [DEBUG] Starting load of BettingManager at 1780572891303
[26-06-04 11:34:51] [INFO] [DEBUG] BettingManager has been loaded. (took 0ms)
[26-06-04 11:34:51] [INFO] [DEBUG] Starting load of InventoryManager at 1780572891303
[26-06-04 11:34:51] [INFO] [DEBUG] InventoryManager has been loaded. (took 0ms)
[26-06-04 11:34:51] [INFO] [DEBUG] Starting load of DuelManager at 1780572891303
[26-06-04 11:34:51] [INFO] [DEBUG] DuelManager has been loaded. (took 0ms)
[26-06-04 11:34:51] [INFO] [DEBUG] Starting load of QueueManager at 1780572891303
[26-06-04 11:34:51] [INFO] QueueManager: Loaded 0 queue(s).
[26-06-04 11:34:51] [INFO] [DEBUG] QueueManager has been loaded. (took 1ms)
[26-06-04 11:34:51] [INFO] [DEBUG] Starting load of QueueSignManagerImpl at 1780572891304
[26-06-04 11:34:51] [INFO] QueueSignManagerImpl: Loaded 0 queue sign(s).
[26-06-04 11:34:51] [INFO] [DEBUG] QueueSignManagerImpl has been loaded. (took 1ms)
[26-06-04 11:34:51] [INFO] [DEBUG] Starting load of RequestManager at 1780572891305
[26-06-04 11:34:51] [INFO] [DEBUG] RequestManager has been loaded. (took 1ms)
[26-06-04 11:34:51] [INFO] [DEBUG] Starting load of Teleport at 1780572891306
[26-06-04 11:34:51] [INFO] [DEBUG] Teleport has been loaded. (took 0ms)
[26-06-04 11:34:51] [INFO] [DEBUG] Starting load of ExtensionManager at 1780572891306
[26-06-04 11:34:51] [INFO] [DEBUG] ExtensionManager has been loaded. (took 1ms)
[26-06-04 11:34:52] [INFO] No updates were available. You are on the latest version!
[26-06-04 11:50:00] [INFO] [DEBUG] onDisable start -> 1780573800947

[26-06-04 11:50:00] [INFO] [DEBUG] Starting unload of ExtensionManager at 1780573800961
[26-06-04 11:50:00] [INFO] [DEBUG] ExtensionManager has been unloaded. (took 2ms)
[26-06-04 11:50:00] [INFO] [DEBUG] Starting unload of Teleport at 1780573800963
[26-06-04 11:50:00] [INFO] [DEBUG] Teleport has been unloaded. (took 0ms)
[26-06-04 11:50:00] [INFO] [DEBUG] Starting unload of RequestManager at 1780573800963
[26-06-04 11:50:00] [INFO] [DEBUG] RequestManager has been unloaded. (took 0ms)
[26-06-04 11:50:00] [INFO] [DEBUG] Starting unload of QueueSignManagerImpl at 1780573800963
[26-06-04 11:50:00] [INFO] [DEBUG] QueueSignManagerImpl has been unloaded. (took 2ms)
[26-06-04 11:50:00] [INFO] [DEBUG] Starting unload of QueueManager at 1780573800965
[26-06-04 11:50:00] [INFO] [DEBUG] QueueManager has been unloaded. (took 0ms)
[26-06-04 11:50:00] [INFO] [DEBUG] Starting unload of DuelManager at 1780573800965
[26-06-04 11:50:00] [INFO] [DEBUG] DuelManager has been unloaded. (took 0ms)
[26-06-04 11:50:00] [INFO] [DEBUG] Starting unload of InventoryManager at 1780573800965
[26-06-04 11:50:00] [INFO] [DEBUG] InventoryManager has been unloaded. (took 0ms)
[26-06-04 11:50:00] [INFO] [DEBUG] Starting unload of BettingManager at 1780573800965
[26-06-04 11:50:00] [INFO] [DEBUG] BettingManager has been unloaded. (took 0ms)
[26-06-04 11:50:00] [INFO] [DEBUG] Starting unload of SpectateManagerImpl at 1780573800965
[26-06-04 11:50:00] [INFO] [DEBUG] SpectateManagerImpl has been unloaded. (took 0ms)
[26-06-04 11:50:00] [INFO] [DEBUG] Starting unload of PlayerInfoManager at 1780573800965
[26-06-04 11:50:00] [INFO] [DEBUG] PlayerInfoManager has been unloaded. (took 1ms)
[26-06-04 11:50:00] [INFO] [DEBUG] Starting unload of SettingsManager at 1780573800966
[26-06-04 11:50:00] [INFO] [DEBUG] SettingsManager has been unloaded. (took 0ms)
[26-06-04 11:50:00] [INFO] [DEBUG] Starting unload of ArenaManagerImpl at 1780573800966
[26-06-04 11:50:00] [INFO] [DEBUG] ArenaManagerImpl has been unloaded. (took 0ms)
[26-06-04 11:50:00] [INFO] [DEBUG] Starting unload of KitManagerImpl at 1780573800966
[26-06-04 11:50:00] [INFO] [DEBUG] KitManagerImpl has been unloaded. (took 0ms)
[26-06-04 11:50:00] [INFO] [DEBUG] Starting unload of GuiListener at 1780573800966
[26-06-04 11:50:00] [INFO] [DEBUG] GuiListener has been unloaded. (took 0ms)
[26-06-04 11:50:00] [INFO] [DEBUG] Starting unload of UserManagerImpl at 1780573800966
[26-06-04 11:50:00] [INFO] [DEBUG] UserManagerImpl has been unloaded. (took 6ms)
[26-06-04 11:50:00] [INFO] [DEBUG] Starting unload of Lang at 1780573800972
[26-06-04 11:50:00] [INFO] [DEBUG] Lang has been unloaded. (took 0ms)
[26-06-04 11:50:00] [INFO] [DEBUG] Starting unload of Config at 1780573800972
[26-06-04 11:50:00] [INFO] [DEBUG] Config has been unloaded. (took 0ms)
[26-06-04 11:50:00] [INFO] [DEBUG] unload done (took 25ms)
[26-06-04 11:50:00] [INFO] [DEBUG] Log#clearSources done (took 0ms)
[26-06-04 12:01:57] [INFO] [DEBUG] onEnable start -> 1780574517150

[26-06-04 12:01:57] [INFO] Using Economy Provider: com.earth2me.essentials.economy.vault.VaultEconomyProvider
[26-06-04 12:01:57] [INFO] [DEBUG] Starting load of Config at 1780574517205
[26-06-04 12:01:57] [INFO] [DEBUG] Config has been loaded. (took 8ms)
[26-06-04 12:01:57] [INFO] [DEBUG] Starting load of Lang at 1780574517213
[26-06-04 12:01:57] [INFO] [DEBUG] Lang has been loaded. (took 27ms)
[26-06-04 12:01:57] [INFO] [DEBUG] Starting load of UserManagerImpl at 1780574517241
[26-06-04 12:01:57] [INFO] [DEBUG] UserManagerImpl has been loaded. (took 2ms)
[26-06-04 12:01:57] [INFO] [DEBUG] Starting load of GuiListener at 1780574517243
[26-06-04 12:01:57] [INFO] [DEBUG] GuiListener has been loaded. (took 0ms)
[26-06-04 12:01:57] [INFO] [DEBUG] Starting load of KitManagerImpl at 1780574517243
[26-06-04 12:01:57] [INFO] KitManagerImpl: Loaded 8 kit(s).
[26-06-04 12:01:57] [INFO] [DEBUG] KitManagerImpl has been loaded. (took 285ms)
[26-06-04 12:01:57] [INFO] [DEBUG] Starting load of ArenaManagerImpl at 1780574517530
[26-06-04 12:01:57] [INFO] ArenaManagerImpl: Loaded 7 arena(s).
[26-06-04 12:01:57] [INFO] [DEBUG] ArenaManagerImpl has been loaded. (took 48ms)
[26-06-04 12:01:57] [INFO] [DEBUG] Starting load of SettingsManager at 1780574517578
[26-06-04 12:01:57] [INFO] [DEBUG] SettingsManager has been loaded. (took 0ms)
[26-06-04 12:01:57] [INFO] [DEBUG] Starting load of PlayerInfoManager at 1780574517578
[26-06-04 12:01:57] [INFO] [DEBUG] PlayerInfoManager has been loaded. (took 10ms)
[26-06-04 12:01:57] [INFO] [DEBUG] Starting load of SpectateManagerImpl at 1780574517589
[26-06-04 12:01:57] [INFO] [DEBUG] SpectateManagerImpl has been loaded. (took 0ms)
[26-06-04 12:01:57] [INFO] [DEBUG] Starting load of BettingManager at 1780574517589
[26-06-04 12:01:57] [INFO] [DEBUG] BettingManager has been loaded. (took 0ms)
[26-06-04 12:01:57] [INFO] [DEBUG] Starting load of InventoryManager at 1780574517589
[26-06-04 12:01:57] [INFO] [DEBUG] InventoryManager has been loaded. (took 1ms)
[26-06-04 12:01:57] [INFO] [DEBUG] Starting load of DuelManager at 1780574517590
[26-06-04 12:01:57] [INFO] [DEBUG] DuelManager has been loaded. (took 0ms)
[26-06-04 12:01:57] [INFO] [DEBUG] Starting load of QueueManager at 1780574517590
[26-06-04 12:01:57] [INFO] QueueManager: Loaded 0 queue(s).
[26-06-04 12:01:57] [INFO] [DEBUG] QueueManager has been loaded. (took 4ms)
[26-06-04 12:01:57] [INFO] [DEBUG] Starting load of QueueSignManagerImpl at 1780574517594
[26-06-04 12:01:57] [INFO] QueueSignManagerImpl: Loaded 0 queue sign(s).
[26-06-04 12:01:57] [INFO] [DEBUG] QueueSignManagerImpl has been loaded. (took 3ms)
[26-06-04 12:01:57] [INFO] [DEBUG] Starting load of RequestManager at 1780574517597
[26-06-04 12:01:57] [INFO] [DEBUG] RequestManager has been loaded. (took 0ms)
[26-06-04 12:01:57] [INFO] [DEBUG] Starting load of Teleport at 1780574517597
[26-06-04 12:01:57] [INFO] [DEBUG] Teleport has been loaded. (took 1ms)
[26-06-04 12:01:57] [INFO] [DEBUG] Starting load of ExtensionManager at 1780574517598
[26-06-04 12:01:57] [INFO] [DEBUG] ExtensionManager has been loaded. (took 0ms)
[26-06-04 12:01:59] [INFO] No updates were available. You are on the latest version!
[26-06-04 12:09:18] [INFO] [DEBUG] onDisable start -> 1780574958553

[26-06-04 12:09:18] [INFO] [DEBUG] Starting unload of ExtensionManager at 1780574958581
[26-06-04 12:09:18] [INFO] [DEBUG] ExtensionManager has been unloaded. (took 2ms)
[26-06-04 12:09:18] [INFO] [DEBUG] Starting unload of Teleport at 1780574958583
[26-06-04 12:09:18] [INFO] [DEBUG] Teleport has been unloaded. (took 3ms)
[26-06-04 12:09:18] [INFO] [DEBUG] Starting unload of RequestManager at 1780574958587
[26-06-04 12:09:18] [INFO] [DEBUG] RequestManager has been unloaded. (took 0ms)
[26-06-04 12:09:18] [INFO] [DEBUG] Starting unload of QueueSignManagerImpl at 1780574958587
[26-06-04 12:09:18] [INFO] [DEBUG] QueueSignManagerImpl has been unloaded. (took 0ms)
[26-06-04 12:09:18] [INFO] [DEBUG] Starting unload of QueueManager at 1780574958587
[26-06-04 12:09:18] [INFO] [DEBUG] QueueManager has been unloaded. (took 1ms)
[26-06-04 12:09:18] [INFO] [DEBUG] Starting unload of DuelManager at 1780574958589
[26-06-04 12:09:18] [INFO] [DEBUG] DuelManager has been unloaded. (took 0ms)
[26-06-04 12:09:18] [INFO] [DEBUG] Starting unload of InventoryManager at 1780574958591
[26-06-04 12:09:18] [INFO] [DEBUG] InventoryManager has been unloaded. (took 1ms)
[26-06-04 12:09:18] [INFO] [DEBUG] Starting unload of BettingManager at 1780574958592
[26-06-04 12:09:18] [INFO] [DEBUG] BettingManager has been unloaded. (took 1ms)
[26-06-04 12:09:18] [INFO] [DEBUG] Starting unload of SpectateManagerImpl at 1780574958595
[26-06-04 12:09:18] [INFO] [DEBUG] SpectateManagerImpl has been unloaded. (took 0ms)
[26-06-04 12:09:18] [INFO] [DEBUG] Starting unload of PlayerInfoManager at 1780574958595
[26-06-04 12:09:18] [INFO] [DEBUG] PlayerInfoManager has been unloaded. (took 1ms)
[26-06-04 12:09:18] [INFO] [DEBUG] Starting unload of SettingsManager at 1780574958596
[26-06-04 12:09:18] [INFO] [DEBUG] SettingsManager has been unloaded. (took 0ms)
[26-06-04 12:09:18] [INFO] [DEBUG] Starting unload of ArenaManagerImpl at 1780574958596
[26-06-04 12:09:18] [INFO] [DEBUG] ArenaManagerImpl has been unloaded. (took 1ms)
[26-06-04 12:09:18] [INFO] [DEBUG] Starting unload of KitManagerImpl at 1780574958597
[26-06-04 12:09:18] [INFO] [DEBUG] KitManagerImpl has been unloaded. (took 1ms)
[26-06-04 12:09:18] [INFO] [DEBUG] Starting unload of GuiListener at 1780574958598
[26-06-04 12:09:18] [INFO] [DEBUG] GuiListener has been unloaded. (took 4ms)
[26-06-04 12:09:18] [INFO] [DEBUG] Starting unload of UserManagerImpl at 1780574958602
[26-06-04 12:09:18] [INFO] [DEBUG] UserManagerImpl has been unloaded. (took 171ms)
[26-06-04 12:09:18] [INFO] [DEBUG] Starting unload of Lang at 1780574958773
[26-06-04 12:09:18] [INFO] [DEBUG] Lang has been unloaded. (took 0ms)
[26-06-04 12:09:18] [INFO] [DEBUG] Starting unload of Config at 1780574958773
[26-06-04 12:09:18] [INFO] [DEBUG] Config has been unloaded. (took 0ms)
[26-06-04 12:09:18] [INFO] [DEBUG] unload done (took 220ms)
[26-06-04 12:09:18] [INFO] [DEBUG] Log#clearSources done (took 0ms)
[26-06-04 12:10:58] [INFO] [DEBUG] onEnable start -> 1780575058531

[26-06-04 12:10:58] [INFO] Using Economy Provider: com.earth2me.essentials.economy.vault.VaultEconomyProvider
[26-06-04 12:10:58] [INFO] [DEBUG] Starting load of Config at 1780575058589
[26-06-04 12:10:58] [INFO] [DEBUG] Config has been loaded. (took 6ms)
[26-06-04 12:10:58] [INFO] [DEBUG] Starting load of Lang at 1780575058595
[26-06-04 12:10:58] [INFO] [DEBUG] Lang has been loaded. (took 16ms)
[26-06-04 12:10:58] [INFO] [DEBUG] Starting load of UserManagerImpl at 1780575058611
[26-06-04 12:10:58] [INFO] [DEBUG] UserManagerImpl has been loaded. (took 1ms)
[26-06-04 12:10:58] [INFO] [DEBUG] Starting load of GuiListener at 1780575058612
[26-06-04 12:10:58] [INFO] [DEBUG] GuiListener has been loaded. (took 0ms)
[26-06-04 12:10:58] [INFO] [DEBUG] Starting load of KitManagerImpl at 1780575058612
[26-06-04 12:10:58] [INFO] KitManagerImpl: Loaded 8 kit(s).
[26-06-04 12:10:58] [INFO] [DEBUG] KitManagerImpl has been loaded. (took 129ms)
[26-06-04 12:10:58] [INFO] [DEBUG] Starting load of ArenaManagerImpl at 1780575058741
[26-06-04 12:10:58] [INFO] ArenaManagerImpl: Loaded 7 arena(s).
[26-06-04 12:10:58] [INFO] [DEBUG] ArenaManagerImpl has been loaded. (took 35ms)
[26-06-04 12:10:58] [INFO] [DEBUG] Starting load of SettingsManager at 1780575058776
[26-06-04 12:10:58] [INFO] [DEBUG] SettingsManager has been loaded. (took 0ms)
[26-06-04 12:10:58] [INFO] [DEBUG] Starting load of PlayerInfoManager at 1780575058777
[26-06-04 12:10:58] [INFO] [DEBUG] PlayerInfoManager has been loaded. (took 2ms)
[26-06-04 12:10:58] [INFO] [DEBUG] Starting load of SpectateManagerImpl at 1780575058779
[26-06-04 12:10:58] [INFO] [DEBUG] SpectateManagerImpl has been loaded. (took 0ms)
[26-06-04 12:10:58] [INFO] [DEBUG] Starting load of BettingManager at 1780575058779
[26-06-04 12:10:58] [INFO] [DEBUG] BettingManager has been loaded. (took 0ms)
[26-06-04 12:10:58] [INFO] [DEBUG] Starting load of InventoryManager at 1780575058779
[26-06-04 12:10:58] [INFO] [DEBUG] InventoryManager has been loaded. (took 0ms)
[26-06-04 12:10:58] [INFO] [DEBUG] Starting load of DuelManager at 1780575058779
[26-06-04 12:10:58] [INFO] [DEBUG] DuelManager has been loaded. (took 1ms)
[26-06-04 12:10:58] [INFO] [DEBUG] Starting load of QueueManager at 1780575058780
[26-06-04 12:10:58] [INFO] QueueManager: Loaded 0 queue(s).
[26-06-04 12:10:58] [INFO] [DEBUG] QueueManager has been loaded. (took 1ms)
[26-06-04 12:10:58] [INFO] [DEBUG] Starting load of QueueSignManagerImpl at 1780575058781
[26-06-04 12:10:58] [INFO] QueueSignManagerImpl: Loaded 0 queue sign(s).
[26-06-04 12:10:58] [INFO] [DEBUG] QueueSignManagerImpl has been loaded. (took 0ms)
[26-06-04 12:10:58] [INFO] [DEBUG] Starting load of RequestManager at 1780575058782
[26-06-04 12:10:58] [INFO] [DEBUG] RequestManager has been loaded. (took 0ms)
[26-06-04 12:10:58] [INFO] [DEBUG] Starting load of Teleport at 1780575058782
[26-06-04 12:10:58] [INFO] [DEBUG] Teleport has been loaded. (took 0ms)
[26-06-04 12:10:58] [INFO] [DEBUG] Starting load of ExtensionManager at 1780575058782
[26-06-04 12:10:58] [INFO] [DEBUG] ExtensionManager has been loaded. (took 0ms)
[26-06-04 12:10:59] [INFO] No updates were available. You are on the latest version!
[26-06-04 12:28:37] [INFO] [DEBUG] onDisable start -> 1780576117223

[26-06-04 12:28:37] [INFO] [DEBUG] Starting unload of ExtensionManager at 1780576117294
[26-06-04 12:28:37] [INFO] [DEBUG] ExtensionManager has been unloaded. (took 8ms)
[26-06-04 12:28:37] [INFO] [DEBUG] Starting unload of Teleport at 1780576117302
[26-06-04 12:28:37] [INFO] [DEBUG] Teleport has been unloaded. (took 0ms)
[26-06-04 12:28:37] [INFO] [DEBUG] Starting unload of RequestManager at 1780576117302
[26-06-04 12:28:37] [INFO] [DEBUG] RequestManager has been unloaded. (took 15ms)
[26-06-04 12:28:37] [INFO] [DEBUG] Starting unload of QueueSignManagerImpl at 1780576117317
[26-06-04 12:28:37] [INFO] [DEBUG] QueueSignManagerImpl has been unloaded. (took 0ms)
[26-06-04 12:28:37] [INFO] [DEBUG] Starting unload of QueueManager at 1780576117317
[26-06-04 12:28:37] [INFO] [DEBUG] QueueManager has been unloaded. (took 1ms)
[26-06-04 12:28:37] [INFO] [DEBUG] Starting unload of DuelManager at 1780576117318
[26-06-04 12:28:37] [INFO] [DEBUG] DuelManager has been unloaded. (took 0ms)
[26-06-04 12:28:37] [INFO] [DEBUG] Starting unload of InventoryManager at 1780576117318
[26-06-04 12:28:37] [INFO] [DEBUG] InventoryManager has been unloaded. (took 0ms)
[26-06-04 12:28:37] [INFO] [DEBUG] Starting unload of BettingManager at 1780576117318
[26-06-04 12:28:37] [INFO] [DEBUG] BettingManager has been unloaded. (took 0ms)
[26-06-04 12:28:37] [INFO] [DEBUG] Starting unload of SpectateManagerImpl at 1780576117318
[26-06-04 12:28:37] [INFO] [DEBUG] SpectateManagerImpl has been unloaded. (took 0ms)
[26-06-04 12:28:37] [INFO] [DEBUG] Starting unload of PlayerInfoManager at 1780576117318
[26-06-04 12:28:37] [INFO] [DEBUG] PlayerInfoManager has been unloaded. (took 1ms)
[26-06-04 12:28:37] [INFO] [DEBUG] Starting unload of SettingsManager at 1780576117337
[26-06-04 12:28:37] [INFO] [DEBUG] SettingsManager has been unloaded. (took 0ms)
[26-06-04 12:28:37] [INFO] [DEBUG] Starting unload of ArenaManagerImpl at 1780576117338
[26-06-04 12:28:37] [INFO] [DEBUG] ArenaManagerImpl has been unloaded. (took 0ms)
[26-06-04 12:28:37] [INFO] [DEBUG] Starting unload of KitManagerImpl at 1780576117338
[26-06-04 12:28:37] [INFO] [DEBUG] KitManagerImpl has been unloaded. (took 0ms)
[26-06-04 12:28:37] [INFO] [DEBUG] Starting unload of GuiListener at 1780576117338
[26-06-04 12:28:37] [INFO] [DEBUG] GuiListener has been unloaded. (took 0ms)
[26-06-04 12:28:37] [INFO] [DEBUG] Starting unload of UserManagerImpl at 1780576117338
[26-06-04 12:28:38] [INFO] [DEBUG] UserManagerImpl has been unloaded. (took 684ms)
[26-06-04 12:28:38] [INFO] [DEBUG] Starting unload of Lang at 1780576118022
[26-06-04 12:28:38] [INFO] [DEBUG] Lang has been unloaded. (took 0ms)
[26-06-04 12:28:38] [INFO] [DEBUG] Starting unload of Config at 1780576118022
[26-06-04 12:28:38] [INFO] [DEBUG] Config has been unloaded. (took 0ms)
[26-06-04 12:28:38] [INFO] [DEBUG] unload done (took 799ms)
[26-06-04 12:28:38] [INFO] [DEBUG] Log#clearSources done (took 0ms)
[26-06-04 12:31:04] [INFO] [DEBUG] onEnable start -> 1780576264135

[26-06-04 12:31:04] [WARNING] Found no available economy plugin that supports Vault. Money betting will not be available.
[26-06-04 12:31:04] [INFO] [DEBUG] Starting load of Config at 1780576264233
[26-06-04 12:31:04] [INFO] [DEBUG] Config has been loaded. (took 13ms)
[26-06-04 12:31:04] [INFO] [DEBUG] Starting load of Lang at 1780576264246
[26-06-04 12:31:04] [INFO] [DEBUG] Lang has been loaded. (took 15ms)
[26-06-04 12:31:04] [INFO] [DEBUG] Starting load of UserManagerImpl at 1780576264261
[26-06-04 12:31:04] [INFO] [DEBUG] UserManagerImpl has been loaded. (took 1ms)
[26-06-04 12:31:04] [INFO] [DEBUG] Starting load of GuiListener at 1780576264262
[26-06-04 12:31:04] [INFO] [DEBUG] GuiListener has been loaded. (took 0ms)
[26-06-04 12:31:04] [INFO] [DEBUG] Starting load of KitManagerImpl at 1780576264262
[26-06-04 12:31:04] [INFO] KitManagerImpl: Loaded 8 kit(s).
[26-06-04 12:31:04] [INFO] [DEBUG] KitManagerImpl has been loaded. (took 199ms)
[26-06-04 12:31:04] [INFO] [DEBUG] Starting load of ArenaManagerImpl at 1780576264463
[26-06-04 12:31:04] [INFO] ArenaManagerImpl: Loaded 7 arena(s).
[26-06-04 12:31:04] [INFO] [DEBUG] ArenaManagerImpl has been loaded. (took 23ms)
[26-06-04 12:31:04] [INFO] [DEBUG] Starting load of SettingsManager at 1780576264486
[26-06-04 12:31:04] [INFO] [DEBUG] SettingsManager has been loaded. (took 0ms)
[26-06-04 12:31:04] [INFO] [DEBUG] Starting load of PlayerInfoManager at 1780576264486
[26-06-04 12:31:04] [INFO] [DEBUG] PlayerInfoManager has been loaded. (took 2ms)
[26-06-04 12:31:04] [INFO] [DEBUG] Starting load of SpectateManagerImpl at 1780576264488
[26-06-04 12:31:04] [INFO] [DEBUG] SpectateManagerImpl has been loaded. (took 0ms)
[26-06-04 12:31:04] [INFO] [DEBUG] Starting load of BettingManager at 1780576264488
[26-06-04 12:31:04] [INFO] BettingManager: Economy plugin supporting Vault was not found! Money betting feature will be automatically disabled.
[26-06-04 12:31:04] [INFO] [DEBUG] BettingManager has been loaded. (took 0ms)
[26-06-04 12:31:04] [INFO] [DEBUG] Starting load of InventoryManager at 1780576264488
[26-06-04 12:31:04] [INFO] [DEBUG] InventoryManager has been loaded. (took 1ms)
[26-06-04 12:31:04] [INFO] [DEBUG] Starting load of DuelManager at 1780576264489
[26-06-04 12:31:04] [INFO] [DEBUG] DuelManager has been loaded. (took 0ms)
[26-06-04 12:31:04] [INFO] [DEBUG] Starting load of QueueManager at 1780576264489
[26-06-04 12:31:04] [INFO] QueueManager: Loaded 0 queue(s).
[26-06-04 12:31:04] [INFO] [DEBUG] QueueManager has been loaded. (took 1ms)
[26-06-04 12:31:04] [INFO] [DEBUG] Starting load of QueueSignManagerImpl at 1780576264490
[26-06-04 12:31:04] [INFO] QueueSignManagerImpl: Loaded 0 queue sign(s).
[26-06-04 12:31:04] [INFO] [DEBUG] QueueSignManagerImpl has been loaded. (took 1ms)
[26-06-04 12:31:04] [INFO] [DEBUG] Starting load of RequestManager at 1780576264491
[26-06-04 12:31:04] [INFO] [DEBUG] RequestManager has been loaded. (took 0ms)
[26-06-04 12:31:04] [INFO] [DEBUG] Starting load of Teleport at 1780576264491
[26-06-04 12:31:04] [INFO] [DEBUG] Teleport has been loaded. (took 0ms)
[26-06-04 12:31:04] [INFO] [DEBUG] Starting load of ExtensionManager at 1780576264491
[26-06-04 12:31:04] [INFO] [DEBUG] ExtensionManager has been loaded. (took 14ms)
[26-06-04 12:31:05] [INFO] No updates were available. You are on the latest version!
[26-06-04 12:33:53] [INFO] [DEBUG] onDisable start -> 1780576433973

[26-06-04 12:33:54] [INFO] [DEBUG] Starting unload of ExtensionManager at 1780576434038
[26-06-04 12:33:54] [INFO] [DEBUG] ExtensionManager has been unloaded. (took 3ms)
[26-06-04 12:33:54] [INFO] [DEBUG] Starting unload of Teleport at 1780576434045
[26-06-04 12:33:54] [INFO] [DEBUG] Teleport has been unloaded. (took 2ms)
[26-06-04 12:33:54] [INFO] [DEBUG] Starting unload of RequestManager at 1780576434048
[26-06-04 12:33:54] [INFO] [DEBUG] RequestManager has been unloaded. (took 0ms)
[26-06-04 12:33:54] [INFO] [DEBUG] Starting unload of QueueSignManagerImpl at 1780576434048
[26-06-04 12:33:54] [INFO] [DEBUG] QueueSignManagerImpl has been unloaded. (took 0ms)
[26-06-04 12:33:54] [INFO] [DEBUG] Starting unload of QueueManager at 1780576434048
[26-06-04 12:33:54] [INFO] [DEBUG] QueueManager has been unloaded. (took 0ms)
[26-06-04 12:33:54] [INFO] [DEBUG] Starting unload of DuelManager at 1780576434048
[26-06-04 12:33:54] [INFO] [DEBUG] DuelManager has been unloaded. (took 0ms)
[26-06-04 12:33:54] [INFO] [DEBUG] Starting unload of InventoryManager at 1780576434048
[26-06-04 12:33:54] [INFO] [DEBUG] InventoryManager has been unloaded. (took 0ms)
[26-06-04 12:33:54] [INFO] [DEBUG] Starting unload of BettingManager at 1780576434048
[26-06-04 12:33:54] [INFO] [DEBUG] BettingManager has been unloaded. (took 0ms)
[26-06-04 12:33:54] [INFO] [DEBUG] Starting unload of SpectateManagerImpl at 1780576434048
[26-06-04 12:33:54] [INFO] [DEBUG] SpectateManagerImpl has been unloaded. (took 0ms)
[26-06-04 12:33:54] [INFO] [DEBUG] Starting unload of PlayerInfoManager at 1780576434048
[26-06-04 12:33:54] [INFO] [DEBUG] PlayerInfoManager has been unloaded. (took 1ms)
[26-06-04 12:33:54] [INFO] [DEBUG] Starting unload of SettingsManager at 1780576434049
[26-06-04 12:33:54] [INFO] [DEBUG] SettingsManager has been unloaded. (took 6ms)
[26-06-04 12:33:54] [INFO] [DEBUG] Starting unload of ArenaManagerImpl at 1780576434055
[26-06-04 12:33:54] [INFO] [DEBUG] ArenaManagerImpl has been unloaded. (took 0ms)
[26-06-04 12:33:54] [INFO] [DEBUG] Starting unload of KitManagerImpl at 1780576434055
[26-06-04 12:33:54] [INFO] [DEBUG] KitManagerImpl has been unloaded. (took 2ms)
[26-06-04 12:33:54] [INFO] [DEBUG] Starting unload of GuiListener at 1780576434057
[26-06-04 12:33:54] [INFO] [DEBUG] GuiListener has been unloaded. (took 6ms)
[26-06-04 12:33:54] [INFO] [DEBUG] Starting unload of UserManagerImpl at 1780576434064
[26-06-04 12:33:54] [INFO] [DEBUG] UserManagerImpl has been unloaded. (took 657ms)
[26-06-04 12:33:54] [INFO] [DEBUG] Starting unload of Lang at 1780576434721
[26-06-04 12:33:54] [INFO] [DEBUG] Lang has been unloaded. (took 0ms)
[26-06-04 12:33:54] [INFO] [DEBUG] Starting unload of Config at 1780576434721
[26-06-04 12:33:54] [INFO] [DEBUG] Config has been unloaded. (took 0ms)
[26-06-04 12:33:54] [INFO] [DEBUG] unload done (took 748ms)
[26-06-04 12:33:54] [INFO] [DEBUG] Log#clearSources done (took 0ms)
