[26-04-27 03:36:36] [INFO] [DEBUG] onEnable start -> 1777260996748

[26-04-27 03:36:36] [INFO] [DEBUG] Starting load of Config at 1777260996797
[26-04-27 03:36:36] [INFO] [DEBUG] Config has been loaded. (took 10ms)
[26-04-27 03:36:36] [INFO] [DEBUG] Starting load of Lang at 1777260996807
[26-04-27 03:36:36] [INFO] [DEBUG] Lang has been loaded. (took 18ms)
[26-04-27 03:36:36] [INFO] [DEBUG] Starting load of UserManagerImpl at 1777260996825
[26-04-27 03:36:36] [INFO] [DEBUG] UserManagerImpl has been loaded. (took 0ms)
[26-04-27 03:36:36] [INFO] [DEBUG] Starting load of GuiListener at 1777260996825
[26-04-27 03:36:36] [INFO] [DEBUG] GuiListener has been loaded. (took 0ms)
[26-04-27 03:36:36] [INFO] [DEBUG] Starting load of KitManagerImpl at 1777260996825
[26-04-27 03:36:36] [INFO] KitManagerImpl: Loaded 7 kit(s).
[26-04-27 03:36:36] [INFO] [DEBUG] KitManagerImpl has been loaded. (took 132ms)
[26-04-27 03:36:36] [INFO] [DEBUG] Starting load of ArenaManagerImpl at 1777260996957
[26-04-27 03:36:36] [INFO] ArenaManagerImpl: Loaded 7 arena(s).
[26-04-27 03:36:36] [INFO] [DEBUG] ArenaManagerImpl has been loaded. (took 20ms)
[26-04-27 03:36:36] [INFO] [DEBUG] Starting load of SettingsManager at 1777260996977
[26-04-27 03:36:36] [INFO] [DEBUG] SettingsManager has been loaded. (took 0ms)
[26-04-27 03:36:36] [INFO] [DEBUG] Starting load of PlayerInfoManager at 1777260996977
[26-04-27 03:36:37] [INFO] [DEBUG] PlayerInfoManager has been loaded. (took 24ms)
[26-04-27 03:36:37] [INFO] [DEBUG] Starting load of SpectateManagerImpl at 1777260997001
[26-04-27 03:36:37] [INFO] [DEBUG] SpectateManagerImpl has been loaded. (took 0ms)
[26-04-27 03:36:37] [INFO] [DEBUG] Starting load of BettingManager at 1777260997002
[26-04-27 03:36:37] [INFO] BettingManager: Vault was not found! Money betting feature will be automatically disabled.
[26-04-27 03:36:37] [INFO] [DEBUG] BettingManager has been loaded. (took 1ms)
[26-04-27 03:36:37] [INFO] [DEBUG] Starting load of InventoryManager at 1777260997003
[26-04-27 03:36:37] [INFO] [DEBUG] InventoryManager has been loaded. (took 0ms)
[26-04-27 03:36:37] [INFO] [DEBUG] Starting load of DuelManager at 1777260997004
[26-04-27 03:36:37] [INFO] [DEBUG] DuelManager has been loaded. (took 1ms)
[26-04-27 03:36:37] [INFO] [DEBUG] Starting load of QueueManager at 1777260997005
[26-04-27 03:36:37] [INFO] QueueManager: Loaded 0 queue(s).
[26-04-27 03:36:37] [INFO] [DEBUG] QueueManager has been loaded. (took 0ms)
[26-04-27 03:36:37] [INFO] [DEBUG] Starting load of QueueSignManagerImpl at 1777260997006
[26-04-27 03:36:37] [INFO] QueueSignManagerImpl: Loaded 0 queue sign(s).
[26-04-27 03:36:37] [INFO] [DEBUG] QueueSignManagerImpl has been loaded. (took 1ms)
[26-04-27 03:36:37] [INFO] [DEBUG] Starting load of RequestManager at 1777260997007
[26-04-27 03:36:37] [INFO] [DEBUG] RequestManager has been loaded. (took 0ms)
[26-04-27 03:36:37] [INFO] [DEBUG] Starting load of Teleport at 1777260997007
[26-04-27 03:36:37] [INFO] [DEBUG] Teleport has been loaded. (took 0ms)
[26-04-27 03:36:37] [INFO] [DEBUG] Starting load of ExtensionManager at 1777260997008
[26-04-27 03:36:37] [INFO] [DEBUG] ExtensionManager has been loaded. (took 2ms)
[26-04-27 03:36:37] [INFO] No updates were available. You are on the latest version!
[26-04-27 03:50:24] [INFO] [DEBUG] onDisable start -> 1777261824065

[26-04-27 03:50:24] [INFO] [DEBUG] Starting unload of ExtensionManager at 1777261824111
[26-04-27 03:50:24] [INFO] [DEBUG] ExtensionManager has been unloaded. (took 4ms)
[26-04-27 03:50:24] [INFO] [DEBUG] Starting unload of Teleport at 1777261824115
[26-04-27 03:50:24] [INFO] [DEBUG] Teleport has been unloaded. (took 0ms)
[26-04-27 03:50:24] [INFO] [DEBUG] Starting unload of RequestManager at 1777261824115
[26-04-27 03:50:24] [INFO] [DEBUG] RequestManager has been unloaded. (took 0ms)
[26-04-27 03:50:24] [INFO] [DEBUG] Starting unload of QueueSignManagerImpl at 1777261824115
[26-04-27 03:50:24] [INFO] [DEBUG] QueueSignManagerImpl has been unloaded. (took 0ms)
[26-04-27 03:50:24] [INFO] [DEBUG] Starting unload of QueueManager at 1777261824120
[26-04-27 03:50:24] [INFO] [DEBUG] QueueManager has been unloaded. (took 1ms)
[26-04-27 03:50:24] [INFO] [DEBUG] Starting unload of DuelManager at 1777261824122
[26-04-27 03:50:24] [INFO] [DEBUG] DuelManager has been unloaded. (took 0ms)
[26-04-27 03:50:24] [INFO] [DEBUG] Starting unload of InventoryManager at 1777261824122
[26-04-27 03:50:24] [INFO] [DEBUG] InventoryManager has been unloaded. (took 0ms)
[26-04-27 03:50:24] [INFO] [DEBUG] Starting unload of BettingManager at 1777261824122
[26-04-27 03:50:24] [INFO] [DEBUG] BettingManager has been unloaded. (took 0ms)
[26-04-27 03:50:24] [INFO] [DEBUG] Starting unload of SpectateManagerImpl at 1777261824122
[26-04-27 03:50:24] [INFO] [DEBUG] SpectateManagerImpl has been unloaded. (took 1ms)
[26-04-27 03:50:24] [INFO] [DEBUG] Starting unload of PlayerInfoManager at 1777261824123
[26-04-27 03:50:24] [INFO] [DEBUG] PlayerInfoManager has been unloaded. (took 341ms)
[26-04-27 03:50:24] [INFO] [DEBUG] Starting unload of SettingsManager at 1777261824465
[26-04-27 03:50:24] [INFO] [DEBUG] SettingsManager has been unloaded. (took 0ms)
[26-04-27 03:50:24] [INFO] [DEBUG] Starting unload of ArenaManagerImpl at 1777261824465
[26-04-27 03:50:24] [INFO] [DEBUG] ArenaManagerImpl has been unloaded. (took 0ms)
[26-04-27 03:50:24] [INFO] [DEBUG] Starting unload of KitManagerImpl at 1777261824465
[26-04-27 03:50:24] [INFO] [DEBUG] KitManagerImpl has been unloaded. (took 0ms)
[26-04-27 03:50:24] [INFO] [DEBUG] Starting unload of GuiListener at 1777261824465
[26-04-27 03:50:24] [INFO] [DEBUG] GuiListener has been unloaded. (took 6ms)
[26-04-27 03:50:24] [INFO] [DEBUG] Starting unload of UserManagerImpl at 1777261824478
[26-04-27 03:50:24] [INFO] [DEBUG] UserManagerImpl has been unloaded. (took 80ms)
[26-04-27 03:50:24] [INFO] [DEBUG] Starting unload of Lang at 1777261824567
[26-04-27 03:50:24] [INFO] [DEBUG] Lang has been unloaded. (took 0ms)
[26-04-27 03:50:24] [INFO] [DEBUG] Starting unload of Config at 1777261824567
[26-04-27 03:50:24] [INFO] [DEBUG] Config has been unloaded. (took 1ms)
[26-04-27 03:50:24] [INFO] [DEBUG] unload done (took 503ms)
[26-04-27 03:50:24] [INFO] [DEBUG] Log#clearSources done (took 0ms)
[26-04-27 03:54:28] [INFO] [DEBUG] onEnable start -> 1777262068821

[26-04-27 03:54:28] [INFO] [DEBUG] Starting load of Config at 1777262068880
[26-04-27 03:54:28] [INFO] [DEBUG] Config has been loaded. (took 17ms)
[26-04-27 03:54:28] [INFO] [DEBUG] Starting load of Lang at 1777262068900
[26-04-27 03:54:28] [INFO] [DEBUG] Lang has been loaded. (took 19ms)
[26-04-27 03:54:28] [INFO] [DEBUG] Starting load of UserManagerImpl at 1777262068919
[26-04-27 03:54:28] [INFO] [DEBUG] UserManagerImpl has been loaded. (took 1ms)
[26-04-27 03:54:28] [INFO] [DEBUG] Starting load of GuiListener at 1777262068920
[26-04-27 03:54:28] [INFO] [DEBUG] GuiListener has been loaded. (took 0ms)
[26-04-27 03:54:28] [INFO] [DEBUG] Starting load of KitManagerImpl at 1777262068920
[26-04-27 03:54:29] [INFO] KitManagerImpl: Loaded 7 kit(s).
[26-04-27 03:54:29] [INFO] [DEBUG] KitManagerImpl has been loaded. (took 180ms)
[26-04-27 03:54:29] [INFO] [DEBUG] Starting load of ArenaManagerImpl at 1777262069103
[26-04-27 03:54:29] [INFO] ArenaManagerImpl: Loaded 7 arena(s).
[26-04-27 03:54:29] [INFO] [DEBUG] ArenaManagerImpl has been loaded. (took 19ms)
[26-04-27 03:54:29] [INFO] [DEBUG] Starting load of SettingsManager at 1777262069122
[26-04-27 03:54:29] [INFO] [DEBUG] SettingsManager has been loaded. (took 0ms)
[26-04-27 03:54:29] [INFO] [DEBUG] Starting load of PlayerInfoManager at 1777262069122
[26-04-27 03:54:29] [INFO] [DEBUG] PlayerInfoManager has been loaded. (took 17ms)
[26-04-27 03:54:29] [INFO] [DEBUG] Starting load of SpectateManagerImpl at 1777262069139
[26-04-27 03:54:29] [INFO] [DEBUG] SpectateManagerImpl has been loaded. (took 0ms)
[26-04-27 03:54:29] [INFO] [DEBUG] Starting load of BettingManager at 1777262069139
[26-04-27 03:54:29] [INFO] BettingManager: Vault was not found! Money betting feature will be automatically disabled.
[26-04-27 03:54:29] [INFO] [DEBUG] BettingManager has been loaded. (took 2ms)
[26-04-27 03:54:29] [INFO] [DEBUG] Starting load of InventoryManager at 1777262069141
[26-04-27 03:54:29] [INFO] [DEBUG] InventoryManager has been loaded. (took 0ms)
[26-04-27 03:54:29] [INFO] [DEBUG] Starting load of DuelManager at 1777262069141
[26-04-27 03:54:29] [INFO] [DEBUG] DuelManager has been loaded. (took 0ms)
[26-04-27 03:54:29] [INFO] [DEBUG] Starting load of QueueManager at 1777262069141
[26-04-27 03:54:29] [INFO] QueueManager: Loaded 0 queue(s).
[26-04-27 03:54:29] [INFO] [DEBUG] QueueManager has been loaded. (took 1ms)
[26-04-27 03:54:29] [INFO] [DEBUG] Starting load of QueueSignManagerImpl at 1777262069144
[26-04-27 03:54:29] [INFO] QueueSignManagerImpl: Loaded 0 queue sign(s).
[26-04-27 03:54:29] [INFO] [DEBUG] QueueSignManagerImpl has been loaded. (took 1ms)
[26-04-27 03:54:29] [INFO] [DEBUG] Starting load of RequestManager at 1777262069145
[26-04-27 03:54:29] [INFO] [DEBUG] RequestManager has been loaded. (took 0ms)
[26-04-27 03:54:29] [INFO] [DEBUG] Starting load of Teleport at 1777262069145
[26-04-27 03:54:29] [INFO] [DEBUG] Teleport has been loaded. (took 0ms)
[26-04-27 03:54:29] [INFO] [DEBUG] Starting load of ExtensionManager at 1777262069146
[26-04-27 03:54:29] [INFO] [DEBUG] ExtensionManager has been loaded. (took 0ms)
[26-04-27 03:54:29] [INFO] No updates were available. You are on the latest version!
[26-04-27 04:21:57] [INFO] [DEBUG] onDisable start -> 1777263717119

[26-04-27 04:21:57] [INFO] [DEBUG] Starting unload of ExtensionManager at 1777263717139
[26-04-27 04:21:57] [INFO] [DEBUG] ExtensionManager has been unloaded. (took 1ms)
[26-04-27 04:21:57] [INFO] [DEBUG] Starting unload of Teleport at 1777263717140
[26-04-27 04:21:57] [INFO] [DEBUG] Teleport has been unloaded. (took 0ms)
[26-04-27 04:21:57] [INFO] [DEBUG] Starting unload of RequestManager at 1777263717140
[26-04-27 04:21:57] [INFO] [DEBUG] RequestManager has been unloaded. (took 0ms)
[26-04-27 04:21:57] [INFO] [DEBUG] Starting unload of QueueSignManagerImpl at 1777263717140
[26-04-27 04:21:57] [INFO] [DEBUG] QueueSignManagerImpl has been unloaded. (took 0ms)
[26-04-27 04:21:57] [INFO] [DEBUG] Starting unload of QueueManager at 1777263717140
[26-04-27 04:21:57] [INFO] [DEBUG] QueueManager has been unloaded. (took 1ms)
[26-04-27 04:21:57] [INFO] [DEBUG] Starting unload of DuelManager at 1777263717141
[26-04-27 04:21:57] [INFO] [DEBUG] DuelManager has been unloaded. (took 0ms)
[26-04-27 04:21:57] [INFO] [DEBUG] Starting unload of InventoryManager at 1777263717141
[26-04-27 04:21:57] [INFO] [DEBUG] InventoryManager has been unloaded. (took 0ms)
[26-04-27 04:21:57] [INFO] [DEBUG] Starting unload of BettingManager at 1777263717141
[26-04-27 04:21:57] [INFO] [DEBUG] BettingManager has been unloaded. (took 0ms)
[26-04-27 04:21:57] [INFO] [DEBUG] Starting unload of SpectateManagerImpl at 1777263717142
[26-04-27 04:21:57] [INFO] [DEBUG] SpectateManagerImpl has been unloaded. (took 0ms)
[26-04-27 04:21:57] [INFO] [DEBUG] Starting unload of PlayerInfoManager at 1777263717144
[26-04-27 04:21:57] [INFO] [DEBUG] PlayerInfoManager has been unloaded. (took 58ms)
[26-04-27 04:21:57] [INFO] [DEBUG] Starting unload of SettingsManager at 1777263717202
[26-04-27 04:21:57] [INFO] [DEBUG] SettingsManager has been unloaded. (took 0ms)
[26-04-27 04:21:57] [INFO] [DEBUG] Starting unload of ArenaManagerImpl at 1777263717202
[26-04-27 04:21:57] [INFO] [DEBUG] ArenaManagerImpl has been unloaded. (took 0ms)
[26-04-27 04:21:57] [INFO] [DEBUG] Starting unload of KitManagerImpl at 1777263717203
[26-04-27 04:21:57] [INFO] [DEBUG] KitManagerImpl has been unloaded. (took 0ms)
[26-04-27 04:21:57] [INFO] [DEBUG] Starting unload of GuiListener at 1777263717203
[26-04-27 04:21:57] [INFO] [DEBUG] GuiListener has been unloaded. (took 0ms)
[26-04-27 04:21:57] [INFO] [DEBUG] Starting unload of UserManagerImpl at 1777263717204
[26-04-27 04:21:57] [INFO] [DEBUG] UserManagerImpl has been unloaded. (took 3ms)
[26-04-27 04:21:57] [INFO] [DEBUG] Starting unload of Lang at 1777263717207
[26-04-27 04:21:57] [INFO] [DEBUG] Lang has been unloaded. (took 0ms)
[26-04-27 04:21:57] [INFO] [DEBUG] Starting unload of Config at 1777263717207
[26-04-27 04:21:57] [INFO] [DEBUG] Config has been unloaded. (took 0ms)
[26-04-27 04:21:57] [INFO] [DEBUG] unload done (took 88ms)
[26-04-27 04:21:57] [INFO] [DEBUG] Log#clearSources done (took 0ms)
[26-04-27 04:32:00] [INFO] [DEBUG] onEnable start -> 1777264320321

[26-04-27 04:32:00] [INFO] [DEBUG] Starting load of Config at 1777264320439
[26-04-27 04:32:00] [INFO] [DEBUG] Config has been loaded. (took 73ms)
[26-04-27 04:32:00] [INFO] [DEBUG] Starting load of Lang at 1777264320513
[26-04-27 04:32:00] [INFO] [DEBUG] Lang has been loaded. (took 62ms)
[26-04-27 04:32:00] [INFO] [DEBUG] Starting load of UserManagerImpl at 1777264320575
[26-04-27 04:32:00] [INFO] [DEBUG] UserManagerImpl has been loaded. (took 0ms)
[26-04-27 04:32:00] [INFO] [DEBUG] Starting load of GuiListener at 1777264320575
[26-04-27 04:32:00] [INFO] [DEBUG] GuiListener has been loaded. (took 0ms)
[26-04-27 04:32:00] [INFO] [DEBUG] Starting load of KitManagerImpl at 1777264320575
[26-04-27 04:32:00] [INFO] KitManagerImpl: Loaded 7 kit(s).
[26-04-27 04:32:00] [INFO] [DEBUG] KitManagerImpl has been loaded. (took 159ms)
[26-04-27 04:32:00] [INFO] [DEBUG] Starting load of ArenaManagerImpl at 1777264320735
[26-04-27 04:32:00] [INFO] ArenaManagerImpl: Loaded 7 arena(s).
[26-04-27 04:32:00] [INFO] [DEBUG] ArenaManagerImpl has been loaded. (took 81ms)
[26-04-27 04:32:00] [INFO] [DEBUG] Starting load of SettingsManager at 1777264320816
[26-04-27 04:32:00] [INFO] [DEBUG] SettingsManager has been loaded. (took 0ms)
[26-04-27 04:32:00] [INFO] [DEBUG] Starting load of PlayerInfoManager at 1777264320816
[26-04-27 04:32:00] [INFO] [DEBUG] PlayerInfoManager has been loaded. (took 32ms)
[26-04-27 04:32:00] [INFO] [DEBUG] Starting load of SpectateManagerImpl at 1777264320849
[26-04-27 04:32:00] [INFO] [DEBUG] SpectateManagerImpl has been loaded. (took 0ms)
[26-04-27 04:32:00] [INFO] [DEBUG] Starting load of BettingManager at 1777264320849
[26-04-27 04:32:00] [INFO] BettingManager: Vault was not found! Money betting feature will be automatically disabled.
[26-04-27 04:32:00] [INFO] [DEBUG] BettingManager has been loaded. (took 0ms)
[26-04-27 04:32:00] [INFO] [DEBUG] Starting load of InventoryManager at 1777264320850
[26-04-27 04:32:00] [INFO] [DEBUG] InventoryManager has been loaded. (took 0ms)
[26-04-27 04:32:00] [INFO] [DEBUG] Starting load of DuelManager at 1777264320850
[26-04-27 04:32:00] [INFO] [DEBUG] DuelManager has been loaded. (took 0ms)
[26-04-27 04:32:00] [INFO] [DEBUG] Starting load of QueueManager at 1777264320850
[26-04-27 04:32:00] [INFO] QueueManager: Loaded 0 queue(s).
[26-04-27 04:32:00] [INFO] [DEBUG] QueueManager has been loaded. (took 1ms)
[26-04-27 04:32:00] [INFO] [DEBUG] Starting load of QueueSignManagerImpl at 1777264320852
[26-04-27 04:32:00] [INFO] QueueSignManagerImpl: Loaded 0 queue sign(s).
[26-04-27 04:32:00] [INFO] [DEBUG] QueueSignManagerImpl has been loaded. (took 0ms)
[26-04-27 04:32:00] [INFO] [DEBUG] Starting load of RequestManager at 1777264320852
[26-04-27 04:32:00] [INFO] [DEBUG] RequestManager has been loaded. (took 0ms)
[26-04-27 04:32:00] [INFO] [DEBUG] Starting load of Teleport at 1777264320852
[26-04-27 04:32:00] [INFO] [DEBUG] Teleport has been loaded. (took 1ms)
[26-04-27 04:32:00] [INFO] [DEBUG] Starting load of ExtensionManager at 1777264320853
[26-04-27 04:32:00] [INFO] [DEBUG] ExtensionManager has been loaded. (took 0ms)
[26-04-27 04:32:02] [INFO] No updates were available. You are on the latest version!
[26-04-27 04:32:18] [INFO] [DEBUG] onDisable start -> 1777264338414

[26-04-27 04:32:18] [INFO] [DEBUG] Starting unload of ExtensionManager at 1777264338427
[26-04-27 04:32:18] [INFO] [DEBUG] ExtensionManager has been unloaded. (took 1ms)
[26-04-27 04:32:18] [INFO] [DEBUG] Starting unload of Teleport at 1777264338428
[26-04-27 04:32:18] [INFO] [DEBUG] Teleport has been unloaded. (took 0ms)
[26-04-27 04:32:18] [INFO] [DEBUG] Starting unload of RequestManager at 1777264338428
[26-04-27 04:32:18] [INFO] [DEBUG] RequestManager has been unloaded. (took 0ms)
[26-04-27 04:32:18] [INFO] [DEBUG] Starting unload of QueueSignManagerImpl at 1777264338428
[26-04-27 04:32:18] [INFO] [DEBUG] QueueSignManagerImpl has been unloaded. (took 1ms)
[26-04-27 04:32:18] [INFO] [DEBUG] Starting unload of QueueManager at 1777264338429
[26-04-27 04:32:18] [INFO] [DEBUG] QueueManager has been unloaded. (took 0ms)
[26-04-27 04:32:18] [INFO] [DEBUG] Starting unload of DuelManager at 1777264338429
[26-04-27 04:32:18] [INFO] [DEBUG] DuelManager has been unloaded. (took 0ms)
[26-04-27 04:32:18] [INFO] [DEBUG] Starting unload of InventoryManager at 1777264338429
[26-04-27 04:32:18] [INFO] [DEBUG] InventoryManager has been unloaded. (took 0ms)
[26-04-27 04:32:18] [INFO] [DEBUG] Starting unload of BettingManager at 1777264338429
[26-04-27 04:32:18] [INFO] [DEBUG] BettingManager has been unloaded. (took 0ms)
[26-04-27 04:32:18] [INFO] [DEBUG] Starting unload of SpectateManagerImpl at 1777264338429
[26-04-27 04:32:18] [INFO] [DEBUG] SpectateManagerImpl has been unloaded. (took 0ms)
[26-04-27 04:32:18] [INFO] [DEBUG] Starting unload of PlayerInfoManager at 1777264338429
[26-04-27 04:32:18] [INFO] [DEBUG] PlayerInfoManager has been unloaded. (took 25ms)
[26-04-27 04:32:18] [INFO] [DEBUG] Starting unload of SettingsManager at 1777264338454
[26-04-27 04:32:18] [INFO] [DEBUG] SettingsManager has been unloaded. (took 1ms)
[26-04-27 04:32:18] [INFO] [DEBUG] Starting unload of ArenaManagerImpl at 1777264338455
[26-04-27 04:32:18] [INFO] [DEBUG] ArenaManagerImpl has been unloaded. (took 0ms)
[26-04-27 04:32:18] [INFO] [DEBUG] Starting unload of KitManagerImpl at 1777264338455
[26-04-27 04:32:18] [INFO] [DEBUG] KitManagerImpl has been unloaded. (took 0ms)
[26-04-27 04:32:18] [INFO] [DEBUG] Starting unload of GuiListener at 1777264338455
[26-04-27 04:32:18] [INFO] [DEBUG] GuiListener has been unloaded. (took 0ms)
[26-04-27 04:32:18] [INFO] [DEBUG] Starting unload of UserManagerImpl at 1777264338455
[26-04-27 04:32:18] [INFO] [DEBUG] UserManagerImpl has been unloaded. (took 0ms)
[26-04-27 04:32:18] [INFO] [DEBUG] Starting unload of Lang at 1777264338455
[26-04-27 04:32:18] [INFO] [DEBUG] Lang has been unloaded. (took 0ms)
[26-04-27 04:32:18] [INFO] [DEBUG] Starting unload of Config at 1777264338456
[26-04-27 04:32:18] [INFO] [DEBUG] Config has been unloaded. (took 0ms)
[26-04-27 04:32:18] [INFO] [DEBUG] unload done (took 42ms)
[26-04-27 04:32:18] [INFO] [DEBUG] Log#clearSources done (took 0ms)
[26-04-27 04:34:21] [INFO] [DEBUG] onEnable start -> 1777264461996

[26-04-27 04:34:22] [INFO] [DEBUG] Starting load of Config at 1777264462064
[26-04-27 04:34:22] [INFO] [DEBUG] Config has been loaded. (took 19ms)
[26-04-27 04:34:22] [INFO] [DEBUG] Starting load of Lang at 1777264462085
[26-04-27 04:34:22] [INFO] [DEBUG] Lang has been loaded. (took 23ms)
[26-04-27 04:34:22] [INFO] [DEBUG] Starting load of UserManagerImpl at 1777264462108
[26-04-27 04:34:22] [INFO] [DEBUG] UserManagerImpl has been loaded. (took 3ms)
[26-04-27 04:34:22] [INFO] [DEBUG] Starting load of GuiListener at 1777264462111
[26-04-27 04:34:22] [INFO] [DEBUG] GuiListener has been loaded. (took 0ms)
[26-04-27 04:34:22] [INFO] [DEBUG] Starting load of KitManagerImpl at 1777264462112
[26-04-27 04:34:22] [INFO] KitManagerImpl: Loaded 7 kit(s).
[26-04-27 04:34:22] [INFO] [DEBUG] KitManagerImpl has been loaded. (took 121ms)
[26-04-27 04:34:22] [INFO] [DEBUG] Starting load of ArenaManagerImpl at 1777264462233
[26-04-27 04:34:22] [INFO] ArenaManagerImpl: Loaded 7 arena(s).
[26-04-27 04:34:22] [INFO] [DEBUG] ArenaManagerImpl has been loaded. (took 17ms)
[26-04-27 04:34:22] [INFO] [DEBUG] Starting load of SettingsManager at 1777264462250
[26-04-27 04:34:22] [INFO] [DEBUG] SettingsManager has been loaded. (took 1ms)
[26-04-27 04:34:22] [INFO] [DEBUG] Starting load of PlayerInfoManager at 1777264462251
[26-04-27 04:34:22] [INFO] [DEBUG] PlayerInfoManager has been loaded. (took 13ms)
[26-04-27 04:34:22] [INFO] [DEBUG] Starting load of SpectateManagerImpl at 1777264462264
[26-04-27 04:34:22] [INFO] [DEBUG] SpectateManagerImpl has been loaded. (took 0ms)
[26-04-27 04:34:22] [INFO] [DEBUG] Starting load of BettingManager at 1777264462264
[26-04-27 04:34:22] [INFO] BettingManager: Vault was not found! Money betting feature will be automatically disabled.
[26-04-27 04:34:22] [INFO] [DEBUG] BettingManager has been loaded. (took 1ms)
[26-04-27 04:34:22] [INFO] [DEBUG] Starting load of InventoryManager at 1777264462265
[26-04-27 04:34:22] [INFO] [DEBUG] InventoryManager has been loaded. (took 1ms)
[26-04-27 04:34:22] [INFO] [DEBUG] Starting load of DuelManager at 1777264462267
[26-04-27 04:34:22] [INFO] [DEBUG] DuelManager has been loaded. (took 0ms)
[26-04-27 04:34:22] [INFO] [DEBUG] Starting load of QueueManager at 1777264462267
[26-04-27 04:34:22] [INFO] QueueManager: Loaded 0 queue(s).
[26-04-27 04:34:22] [INFO] [DEBUG] QueueManager has been loaded. (took 2ms)
[26-04-27 04:34:22] [INFO] [DEBUG] Starting load of QueueSignManagerImpl at 1777264462269
[26-04-27 04:34:22] [INFO] QueueSignManagerImpl: Loaded 0 queue sign(s).
[26-04-27 04:34:22] [INFO] [DEBUG] QueueSignManagerImpl has been loaded. (took 1ms)
[26-04-27 04:34:22] [INFO] [DEBUG] Starting load of RequestManager at 1777264462270
[26-04-27 04:34:22] [INFO] [DEBUG] RequestManager has been loaded. (took 0ms)
[26-04-27 04:34:22] [INFO] [DEBUG] Starting load of Teleport at 1777264462270
[26-04-27 04:34:22] [INFO] [DEBUG] Teleport has been loaded. (took 3ms)
[26-04-27 04:34:22] [INFO] [DEBUG] Starting load of ExtensionManager at 1777264462276
[26-04-27 04:34:22] [INFO] [DEBUG] ExtensionManager has been loaded. (took 1ms)
[26-04-27 04:34:22] [INFO] No updates were available. You are on the latest version!
[26-04-27 04:56:12] [INFO] [DEBUG] onDisable start -> 1777265772865

[26-04-27 04:56:12] [INFO] [DEBUG] Starting unload of ExtensionManager at 1777265772913
[26-04-27 04:56:12] [INFO] [DEBUG] ExtensionManager has been unloaded. (took 1ms)
[26-04-27 04:56:12] [INFO] [DEBUG] Starting unload of Teleport at 1777265772915
[26-04-27 04:56:12] [INFO] [DEBUG] Teleport has been unloaded. (took 0ms)
[26-04-27 04:56:12] [INFO] [DEBUG] Starting unload of RequestManager at 1777265772915
[26-04-27 04:56:12] [INFO] [DEBUG] RequestManager has been unloaded. (took 0ms)
[26-04-27 04:56:12] [INFO] [DEBUG] Starting unload of QueueSignManagerImpl at 1777265772915
[26-04-27 04:56:12] [INFO] [DEBUG] QueueSignManagerImpl has been unloaded. (took 0ms)
[26-04-27 04:56:12] [INFO] [DEBUG] Starting unload of QueueManager at 1777265772915
[26-04-27 04:56:12] [INFO] [DEBUG] QueueManager has been unloaded. (took 0ms)
[26-04-27 04:56:12] [INFO] [DEBUG] Starting unload of DuelManager at 1777265772915
[26-04-27 04:56:12] [INFO] [DEBUG] DuelManager has been unloaded. (took 0ms)
[26-04-27 04:56:12] [INFO] [DEBUG] Starting unload of InventoryManager at 1777265772915
[26-04-27 04:56:12] [INFO] [DEBUG] InventoryManager has been unloaded. (took 0ms)
[26-04-27 04:56:12] [INFO] [DEBUG] Starting unload of BettingManager at 1777265772916
[26-04-27 04:56:12] [INFO] [DEBUG] BettingManager has been unloaded. (took 0ms)
[26-04-27 04:56:12] [INFO] [DEBUG] Starting unload of SpectateManagerImpl at 1777265772916
[26-04-27 04:56:12] [INFO] [DEBUG] SpectateManagerImpl has been unloaded. (took 0ms)
[26-04-27 04:56:12] [INFO] [DEBUG] Starting unload of PlayerInfoManager at 1777265772917
[26-04-27 04:56:12] [INFO] [DEBUG] PlayerInfoManager has been unloaded. (took 25ms)
[26-04-27 04:56:12] [INFO] [DEBUG] Starting unload of SettingsManager at 1777265772943
[26-04-27 04:56:12] [INFO] [DEBUG] SettingsManager has been unloaded. (took 0ms)
[26-04-27 04:56:12] [INFO] [DEBUG] Starting unload of ArenaManagerImpl at 1777265772943
[26-04-27 04:56:12] [INFO] [DEBUG] ArenaManagerImpl has been unloaded. (took 0ms)
[26-04-27 04:56:12] [INFO] [DEBUG] Starting unload of KitManagerImpl at 1777265772943
[26-04-27 04:56:12] [INFO] [DEBUG] KitManagerImpl has been unloaded. (took 0ms)
[26-04-27 04:56:12] [INFO] [DEBUG] Starting unload of GuiListener at 1777265772943
[26-04-27 04:56:12] [INFO] [DEBUG] GuiListener has been unloaded. (took 4ms)
[26-04-27 04:56:12] [INFO] [DEBUG] Starting unload of UserManagerImpl at 1777265772947
[26-04-27 04:56:12] [INFO] [DEBUG] UserManagerImpl has been unloaded. (took 0ms)
[26-04-27 04:56:12] [INFO] [DEBUG] Starting unload of Lang at 1777265772947
[26-04-27 04:56:12] [INFO] [DEBUG] Lang has been unloaded. (took 0ms)
[26-04-27 04:56:12] [INFO] [DEBUG] Starting unload of Config at 1777265772947
[26-04-27 04:56:12] [INFO] [DEBUG] Config has been unloaded. (took 0ms)
[26-04-27 04:56:12] [INFO] [DEBUG] unload done (took 82ms)
[26-04-27 04:56:12] [INFO] [DEBUG] Log#clearSources done (took 0ms)
[26-04-27 07:56:57] [INFO] [DEBUG] onEnable start -> 1777276617782

[26-04-27 07:56:57] [INFO] [DEBUG] Starting load of Config at 1777276617894
[26-04-27 07:56:57] [INFO] [DEBUG] Config has been loaded. (took 57ms)
[26-04-27 07:56:57] [INFO] [DEBUG] Starting load of Lang at 1777276617951
[26-04-27 07:56:57] [INFO] [DEBUG] Lang has been loaded. (took 40ms)
[26-04-27 07:56:57] [INFO] [DEBUG] Starting load of UserManagerImpl at 1777276617993
[26-04-27 07:56:57] [INFO] [DEBUG] UserManagerImpl has been loaded. (took 4ms)
[26-04-27 07:56:57] [INFO] [DEBUG] Starting load of GuiListener at 1777276617997
[26-04-27 07:56:57] [INFO] [DEBUG] GuiListener has been loaded. (took 0ms)
[26-04-27 07:56:57] [INFO] [DEBUG] Starting load of KitManagerImpl at 1777276617997
[26-04-27 07:56:58] [INFO] KitManagerImpl: Loaded 7 kit(s).
[26-04-27 07:56:58] [INFO] [DEBUG] KitManagerImpl has been loaded. (took 228ms)
[26-04-27 07:56:58] [INFO] [DEBUG] Starting load of ArenaManagerImpl at 1777276618226
[26-04-27 07:56:58] [INFO] ArenaManagerImpl: Loaded 7 arena(s).
[26-04-27 07:56:58] [INFO] [DEBUG] ArenaManagerImpl has been loaded. (took 81ms)
[26-04-27 07:56:58] [INFO] [DEBUG] Starting load of SettingsManager at 1777276618307
[26-04-27 07:56:58] [INFO] [DEBUG] SettingsManager has been loaded. (took 0ms)
[26-04-27 07:56:58] [INFO] [DEBUG] Starting load of PlayerInfoManager at 1777276618307
[26-04-27 07:56:58] [INFO] [DEBUG] PlayerInfoManager has been loaded. (took 79ms)
[26-04-27 07:56:58] [INFO] [DEBUG] Starting load of SpectateManagerImpl at 1777276618387
[26-04-27 07:56:58] [INFO] [DEBUG] SpectateManagerImpl has been loaded. (took 0ms)
[26-04-27 07:56:58] [INFO] [DEBUG] Starting load of BettingManager at 1777276618387
[26-04-27 07:56:58] [INFO] BettingManager: Vault was not found! Money betting feature will be automatically disabled.
[26-04-27 07:56:58] [INFO] [DEBUG] BettingManager has been loaded. (took 1ms)
[26-04-27 07:56:58] [INFO] [DEBUG] Starting load of InventoryManager at 1777276618388
[26-04-27 07:56:58] [INFO] [DEBUG] InventoryManager has been loaded. (took 1ms)
[26-04-27 07:56:58] [INFO] [DEBUG] Starting load of DuelManager at 1777276618389
[26-04-27 07:56:58] [INFO] [DEBUG] DuelManager has been loaded. (took 0ms)
[26-04-27 07:56:58] [INFO] [DEBUG] Starting load of QueueManager at 1777276618391
[26-04-27 07:56:58] [INFO] QueueManager: Loaded 0 queue(s).
[26-04-27 07:56:58] [INFO] [DEBUG] QueueManager has been loaded. (took 2ms)
[26-04-27 07:56:58] [INFO] [DEBUG] Starting load of QueueSignManagerImpl at 1777276618394
[26-04-27 07:56:58] [INFO] QueueSignManagerImpl: Loaded 0 queue sign(s).
[26-04-27 07:56:58] [INFO] [DEBUG] QueueSignManagerImpl has been loaded. (took 3ms)
[26-04-27 07:56:58] [INFO] [DEBUG] Starting load of RequestManager at 1777276618397
[26-04-27 07:56:58] [INFO] [DEBUG] RequestManager has been loaded. (took 0ms)
[26-04-27 07:56:58] [INFO] [DEBUG] Starting load of Teleport at 1777276618397
[26-04-27 07:56:58] [INFO] [DEBUG] Teleport has been loaded. (took 1ms)
[26-04-27 07:56:58] [INFO] [DEBUG] Starting load of ExtensionManager at 1777276618398
[26-04-27 07:56:58] [INFO] [DEBUG] ExtensionManager has been loaded. (took 7ms)
[26-04-27 07:56:59] [INFO] No updates were available. You are on the latest version!
[26-04-27 08:54:08] [INFO] [DEBUG] onDisable start -> 1777280048424

[26-04-27 08:54:08] [INFO] [DEBUG] Starting unload of ExtensionManager at 1777280048440
[26-04-27 08:54:08] [INFO] [DEBUG] ExtensionManager has been unloaded. (took 2ms)
[26-04-27 08:54:08] [INFO] [DEBUG] Starting unload of Teleport at 1777280048442
[26-04-27 08:54:08] [INFO] [DEBUG] Teleport has been unloaded. (took 0ms)
[26-04-27 08:54:08] [INFO] [DEBUG] Starting unload of RequestManager at 1777280048442
[26-04-27 08:54:08] [INFO] [DEBUG] RequestManager has been unloaded. (took 1ms)
[26-04-27 08:54:08] [INFO] [DEBUG] Starting unload of QueueSignManagerImpl at 1777280048443
[26-04-27 08:54:08] [INFO] [DEBUG] QueueSignManagerImpl has been unloaded. (took 0ms)
[26-04-27 08:54:08] [INFO] [DEBUG] Starting unload of QueueManager at 1777280048443
[26-04-27 08:54:08] [INFO] [DEBUG] QueueManager has been unloaded. (took 0ms)
[26-04-27 08:54:08] [INFO] [DEBUG] Starting unload of DuelManager at 1777280048444
[26-04-27 08:54:08] [INFO] [DEBUG] DuelManager has been unloaded. (took 0ms)
[26-04-27 08:54:08] [INFO] [DEBUG] Starting unload of InventoryManager at 1777280048444
[26-04-27 08:54:08] [INFO] [DEBUG] InventoryManager has been unloaded. (took 0ms)
[26-04-27 08:54:08] [INFO] [DEBUG] Starting unload of BettingManager at 1777280048444
[26-04-27 08:54:08] [INFO] [DEBUG] BettingManager has been unloaded. (took 1ms)
[26-04-27 08:54:08] [INFO] [DEBUG] Starting unload of SpectateManagerImpl at 1777280048445
[26-04-27 08:54:08] [INFO] [DEBUG] SpectateManagerImpl has been unloaded. (took 0ms)
[26-04-27 08:54:08] [INFO] [DEBUG] Starting unload of PlayerInfoManager at 1777280048445
[26-04-27 08:54:08] [INFO] [DEBUG] PlayerInfoManager has been unloaded. (took 15ms)
[26-04-27 08:54:08] [INFO] [DEBUG] Starting unload of SettingsManager at 1777280048460
[26-04-27 08:54:08] [INFO] [DEBUG] SettingsManager has been unloaded. (took 0ms)
[26-04-27 08:54:08] [INFO] [DEBUG] Starting unload of ArenaManagerImpl at 1777280048460
[26-04-27 08:54:08] [INFO] [DEBUG] ArenaManagerImpl has been unloaded. (took 0ms)
[26-04-27 08:54:08] [INFO] [DEBUG] Starting unload of KitManagerImpl at 1777280048460
[26-04-27 08:54:08] [INFO] [DEBUG] KitManagerImpl has been unloaded. (took 0ms)
[26-04-27 08:54:08] [INFO] [DEBUG] Starting unload of GuiListener at 1777280048461
[26-04-27 08:54:08] [INFO] [DEBUG] GuiListener has been unloaded. (took 0ms)
[26-04-27 08:54:08] [INFO] [DEBUG] Starting unload of UserManagerImpl at 1777280048462
[26-04-27 08:54:08] [INFO] [DEBUG] UserManagerImpl has been unloaded. (took 172ms)
[26-04-27 08:54:08] [INFO] [DEBUG] Starting unload of Lang at 1777280048634
[26-04-27 08:54:08] [INFO] [DEBUG] Lang has been unloaded. (took 0ms)
[26-04-27 08:54:08] [INFO] [DEBUG] Starting unload of Config at 1777280048635
[26-04-27 08:54:08] [INFO] [DEBUG] Config has been unloaded. (took 0ms)
[26-04-27 08:54:08] [INFO] [DEBUG] unload done (took 211ms)
[26-04-27 08:54:08] [INFO] [DEBUG] Log#clearSources done (took 0ms)
