[05:38:26] [main/INFO]: Using mbed TLS based native cipher.
[05:38:26] [main/INFO]: Using zlib based native compressor.
[05:38:26] [main/INFO]: Enabled Waterfall version git:Waterfall-Bootstrap:1.21-R0.1-SNAPSHOT:9ab9e2b:582
[05:38:26] [main/WARN]: Waterfall has reached end of life and is no longer maintained. We recommend you transition to Velocity (https://papermc.io/software/velocity). For more information, see the announcement (https://forums.papermc.io/threads/1088/).
[05:38:27] [main/INFO]: Not on Windows, attempting to use enhanced EpollEventLoop
[05:38:27] [main/INFO]: Epoll is working, utilising it!
[05:38:27] [main/INFO]: Discovered module: ModuleSpec(name=cmd_alert, file=modules/cmd_alert.jar, provider=JenkinsModuleSource())
[05:38:27] [main/INFO]: Discovered module: ModuleSpec(name=cmd_find, file=modules/cmd_find.jar, provider=JenkinsModuleSource())
[05:38:27] [main/INFO]: Discovered module: ModuleSpec(name=cmd_list, file=modules/cmd_list.jar, provider=JenkinsModuleSource())
[05:38:27] [main/INFO]: Discovered module: ModuleSpec(name=cmd_send, file=modules/cmd_send.jar, provider=JenkinsModuleSource())
[05:38:27] [main/INFO]: Discovered module: ModuleSpec(name=cmd_server, file=modules/cmd_server.jar, provider=JenkinsModuleSource())
[05:38:27] [main/INFO]: Discovered module: ModuleSpec(name=reconnect_yaml, file=modules/reconnect_yaml.jar, provider=JenkinsModuleSource())
[05:38:27] [main/INFO]: Loaded plugin reconnect_yaml version git:reconnect_yaml:1.21-R0.1-SNAPSHOT:9ab9e2b:582 by WaterfallMC
[05:38:27] [main/INFO]: Loaded plugin cmd_find version git:cmd_find:1.21-R0.1-SNAPSHOT:9ab9e2b:582 by WaterfallMC
[05:38:27] [main/INFO]: Loaded plugin cmd_server version git:cmd_server:1.21-R0.1-SNAPSHOT:9ab9e2b:582 by WaterfallMC
[05:38:27] [main/INFO]: Loaded plugin cmd_alert version git:cmd_alert:1.21-R0.1-SNAPSHOT:9ab9e2b:582 by WaterfallMC
[05:38:27] [main/INFO]: Loaded plugin cmd_send version git:cmd_send:1.21-R0.1-SNAPSHOT:9ab9e2b:582 by WaterfallMC
[05:38:27] [main/INFO]: Loaded plugin cmd_list version git:cmd_list:1.21-R0.1-SNAPSHOT:9ab9e2b:582 by WaterfallMC
[05:38:27] [main/WARN]: :>:>:>:>:>:>:>:>:>:>:>:>:>:>:>:>:>:>:>:>:>:>:>
[05:38:27] [main/WARN]: :>  
[05:38:27] [main/WARN]: :>      EAGLERCRAFTXBUNGEE WARNING:
[05:38:27] [main/WARN]: :>  
[05:38:27] [main/WARN]: :>  This plugin wasn't tested to be 'working'
[05:38:27] [main/WARN]: :>  with ANY version of BungeeCord (and forks)
[05:38:27] [main/WARN]: :>  apart from the versions listed below:
[05:38:27] [main/WARN]: :>  
[05:38:27] [main/WARN]: :>  - BungeeCord: 1.21-R0.1-SNAPSHOT:20a71b0:1887
[05:38:27] [main/WARN]: :>  - Waterfall: 1.21-R0.1-SNAPSHOT:bf1be7e:581
[05:38:27] [main/WARN]: :>  
[05:38:27] [main/WARN]: :>  This is not a Bukkit/Spigot plugin!
[05:38:27] [main/WARN]: :>  
[05:38:27] [main/WARN]: :>  Use "-Deaglerxbungee.stfu=true" to hide
[05:38:27] [main/WARN]: :>  
[05:38:27] [main/WARN]: :>:>:>:>:>:>:>:>:>:>:>:>:>:>:>:>:>:>:>:>:>:>:>
[05:38:27] [main/INFO] [EaglercraftXBungee]: Loading vanilla profile: Mr_Slope69
[05:38:31] [Skin Download Thread #1/INFO] [EaglercraftXBungee]: Loaded vanilla profile: Mr_Slope69
[05:38:31] [main/INFO]: Loaded plugin EaglercraftXBungee version 1.3.4 by lax1dude
[05:38:31] [main/WARN]: Forced host server pvp is not defined
[05:38:31] [main/INFO]: Enabled plugin reconnect_yaml version git:reconnect_yaml:1.21-R0.1-SNAPSHOT:9ab9e2b:582 by WaterfallMC
[05:38:31] [main/INFO]: Enabled plugin cmd_find version git:cmd_find:1.21-R0.1-SNAPSHOT:9ab9e2b:582 by WaterfallMC
[05:38:31] [main/INFO]: Enabled plugin cmd_server version git:cmd_server:1.21-R0.1-SNAPSHOT:9ab9e2b:582 by WaterfallMC
[05:38:31] [main/INFO]: Enabled plugin cmd_alert version git:cmd_alert:1.21-R0.1-SNAPSHOT:9ab9e2b:582 by WaterfallMC
[05:38:31] [main/INFO]: Enabled plugin cmd_send version git:cmd_send:1.21-R0.1-SNAPSHOT:9ab9e2b:582 by WaterfallMC
[05:38:31] [main/INFO]: Enabled plugin cmd_list version git:cmd_list:1.21-R0.1-SNAPSHOT:9ab9e2b:582 by WaterfallMC
[05:38:31] [main/ERROR] [EaglercraftXBungee]: Online mode is set to false! Authentication system has been disabled
[05:38:31] [Netty Boss IO Thread #0/INFO] [EaglercraftXBungee]: Eaglercraft is listening on: /0.0.0.0:8081
[05:38:31] [main/INFO] [EaglercraftXBungee]: Connected to database: jdbc:sqlite:eaglercraft_skins_cache.db
[05:38:31] [main/WARN] [EaglercraftXBungee]: Voice chat enabled, not recommended for public servers!
[05:38:31] [main/INFO]: Enabled plugin EaglercraftXBungee version 1.3.4 by lax1dude
[05:38:31] [EaglerXBungee: Update Service Tasks/INFO] [EaglercraftXBungee]: Loaded certificate: /workspaces/chanhina/waterfall/plugins/EaglercraftXBungee/eagcert/$dl.34268c6e7b2a2336a2821b0171d290d6dd455cba.cert
[05:38:31] [Netty Boss IO Thread #1/INFO]: Listening on /0.0.0.0:25577
[05:45:44] [Netty Worker IO Thread #2/WARN] [EaglercraftXBungee]: Server icon is not a file: /workspaces/chanhina/waterfall/server-icon.png
[05:45:47] [Netty Worker IO Thread #3/INFO] [EaglercraftXBungee]: [/[0:0:0:0:0:0:0:1]:52320]: Connected via websocket
[05:45:47] [Netty Worker IO Thread #3/INFO] [EaglercraftXBungee]: [/[0:0:0:0:0:0:0:1]:52320]: Real address is 106.178.120.206
[05:45:47] [Netty Worker IO Thread #3/INFO] [EaglercraftXBungee]: [/[0:0:0:0:0:0:0:1]:52320]: Origin header is null
[05:45:47] [Netty Worker IO Thread #3/INFO] [EaglercraftXBungee]: [/[0:0:0:0:0:0:0:1]:52320]: Logged in as 'Jonson_GG'
[05:45:47] [Netty Worker IO Thread #3/INFO]: [/106.178.120.206:52320|Jonson_GG] -> UpstreamBridge has connected
[05:45:47] [Netty Worker IO Thread #3/INFO]: [Jonson_GG|/106.178.120.206:52320] <-> ServerConnector [lobby] has connected
[05:45:54] [Netty Worker IO Thread #3/INFO]: [Jonson_GG] disconnected with: Wrong password!
[05:45:54] [Netty Worker IO Thread #3/INFO]: [/106.178.120.206:52320|Jonson_GG] -> UpstreamBridge has disconnected
[05:45:54] [Netty Worker IO Thread #3/INFO]: [/106.178.120.206:52320|Jonson_GG] <-> DownstreamBridge <-> [lobby] has disconnected
[05:45:58] [Netty Worker IO Thread #0/INFO] [EaglercraftXBungee]: [/[0:0:0:0:0:0:0:1]:34618]: Connected via websocket
[05:45:58] [Netty Worker IO Thread #0/INFO] [EaglercraftXBungee]: [/[0:0:0:0:0:0:0:1]:34618]: Real address is 106.178.120.206
[05:45:58] [Netty Worker IO Thread #0/INFO] [EaglercraftXBungee]: [/[0:0:0:0:0:0:0:1]:34618]: Origin header is null
[05:45:58] [Netty Worker IO Thread #0/INFO] [EaglercraftXBungee]: [/[0:0:0:0:0:0:0:1]:34618]: Logged in as 'Jonson_GG'
[05:45:58] [Netty Worker IO Thread #0/INFO]: [/106.178.120.206:34618|Jonson_GG] -> UpstreamBridge has connected
[05:45:58] [Netty Worker IO Thread #0/INFO]: [Jonson_GG|/106.178.120.206:34618] <-> ServerConnector [lobby] has connected
[05:46:27] [Netty Worker IO Thread #0/INFO]: [/106.178.120.206:34618|Jonson_GG] -> UpstreamBridge has disconnected
[05:46:27] [Netty Worker IO Thread #0/INFO]: [/106.178.120.206:34618|Jonson_GG] <-> DownstreamBridge <-> [lobby] has disconnected
