04-13-2026 10:29 [INFO] [MyPet] Current Exp-Cache is invalid, it will be recalculated.
04-13-2026 10:29 [INFO] [MyPet] Default skilltree files created.
04-13-2026 10:29 [INFO] [MyPet] SQLite connection successful.
04-13-2026 10:29 [INFO] [MyPet] added speedwaytriple to 'default' group.
04-13-2026 10:29 [INFO] [MyPet] added speedway-doubles to 'default' group.
04-13-2026 10:29 [INFO] [MyPet] added speedway3 to 'default' group.
04-13-2026 10:30 [INFO] [MyPet] Disabling MyPet v3.14.2
04-13-2026 10:32 [INFO] [MyPet] SQLite connection successful.
04-13-2026 10:32 [INFO] [MyPet] added speedwaytriple to 'default' group.
04-13-2026 10:32 [INFO] [MyPet] added speedway-doubles to 'default' group.
04-13-2026 10:32 [INFO] [MyPet] added speedway3 to 'default' group.
04-13-2026 10:34 [INFO] [MyPet] added sabaibaru to 'default' group.
04-13-2026 10:45 [INFO] [MyPet] Disabling MyPet v3.14.2
04-14-2026 08:36 [INFO] [MyPet] SQLite connection successful.
04-14-2026 08:36 [INFO] [MyPet] added speedwaytriple to 'default' group.
04-14-2026 08:36 [INFO] [MyPet] added speedway-doubles to 'default' group.
04-14-2026 08:36 [INFO] [MyPet] added speedway3 to 'default' group.
04-14-2026 08:49 [INFO] [MyPet] Disabling MyPet v3.14.2
04-14-2026 08:55 [INFO] [MyPet] SQLite connection successful.
04-14-2026 08:55 [INFO] [MyPet] added speedwaytriple to 'default' group.
04-14-2026 08:55 [INFO] [MyPet] added speedway-doubles to 'default' group.
04-14-2026 08:55 [INFO] [MyPet] added speedway3 to 'default' group.
04-14-2026 09:38 [INFO] [MyPet] Config reloaded!
04-14-2026 09:41 [INFO] [MyPet] Config reloaded!
04-14-2026 09:42 [INFO] [MyPet] Config reloaded!
04-14-2026 09:53 [INFO] [MyPet] Disabling MyPet v3.14.2
04-14-2026 09:56 [INFO] [MyPet] SQLite connection successful.
04-14-2026 09:56 [INFO] [MyPet] added speedwaytriple to 'default' group.
04-14-2026 09:56 [INFO] [MyPet] added speedway-doubles to 'default' group.
04-14-2026 09:56 [INFO] [MyPet] added speedway3 to 'default' group.
04-14-2026 09:57 [INFO] [MyPet] added 20260406-2003_2bdc61a52ef6efd30d to 'default' group.
04-14-2026 10:06 [INFO] [MyPet] Disabling MyPet v3.14.2
04-14-2026 10:07 [INFO] [MyPet] SQLite connection successful.
04-14-2026 10:07 [INFO] [MyPet] added speedwaytriple to 'default' group.
04-14-2026 10:07 [INFO] [MyPet] added speedway-doubles to 'default' group.
04-14-2026 10:07 [INFO] [MyPet] added speedway3 to 'default' group.
04-14-2026 10:08 [INFO] [MyPet] Disabling MyPet v3.14.2
04-14-2026 10:11 [INFO] [MyPet] SQLite connection successful.
04-14-2026 10:11 [INFO] [MyPet] added speedwaytriple to 'default' group.
04-14-2026 10:11 [INFO] [MyPet] added speedway-doubles to 'default' group.
04-14-2026 10:11 [INFO] [MyPet] added speedway3 to 'default' group.
04-14-2026 11:12 [INFO] [MyPet] Disabling MyPet v3.14.2
04-14-2026 11:13 [INFO] [MyPet] SQLite connection successful.
04-14-2026 11:13 [INFO] [MyPet] added speedwaytriple to 'default' group.
04-14-2026 11:13 [INFO] [MyPet] added speedway-doubles to 'default' group.
04-14-2026 11:13 [INFO] [MyPet] added speedway3 to 'default' group.
04-14-2026 11:23 [INFO] [MyPet] Disabling MyPet v3.14.2
04-14-2026 11:26 [INFO] [MyPet] SQLite connection successful.
04-14-2026 11:26 [INFO] [MyPet] added speedwaytriple to 'default' group.
04-14-2026 11:26 [INFO] [MyPet] added speedway-doubles to 'default' group.
04-14-2026 11:26 [INFO] [MyPet] added speedway3 to 'default' group.
04-14-2026 12:00 [INFO] [MyPet] Disabling MyPet v3.14.2
04-14-2026 12:01 [INFO] [MyPet] SQLite connection successful.
04-14-2026 12:01 [INFO] [MyPet] added speedwaytriple to 'default' group.
04-14-2026 12:01 [INFO] [MyPet] added speedway-doubles to 'default' group.
04-14-2026 12:01 [INFO] [MyPet] added speedway3 to 'default' group.
04-14-2026 12:03 [INFO] [MyPet] Disabling MyPet v3.14.2
04-14-2026 12:04 [INFO] [MyPet] SQLite connection successful.
04-14-2026 12:04 [INFO] [MyPet] added speedwaytriple to 'default' group.
04-14-2026 12:04 [INFO] [MyPet] added speedway-doubles to 'default' group.
04-14-2026 12:04 [INFO] [MyPet] added speedway3 to 'default' group.
04-14-2026 12:27 [INFO] [MyPet] Disabling MyPet v3.14.2
04-14-2026 12:30 [INFO] [MyPet] SQLite connection successful.
04-14-2026 12:30 [INFO] [MyPet] added speedwaytriple to 'default' group.
04-14-2026 12:30 [INFO] [MyPet] added speedway-doubles to 'default' group.
04-14-2026 12:30 [INFO] [MyPet] added speedway3 to 'default' group.
04-14-2026 12:38 [INFO] [MyPet] Config reloaded!
04-14-2026 13:27 [INFO] [MyPet] Disabling MyPet v3.14.2
04-14-2026 13:29 [INFO] [MyPet] SQLite connection successful.
04-14-2026 13:29 [INFO] [MyPet] added speedwaytriple to 'default' group.
04-14-2026 13:29 [INFO] [MyPet] added speedway-doubles to 'default' group.
04-14-2026 13:29 [INFO] [MyPet] added speedway3 to 'default' group.
04-14-2026 13:29 [INFO] [MyPet] Disabling MyPet v3.14.2
04-14-2026 13:32 [INFO] [MyPet] SQLite connection successful.
04-14-2026 13:32 [INFO] [MyPet] added speedwaytriple to 'default' group.
04-14-2026 13:32 [INFO] [MyPet] added speedway-doubles to 'default' group.
04-14-2026 13:32 [INFO] [MyPet] added speedway3 to 'default' group.
04-14-2026 13:35 [INFO] [MyPet] Disabling MyPet v3.14.2
04-14-2026 13:37 [INFO] [MyPet] SQLite connection successful.
04-14-2026 13:37 [INFO] [MyPet] added speedwaytriple to 'default' group.
04-14-2026 13:37 [INFO] [MyPet] added speedway-doubles to 'default' group.
04-14-2026 13:37 [INFO] [MyPet] added speedway3 to 'default' group.
04-14-2026 13:38 [INFO] [MyPet] Disabling MyPet v3.14.2
04-15-2026 11:01 [INFO] [MyPet] SQLite connection successful.
04-15-2026 11:01 [INFO] [MyPet] added speedwaytriple to 'default' group.
04-15-2026 11:01 [INFO] [MyPet] added speedway-doubles to 'default' group.
04-15-2026 11:01 [INFO] [MyPet] added speedway3 to 'default' group.
04-15-2026 11:17 [INFO] [MyPet] Disabling MyPet v3.14.2
04-15-2026 11:18 [INFO] [MyPet] SQLite connection successful.
04-15-2026 11:18 [INFO] [MyPet] added speedwaytriple to 'default' group.
04-15-2026 11:18 [INFO] [MyPet] added speedway-doubles to 'default' group.
04-15-2026 11:18 [INFO] [MyPet] added speedway3 to 'default' group.
04-15-2026 12:00 [INFO] [MyPet] Disabling MyPet v3.14.2
04-15-2026 12:03 [INFO] [MyPet] SQLite connection successful.
04-15-2026 12:03 [INFO] [MyPet] added speedwaytriple to 'default' group.
04-15-2026 12:03 [INFO] [MyPet] added speedway-doubles to 'default' group.
04-15-2026 12:03 [INFO] [MyPet] added speedway3 to 'default' group.
04-15-2026 12:29 [INFO] [MyPet] Disabling MyPet v3.14.2
04-15-2026 12:58 [INFO] [MyPet] SQLite connection successful.
04-15-2026 12:58 [INFO] [MyPet] added speedwaytriple to 'default' group.
04-15-2026 12:58 [INFO] [MyPet] added speedway-doubles to 'default' group.
04-15-2026 12:58 [INFO] [MyPet] added speedway3 to 'default' group.
04-15-2026 14:08 [INFO] [MyPet] Disabling MyPet v3.14.2
04-16-2026 06:02 [INFO] [MyPet] SQLite connection successful.
04-16-2026 06:03 [INFO] [MyPet] added speedwaytriple to 'default' group.
04-16-2026 06:03 [INFO] [MyPet] added speedway-doubles to 'default' group.
04-16-2026 06:03 [INFO] [MyPet] added speedway3 to 'default' group.
04-16-2026 06:21 [INFO] [MyPet] Disabling MyPet v3.14.2
04-16-2026 06:41 [INFO] [MyPet] SQLite connection successful.
04-16-2026 06:41 [INFO] [MyPet] added speedwaytriple to 'default' group.
04-16-2026 06:41 [INFO] [MyPet] added speedway-doubles to 'default' group.
04-16-2026 06:41 [INFO] [MyPet] added speedway3 to 'default' group.
04-16-2026 06:46 [INFO] [MyPet] Disabling MyPet v3.14.2
04-16-2026 13:47 [INFO] [MyPet] SQLite connection successful.
04-16-2026 13:47 [INFO] [MyPet] added speedwaytriple to 'default' group.
04-16-2026 13:47 [INFO] [MyPet] added speedway-doubles to 'default' group.
04-16-2026 13:47 [INFO] [MyPet] added speedway3 to 'default' group.
04-16-2026 14:19 [INFO] [MyPet] Disabling MyPet v3.14.2
04-16-2026 14:20 [INFO] [MyPet] SQLite connection successful.
04-16-2026 14:20 [INFO] [MyPet] added speedwaytriple to 'default' group.
04-16-2026 14:20 [INFO] [MyPet] added speedway-doubles to 'default' group.
04-16-2026 14:20 [INFO] [MyPet] added speedway3 to 'default' group.
04-16-2026 14:48 [INFO] [MyPet] Disabling MyPet v3.14.2
04-16-2026 14:49 [INFO] [MyPet] SQLite connection successful.
04-16-2026 14:49 [INFO] [MyPet] added speedwaytriple to 'default' group.
04-16-2026 14:49 [INFO] [MyPet] added speedway-doubles to 'default' group.
04-16-2026 14:49 [INFO] [MyPet] added speedway3 to 'default' group.
04-16-2026 14:49 [INFO] [MyPet] Disabling MyPet v3.14.2
04-16-2026 14:50 [INFO] [MyPet] SQLite connection successful.
04-16-2026 14:50 [INFO] [MyPet] added speedwaytriple to 'default' group.
04-16-2026 14:50 [INFO] [MyPet] added speedway-doubles to 'default' group.
04-16-2026 14:50 [INFO] [MyPet] added speedway3 to 'default' group.
04-16-2026 14:50 [INFO] [MyPet] Disabling MyPet v3.14.2
04-17-2026 08:25 [INFO] [MyPet] SQLite connection successful.
04-17-2026 08:25 [INFO] [MyPet] added speedwaytriple to 'default' group.
04-17-2026 08:25 [INFO] [MyPet] added speedway-doubles to 'default' group.
04-17-2026 08:25 [INFO] [MyPet] added speedway3 to 'default' group.
04-17-2026 08:28 [INFO] [MyPet] Disabling MyPet v3.14.2
04-17-2026 08:29 [INFO] [MyPet] SQLite connection successful.
04-17-2026 08:29 [INFO] [MyPet] added speedwaytriple to 'default' group.
04-17-2026 08:29 [INFO] [MyPet] added speedway-doubles to 'default' group.
04-17-2026 08:29 [INFO] [MyPet] added speedway3 to 'default' group.
04-17-2026 08:39 [INFO] [MyPet] added 20260416-2014_598b2e893df238a7ac to 'default' group.
04-17-2026 09:23 [INFO] [MyPet] Disabling MyPet v3.14.2
04-17-2026 09:48 [INFO] [MyPet] SQLite connection successful.
04-17-2026 09:48 [INFO] [MyPet] added speedwaytriple to 'default' group.
04-17-2026 09:48 [INFO] [MyPet] added speedway-doubles to 'default' group.
04-17-2026 09:48 [INFO] [MyPet] added speedway3 to 'default' group.
04-17-2026 10:48 [INFO] [MyPet] Disabling MyPet v3.14.2
04-17-2026 10:51 [INFO] [MyPet] SQLite connection successful.
04-17-2026 10:51 [INFO] [MyPet] added speedwaytriple to 'default' group.
04-17-2026 10:51 [INFO] [MyPet] added speedway-doubles to 'default' group.
04-17-2026 10:51 [INFO] [MyPet] added speedway3 to 'default' group.
04-17-2026 11:49 [INFO] [MyPet] Disabling MyPet v3.14.2
04-17-2026 11:53 [INFO] [MyPet] SQLite connection successful.
04-17-2026 11:53 [INFO] [MyPet] added speedwaytriple to 'default' group.
04-17-2026 11:53 [INFO] [MyPet] added speedway-doubles to 'default' group.
04-17-2026 11:53 [INFO] [MyPet] added speedway3 to 'default' group.
04-17-2026 12:30 [INFO] [MyPet] Disabling MyPet v3.14.2
04-17-2026 12:52 [INFO] [MyPet] SQLite connection successful.
04-17-2026 12:52 [INFO] [MyPet] added speedwaytriple to 'default' group.
04-17-2026 12:52 [INFO] [MyPet] added speedway-doubles to 'default' group.
04-17-2026 12:52 [INFO] [MyPet] added speedway3 to 'default' group.
04-17-2026 12:56 [INFO] [MyPet] Disabling MyPet v3.14.2
04-17-2026 13:49 [INFO] [MyPet] SQLite connection successful.
04-17-2026 13:49 [INFO] [MyPet] added speedwaytriple to 'default' group.
04-17-2026 13:49 [INFO] [MyPet] added speedway-doubles to 'default' group.
04-17-2026 13:49 [INFO] [MyPet] added speedway3 to 'default' group.
04-17-2026 14:00 [INFO] [MyPet] added Wentworth_Mansion to 'default' group.
04-17-2026 14:07 [INFO] [MyPet] Disabling MyPet v3.14.2
04-17-2026 23:36 [INFO] [MyPet] SQLite connection successful.
04-17-2026 23:36 [INFO] [MyPet] added speedwaytriple to 'default' group.
04-17-2026 23:36 [INFO] [MyPet] added speedway-doubles to 'default' group.
04-17-2026 23:36 [INFO] [MyPet] added speedway3 to 'default' group.
04-18-2026 00:36 [INFO] [MyPet] Disabling MyPet v3.14.2
04-18-2026 00:40 [INFO] [MyPet] SQLite connection successful.
04-18-2026 00:40 [INFO] [MyPet] added speedwaytriple to 'default' group.
04-18-2026 00:40 [INFO] [MyPet] added speedway-doubles to 'default' group.
04-18-2026 00:40 [INFO] [MyPet] added speedway3 to 'default' group.
04-18-2026 01:35 [INFO] [MyPet] Disabling MyPet v3.14.2
04-18-2026 01:41 [INFO] [MyPet] SQLite connection successful.
04-18-2026 01:41 [INFO] [MyPet] added speedwaytriple to 'default' group.
04-18-2026 01:41 [INFO] [MyPet] added speedway-doubles to 'default' group.
04-18-2026 01:41 [INFO] [MyPet] added speedway3 to 'default' group.
04-18-2026 02:07 [INFO] [MyPet] Disabling MyPet v3.14.2
04-18-2026 02:08 [INFO] [MyPet] SQLite connection successful.
04-18-2026 02:08 [INFO] [MyPet] added speedwaytriple to 'default' group.
04-18-2026 02:08 [INFO] [MyPet] added speedway-doubles to 'default' group.
04-18-2026 02:08 [INFO] [MyPet] added speedway3 to 'default' group.
04-18-2026 02:36 [INFO] [MyPet] Disabling MyPet v3.14.2
04-18-2026 02:40 [INFO] [MyPet] SQLite connection successful.
04-18-2026 02:40 [INFO] [MyPet] added speedwaytriple to 'default' group.
04-18-2026 02:40 [INFO] [MyPet] added speedway-doubles to 'default' group.
04-18-2026 02:40 [INFO] [MyPet] added speedway3 to 'default' group.
04-18-2026 02:59 [INFO] [MyPet] Disabling MyPet v3.14.2
04-18-2026 04:42 [INFO] [MyPet] SQLite connection successful.
04-18-2026 04:42 [INFO] [MyPet] added speedwaytriple to 'default' group.
04-18-2026 04:42 [INFO] [MyPet] added speedway-doubles to 'default' group.
04-18-2026 04:42 [INFO] [MyPet] added speedway3 to 'default' group.
04-18-2026 05:23 [INFO] [MyPet] Disabling MyPet v3.14.2
04-18-2026 05:27 [INFO] [MyPet] SQLite connection successful.
04-18-2026 05:27 [INFO] [MyPet] added speedwaytriple to 'default' group.
04-18-2026 05:27 [INFO] [MyPet] added speedway-doubles to 'default' group.
04-18-2026 05:27 [INFO] [MyPet] added speedway3 to 'default' group.
04-18-2026 06:13 [INFO] [MyPet] Config reloaded!
04-18-2026 06:25 [INFO] [MyPet] Disabling MyPet v3.14.2
04-18-2026 11:13 [INFO] [MyPet] SQLite connection successful.
04-18-2026 11:13 [INFO] [MyPet] added speedwaytriple to 'default' group.
04-18-2026 11:13 [INFO] [MyPet] added speedway-doubles to 'default' group.
04-18-2026 11:13 [INFO] [MyPet] added speedway3 to 'default' group.
04-18-2026 11:14 [INFO] [MyPet] Disabling MyPet v3.14.2
04-18-2026 13:35 [INFO] [MyPet] SQLite connection successful.
04-18-2026 13:35 [INFO] [MyPet] added speedwaytriple to 'default' group.
04-18-2026 13:35 [INFO] [MyPet] added speedway-doubles to 'default' group.
04-18-2026 13:35 [INFO] [MyPet] added speedway3 to 'default' group.
04-18-2026 13:58 [INFO] [MyPet] Disabling MyPet v3.14.2
04-19-2026 02:37 [INFO] [MyPet] SQLite connection successful.
04-19-2026 02:37 [INFO] [MyPet] added speedwaytriple to 'default' group.
04-19-2026 02:37 [INFO] [MyPet] added speedway-doubles to 'default' group.
04-19-2026 02:37 [INFO] [MyPet] added speedway3 to 'default' group.
04-19-2026 02:42 [INFO] [MyPet] added tirunoha_nonnbiri_kurashitai to 'default' group.
04-19-2026 03:37 [INFO] [MyPet] Disabling MyPet v3.14.2
04-19-2026 03:43 [INFO] [MyPet] SQLite connection successful.
04-19-2026 03:43 [INFO] [MyPet] added speedwaytriple to 'default' group.
04-19-2026 03:43 [INFO] [MyPet] added speedway-doubles to 'default' group.
04-19-2026 03:43 [INFO] [MyPet] added speedway3 to 'default' group.
04-19-2026 04:13 [INFO] [MyPet] Disabling MyPet v3.14.2
04-19-2026 04:15 [INFO] [MyPet] SQLite connection successful.
04-19-2026 04:15 [INFO] [MyPet] added speedwaytriple to 'default' group.
04-19-2026 04:15 [INFO] [MyPet] added speedway-doubles to 'default' group.
04-19-2026 04:15 [INFO] [MyPet] added speedway3 to 'default' group.
04-19-2026 04:43 [INFO] [MyPet] Disabling MyPet v3.14.2
04-19-2026 04:46 [INFO] [MyPet] SQLite connection successful.
04-19-2026 04:46 [INFO] [MyPet] added speedwaytriple to 'default' group.
04-19-2026 04:46 [INFO] [MyPet] added speedway-doubles to 'default' group.
04-19-2026 04:46 [INFO] [MyPet] added speedway3 to 'default' group.
04-19-2026 05:43 [INFO] [MyPet] Disabling MyPet v3.14.2
04-19-2026 05:52 [INFO] [MyPet] SQLite connection successful.
04-19-2026 05:52 [INFO] [MyPet] added speedwaytriple to 'default' group.
04-19-2026 05:52 [INFO] [MyPet] added speedway-doubles to 'default' group.
04-19-2026 05:52 [INFO] [MyPet] added speedway3 to 'default' group.
04-19-2026 06:25 [INFO] [MyPet] Disabling MyPet v3.14.2
04-19-2026 06:26 [INFO] [MyPet] SQLite connection successful.
04-19-2026 06:26 [INFO] [MyPet] added speedwaytriple to 'default' group.
04-19-2026 06:26 [INFO] [MyPet] added speedway-doubles to 'default' group.
04-19-2026 06:26 [INFO] [MyPet] added speedway3 to 'default' group.
04-19-2026 06:46 [INFO] [MyPet] Disabling MyPet v3.14.2
04-19-2026 06:46 [INFO] [MyPet] SQLite connection successful.
04-19-2026 06:47 [INFO] [MyPet] added speedwaytriple to 'default' group.
04-19-2026 06:47 [INFO] [MyPet] added speedway-doubles to 'default' group.
04-19-2026 06:47 [INFO] [MyPet] added speedway3 to 'default' group.
04-19-2026 07:14 [INFO] [MyPet] Disabling MyPet v3.14.2
04-19-2026 07:15 [INFO] [MyPet] SQLite connection successful.
04-19-2026 07:15 [INFO] [MyPet] added speedwaytriple to 'default' group.
04-19-2026 07:15 [INFO] [MyPet] added speedway-doubles to 'default' group.
04-19-2026 07:15 [INFO] [MyPet] Disabling MyPet v3.14.2
04-19-2026 07:16 [INFO] [MyPet] SQLite connection successful.
04-19-2026 07:16 [INFO] [MyPet] added speedwaytriple to 'default' group.
04-19-2026 07:16 [INFO] [MyPet] added speedway-doubles to 'default' group.
04-19-2026 07:16 [INFO] [MyPet] added speedway3 to 'default' group.
04-19-2026 07:16 [INFO] [MyPet] Disabling MyPet v3.14.2
04-19-2026 07:20 [INFO] [MyPet] SQLite connection successful.
04-19-2026 07:20 [INFO] [MyPet] added speedwaytriple to 'default' group.
04-19-2026 07:20 [INFO] [MyPet] added speedway-doubles to 'default' group.
04-19-2026 07:20 [INFO] [MyPet] added speedway3 to 'default' group.
04-19-2026 08:11 [INFO] [MyPet] Disabling MyPet v3.14.2
04-19-2026 08:12 [INFO] [MyPet] SQLite connection successful.
04-19-2026 08:12 [INFO] [MyPet] added speedwaytriple to 'default' group.
04-19-2026 08:12 [INFO] [MyPet] added speedway-doubles to 'default' group.
04-19-2026 08:12 [INFO] [MyPet] added speedway3 to 'default' group.
04-19-2026 08:29 [INFO] [MyPet] Disabling MyPet v3.14.2
04-19-2026 08:34 [INFO] [MyPet] SQLite connection successful.
04-19-2026 08:34 [INFO] [MyPet] added speedwaytriple to 'default' group.
04-19-2026 08:34 [INFO] [MyPet] added speedway-doubles to 'default' group.
04-19-2026 08:34 [INFO] [MyPet] added speedway3 to 'default' group.
04-19-2026 09:38 [INFO] [MyPet] Disabling MyPet v3.14.2
04-19-2026 10:20 [INFO] [MyPet] SQLite connection successful.
04-19-2026 10:20 [INFO] [MyPet] added speedwaytriple to 'default' group.
04-19-2026 10:20 [INFO] [MyPet] added speedway-doubles to 'default' group.
04-19-2026 10:20 [INFO] [MyPet] added speedway3 to 'default' group.
04-19-2026 10:54 [INFO] [MyPet] Disabling MyPet v3.14.2
04-19-2026 11:33 [INFO] [MyPet] SQLite connection successful.
04-19-2026 11:33 [INFO] [MyPet] added speedwaytriple to 'default' group.
04-19-2026 11:33 [INFO] [MyPet] added speedway-doubles to 'default' group.
04-19-2026 11:33 [INFO] [MyPet] added speedway3 to 'default' group.
04-19-2026 11:36 [INFO] [MyPet] Disabling MyPet v3.14.2
04-19-2026 11:37 [INFO] [MyPet] SQLite connection successful.
04-19-2026 11:37 [INFO] [MyPet] added speedwaytriple to 'default' group.
04-19-2026 11:37 [INFO] [MyPet] added speedway-doubles to 'default' group.
04-19-2026 11:37 [INFO] [MyPet] added speedway3 to 'default' group.
04-19-2026 11:38 [INFO] [MyPet] Disabling MyPet v3.14.2
04-19-2026 11:41 [INFO] [MyPet] SQLite connection successful.
04-19-2026 11:41 [INFO] [MyPet] added speedwaytriple to 'default' group.
04-19-2026 11:41 [INFO] [MyPet] added speedway-doubles to 'default' group.
04-19-2026 11:41 [INFO] [MyPet] added speedway3 to 'default' group.
04-19-2026 11:43 [INFO] [MyPet] Disabling MyPet v3.14.2
04-19-2026 11:44 [INFO] [MyPet] SQLite connection successful.
04-19-2026 11:44 [INFO] [MyPet] added speedwaytriple to 'default' group.
04-19-2026 11:44 [INFO] [MyPet] added speedway-doubles to 'default' group.
04-19-2026 11:44 [INFO] [MyPet] added speedway3 to 'default' group.
04-19-2026 11:49 [INFO] [MyPet] Disabling MyPet v3.14.2
04-19-2026 11:52 [INFO] [MyPet] SQLite connection successful.
04-19-2026 11:52 [INFO] [MyPet] added speedwaytriple to 'default' group.
04-19-2026 11:52 [INFO] [MyPet] added speedway-doubles to 'default' group.
04-19-2026 11:52 [INFO] [MyPet] added speedway3 to 'default' group.
04-19-2026 11:55 [INFO] [MyPet] Disabling MyPet v3.14.2
04-19-2026 11:56 [INFO] [MyPet] SQLite connection successful.
04-19-2026 11:57 [INFO] [MyPet] added speedwaytriple to 'default' group.
04-19-2026 11:57 [INFO] [MyPet] added speedway-doubles to 'default' group.
04-19-2026 11:57 [INFO] [MyPet] added speedway3 to 'default' group.
04-19-2026 12:00 [INFO] [MyPet] Disabling MyPet v3.14.2
04-19-2026 12:14 [INFO] [MyPet] SQLite connection successful.
04-19-2026 12:14 [INFO] [MyPet] added speedwaytriple to 'default' group.
04-19-2026 12:14 [INFO] [MyPet] added speedway-doubles to 'default' group.
04-19-2026 12:14 [INFO] [MyPet] added speedway3 to 'default' group.
04-19-2026 13:27 [INFO] [MyPet] Disabling MyPet v3.14.2
04-20-2026 10:45 [INFO] [MyPet] SQLite connection successful.
04-20-2026 10:45 [INFO] [MyPet] added speedwaytriple to 'default' group.
04-20-2026 10:45 [INFO] [MyPet] added speedway-doubles to 'default' group.
04-20-2026 10:45 [INFO] [MyPet] added speedway3 to 'default' group.
04-20-2026 10:46 [INFO] [MyPet] Disabling MyPet v3.14.2
04-20-2026 10:47 [INFO] [MyPet] SQLite connection successful.
04-20-2026 10:47 [INFO] [MyPet] added speedwaytriple to 'default' group.
04-20-2026 10:47 [INFO] [MyPet] added speedway-doubles to 'default' group.
04-20-2026 10:47 [INFO] [MyPet] added speedway3 to 'default' group.
04-20-2026 10:48 [INFO] [MyPet] Disabling MyPet v3.14.2
04-20-2026 10:52 [INFO] [MyPet] SQLite connection successful.
04-20-2026 10:52 [INFO] [MyPet] added speedwaytriple to 'default' group.
04-20-2026 10:52 [INFO] [MyPet] added speedway-doubles to 'default' group.
04-20-2026 10:52 [INFO] [MyPet] added speedway3 to 'default' group.
04-20-2026 10:54 [INFO] [MyPet] Disabling MyPet v3.14.2
04-20-2026 10:57 [INFO] [MyPet] SQLite connection successful.
04-20-2026 10:57 [INFO] [MyPet] added speedwaytriple to 'default' group.
04-20-2026 10:57 [INFO] [MyPet] added speedway-doubles to 'default' group.
04-20-2026 10:57 [INFO] [MyPet] added speedway3 to 'default' group.
04-20-2026 10:59 [INFO] [MyPet] Disabling MyPet v3.14.2
04-20-2026 11:00 [INFO] [MyPet] SQLite connection successful.
04-20-2026 11:00 [INFO] [MyPet] added speedwaytriple to 'default' group.
04-20-2026 11:00 [INFO] [MyPet] added speedway-doubles to 'default' group.
04-20-2026 11:00 [INFO] [MyPet] added speedway3 to 'default' group.
04-20-2026 11:00 [INFO] [MyPet] Disabling MyPet v3.14.2
04-20-2026 11:01 [INFO] [MyPet] SQLite connection successful.
04-20-2026 11:01 [INFO] [MyPet] added speedwaytriple to 'default' group.
04-20-2026 11:01 [INFO] [MyPet] added speedway-doubles to 'default' group.
04-20-2026 11:01 [INFO] [MyPet] added speedway3 to 'default' group.
04-20-2026 11:03 [INFO] [MyPet] Disabling MyPet v3.14.2
04-20-2026 11:04 [INFO] [MyPet] SQLite connection successful.
04-20-2026 11:05 [INFO] [MyPet] added speedwaytriple to 'default' group.
04-20-2026 11:05 [INFO] [MyPet] added speedway-doubles to 'default' group.
04-20-2026 11:05 [INFO] [MyPet] added speedway3 to 'default' group.
04-20-2026 11:56 [INFO] [MyPet] Disabling MyPet v3.14.2
04-20-2026 11:57 [INFO] [MyPet] SQLite connection successful.
04-20-2026 11:58 [INFO] [MyPet] added speedwaytriple to 'default' group.
04-20-2026 11:58 [INFO] [MyPet] added speedway-doubles to 'default' group.
04-20-2026 11:58 [INFO] [MyPet] added speedway3 to 'default' group.
04-20-2026 12:20 [INFO] [MyPet] Disabling MyPet v3.14.2
04-20-2026 12:23 [INFO] [MyPet] SQLite connection successful.
04-20-2026 12:23 [INFO] [MyPet] added speedwaytriple to 'default' group.
04-20-2026 12:23 [INFO] [MyPet] added speedway-doubles to 'default' group.
04-20-2026 12:23 [INFO] [MyPet] added speedway3 to 'default' group.
04-20-2026 12:50 [INFO] [MyPet] Disabling MyPet v3.14.2
04-20-2026 13:43 [INFO] [MyPet] SQLite connection successful.
04-20-2026 13:43 [INFO] [MyPet] added speedwaytriple to 'default' group.
04-20-2026 13:43 [INFO] [MyPet] added speedway-doubles to 'default' group.
04-20-2026 13:43 [INFO] [MyPet] added speedway3 to 'default' group.
04-20-2026 13:48 [INFO] [MyPet] Disabling MyPet v3.14.2
04-20-2026 13:49 [INFO] [MyPet] SQLite connection successful.
04-20-2026 13:49 [INFO] [MyPet] added speedwaytriple to 'default' group.
04-20-2026 13:49 [INFO] [MyPet] added speedway-doubles to 'default' group.
04-20-2026 13:49 [INFO] [MyPet] added speedway3 to 'default' group.
04-20-2026 14:00 [INFO] [MyPet] Disabling MyPet v3.14.2
04-20-2026 14:01 [INFO] [MyPet] SQLite connection successful.
04-20-2026 14:01 [INFO] [MyPet] added speedwaytriple to 'default' group.
04-20-2026 14:01 [INFO] [MyPet] added speedway-doubles to 'default' group.
04-20-2026 14:01 [INFO] [MyPet] added speedway3 to 'default' group.
04-20-2026 14:12 [INFO] [MyPet] Disabling MyPet v3.14.2
04-21-2026 09:54 [INFO] [MyPet] SQLite connection successful.
04-21-2026 09:54 [INFO] [MyPet] added speedwaytriple to 'default' group.
04-21-2026 09:54 [INFO] [MyPet] added speedway-doubles to 'default' group.
04-21-2026 09:54 [INFO] [MyPet] added speedway3 to 'default' group.
04-21-2026 11:02 [INFO] [MyPet] Disabling MyPet v3.14.2
04-21-2026 12:14 [INFO] [MyPet] SQLite connection successful.
04-21-2026 12:15 [INFO] [MyPet] added speedwaytriple to 'default' group.
04-21-2026 12:15 [INFO] [MyPet] added speedway-doubles to 'default' group.
04-21-2026 12:15 [INFO] [MyPet] added speedway3 to 'default' group.
04-21-2026 12:17 [INFO] [MyPet] Disabling MyPet v3.14.2
04-21-2026 12:20 [INFO] [MyPet] SQLite connection successful.
04-21-2026 12:20 [INFO] [MyPet] added speedwaytriple to 'default' group.
04-21-2026 12:20 [INFO] [MyPet] added speedway-doubles to 'default' group.
04-21-2026 12:20 [INFO] [MyPet] added speedway3 to 'default' group.
04-21-2026 12:22 [INFO] [MyPet] Disabling MyPet v3.14.2
04-21-2026 12:25 [INFO] [MyPet] SQLite connection successful.
04-21-2026 12:25 [INFO] [MyPet] added speedwaytriple to 'default' group.
04-21-2026 12:25 [INFO] [MyPet] added speedway-doubles to 'default' group.
04-21-2026 12:25 [INFO] [MyPet] added speedway3 to 'default' group.
04-21-2026 13:34 [INFO] [MyPet] Config reloaded!
04-21-2026 13:34 [INFO] [MyPet] Skilltrees reloaded!
04-21-2026 13:34 [INFO] [MyPet] Shops reloaded!
04-21-2026 13:46 [INFO] [MyPet] Disabling MyPet v3.14.2
04-22-2026 10:33 [INFO] [MyPet] SQLite connection successful.
04-22-2026 10:33 [INFO] [MyPet] added speedwaytriple to 'default' group.
04-22-2026 10:33 [INFO] [MyPet] added speedway-doubles to 'default' group.
04-22-2026 10:33 [INFO] [MyPet] added speedway3 to 'default' group.
04-22-2026 10:48 [INFO] [MyPet] Disabling MyPet v3.14.2
04-22-2026 10:52 [INFO] [MyPet] SQLite connection successful.
04-22-2026 10:52 [INFO] [MyPet] added speedwaytriple to 'default' group.
04-22-2026 10:52 [INFO] [MyPet] added speedway-doubles to 'default' group.
04-22-2026 10:52 [INFO] [MyPet] added speedway3 to 'default' group.
04-22-2026 10:56 [INFO] [MyPet] Disabling MyPet v3.14.2
04-22-2026 10:57 [INFO] [MyPet] SQLite connection successful.
04-22-2026 10:57 [INFO] [MyPet] added speedwaytriple to 'default' group.
04-22-2026 10:57 [INFO] [MyPet] added speedway-doubles to 'default' group.
04-22-2026 10:57 [INFO] [MyPet] added speedway3 to 'default' group.
04-22-2026 11:34 [INFO] [MyPet] Disabling MyPet v3.14.2
04-22-2026 11:35 [INFO] [MyPet] SQLite connection successful.
04-22-2026 11:35 [INFO] [MyPet] added speedwaytriple to 'default' group.
04-22-2026 11:35 [INFO] [MyPet] added speedway-doubles to 'default' group.
04-22-2026 11:35 [INFO] [MyPet] added speedway3 to 'default' group.
04-22-2026 11:49 [INFO] [MyPet] Disabling MyPet v3.14.2
04-22-2026 12:01 [INFO] [MyPet] SQLite connection successful.
04-22-2026 12:01 [INFO] [MyPet] added speedwaytriple to 'default' group.
04-22-2026 12:01 [INFO] [MyPet] added speedway-doubles to 'default' group.
04-22-2026 12:01 [INFO] [MyPet] added speedway3 to 'default' group.
04-22-2026 12:49 [INFO] [MyPet] Disabling MyPet v3.14.2
04-22-2026 12:50 [INFO] [MyPet] SQLite connection successful.
04-22-2026 12:50 [INFO] [MyPet] added speedwaytriple to 'default' group.
04-22-2026 12:50 [INFO] [MyPet] added speedway-doubles to 'default' group.
04-22-2026 12:50 [INFO] [MyPet] added speedway3 to 'default' group.
04-22-2026 13:04 [INFO] [MyPet] Disabling MyPet v3.14.2
04-23-2026 03:18 [INFO] [MyPet] SQLite connection successful.
04-23-2026 03:18 [INFO] [MyPet] added speedwaytriple to 'default' group.
04-23-2026 03:18 [INFO] [MyPet] added speedway-doubles to 'default' group.
04-23-2026 03:18 [INFO] [MyPet] added speedway3 to 'default' group.
04-23-2026 03:21 [INFO] [MyPet] Disabling MyPet v3.14.2
04-23-2026 03:29 [INFO] [MyPet] SQLite connection successful.
04-23-2026 03:29 [INFO] [MyPet] added speedwaytriple to 'default' group.
04-23-2026 03:29 [INFO] [MyPet] added speedway-doubles to 'default' group.
04-23-2026 03:29 [INFO] [MyPet] added speedway3 to 'default' group.
04-23-2026 03:30 [INFO] [MyPet] Disabling MyPet v3.14.2
04-23-2026 03:32 [INFO] [MyPet] SQLite connection successful.
04-23-2026 03:32 [INFO] [MyPet] added speedwaytriple to 'default' group.
04-23-2026 03:32 [INFO] [MyPet] added speedway-doubles to 'default' group.
04-23-2026 03:32 [INFO] [MyPet] added speedway3 to 'default' group.
04-23-2026 03:33 [INFO] [MyPet] Disabling MyPet v3.14.2
04-23-2026 03:35 [INFO] [MyPet] SQLite connection successful.
04-23-2026 03:35 [INFO] [MyPet] added speedwaytriple to 'default' group.
04-23-2026 03:35 [INFO] [MyPet] added speedway-doubles to 'default' group.
04-23-2026 03:35 [INFO] [MyPet] added speedway3 to 'default' group.
04-23-2026 03:36 [INFO] [MyPet] added Azuchi_Castle_by_Odawarer(2) to 'default' group.
04-23-2026 03:38 [INFO] [MyPet] Disabling MyPet v3.14.2
04-23-2026 03:39 [INFO] [MyPet] SQLite connection successful.
04-23-2026 03:39 [INFO] [MyPet] ProtocolLib (5.4.0) hook activated.
04-23-2026 03:39 [INFO] [MyPet] added speedwaytriple to 'default' group.
04-23-2026 03:39 [INFO] [MyPet] added speedway-doubles to 'default' group.
04-23-2026 03:39 [INFO] [MyPet] added speedway3 to 'default' group.
04-23-2026 04:04 [INFO] [MyPet] Disabling MyPet v3.14.2
04-23-2026 06:56 [INFO] [MyPet] SQLite connection successful.
04-23-2026 06:56 [INFO] [MyPet] ProtocolLib (5.4.0) hook activated.
04-23-2026 06:56 [INFO] [MyPet] added speedwaytriple to 'default' group.
04-23-2026 06:56 [INFO] [MyPet] added speedway-doubles to 'default' group.
04-23-2026 06:56 [INFO] [MyPet] added speedway3 to 'default' group.
04-23-2026 07:00 [INFO] [MyPet] Disabling MyPet v3.14.2
04-23-2026 07:02 [INFO] [MyPet] SQLite connection successful.
04-23-2026 07:02 [INFO] [MyPet] ProtocolLib (5.4.0) hook activated.
04-23-2026 07:02 [INFO] [MyPet] added speedwaytriple to 'default' group.
04-23-2026 07:02 [INFO] [MyPet] added speedway-doubles to 'default' group.
04-23-2026 07:02 [INFO] [MyPet] added speedway3 to 'default' group.
04-23-2026 07:02 [INFO] [MyPet] Disabling MyPet v3.14.2
04-23-2026 07:04 [INFO] [MyPet] SQLite connection successful.
04-23-2026 07:04 [INFO] [MyPet] added speedwaytriple to 'default' group.
04-23-2026 07:04 [INFO] [MyPet] added speedway-doubles to 'default' group.
04-23-2026 07:04 [INFO] [MyPet] added speedway3 to 'default' group.
04-23-2026 08:09 [INFO] [MyPet] Disabling MyPet v3.14.2
04-23-2026 08:15 [INFO] [MyPet] SQLite connection successful.
04-23-2026 08:15 [INFO] [MyPet] added speedwaytriple to 'default' group.
04-23-2026 08:15 [INFO] [MyPet] added speedway-doubles to 'default' group.
04-23-2026 08:15 [INFO] [MyPet] added speedway3 to 'default' group.
04-23-2026 08:16 [INFO] [MyPet] Disabling MyPet v3.14.2
04-23-2026 09:46 [INFO] [MyPet] SQLite connection successful.
04-23-2026 09:46 [INFO] [MyPet] added speedwaytriple to 'default' group.
04-23-2026 09:46 [INFO] [MyPet] added speedway-doubles to 'default' group.
04-23-2026 09:46 [INFO] [MyPet] added speedway3 to 'default' group.
04-23-2026 10:24 [INFO] [MyPet] added neza- to 'default' group.
04-23-2026 10:31 [INFO] [MyPet] added end to 'default' group.
04-23-2026 10:43 [INFO] [MyPet] Disabling MyPet v3.14.2
04-23-2026 10:46 [INFO] [MyPet] SQLite connection successful.
04-23-2026 10:46 [INFO] [MyPet] added speedwaytriple to 'default' group.
04-23-2026 10:46 [INFO] [MyPet] added speedway-doubles to 'default' group.
04-23-2026 10:46 [INFO] [MyPet] added speedway3 to 'default' group.
04-23-2026 11:30 [INFO] [MyPet] Disabling MyPet v3.14.2
04-23-2026 11:34 [INFO] [MyPet] SQLite connection successful.
04-23-2026 11:34 [INFO] [MyPet] added speedwaytriple to 'default' group.
04-23-2026 11:34 [INFO] [MyPet] added speedway-doubles to 'default' group.
04-23-2026 11:34 [INFO] [MyPet] added speedway3 to 'default' group.
04-23-2026 11:45 [INFO] [MyPet] Disabling MyPet v3.14.2
04-24-2026 10:13 [INFO] [MyPet] SQLite connection successful.
04-24-2026 10:13 [INFO] [MyPet] added speedwaytriple to 'default' group.
04-24-2026 10:13 [INFO] [MyPet] added speedway-doubles to 'default' group.
04-24-2026 10:13 [INFO] [MyPet] added speedway3 to 'default' group.
04-24-2026 11:07 [INFO] [MyPet] Disabling MyPet v3.14.2
04-24-2026 11:10 [INFO] [MyPet] SQLite connection successful.
04-24-2026 11:10 [INFO] [MyPet] ProtocolLib (5.4.0) hook activated.
04-24-2026 11:10 [INFO] [MyPet] added speedwaytriple to 'default' group.
04-24-2026 11:10 [INFO] [MyPet] added speedway-doubles to 'default' group.
04-24-2026 11:10 [INFO] [MyPet] added speedway3 to 'default' group.
04-24-2026 11:11 [INFO] [MyPet] Disabling MyPet v3.14.2
04-24-2026 11:18 [INFO] [MyPet] SQLite connection successful.
04-24-2026 11:18 [INFO] [MyPet] ProtocolLib (5.4.0) hook activated.
04-24-2026 11:18 [INFO] [MyPet] added speedwaytriple to 'default' group.
04-24-2026 11:18 [INFO] [MyPet] added speedway-doubles to 'default' group.
04-24-2026 11:18 [INFO] [MyPet] added speedway3 to 'default' group.
04-24-2026 11:48 [INFO] [MyPet] Disabling MyPet v3.14.2
04-24-2026 11:49 [INFO] [MyPet] SQLite connection successful.
04-24-2026 11:49 [INFO] [MyPet] ProtocolLib (5.4.0) hook activated.
04-24-2026 11:49 [INFO] [MyPet] added speedwaytriple to 'default' group.
04-24-2026 11:49 [INFO] [MyPet] added speedway-doubles to 'default' group.
04-24-2026 11:49 [INFO] [MyPet] added speedway3 to 'default' group.
04-24-2026 12:04 [INFO] [MyPet] Disabling MyPet v3.14.2
04-24-2026 12:06 [INFO] [MyPet] SQLite connection successful.
04-24-2026 12:06 [INFO] [MyPet] added speedwaytriple to 'default' group.
04-24-2026 12:06 [INFO] [MyPet] added speedway-doubles to 'default' group.
04-24-2026 12:06 [INFO] [MyPet] added speedway3 to 'default' group.
04-24-2026 12:51 [INFO] [MyPet] Disabling MyPet v3.14.2
04-24-2026 12:56 [INFO] [MyPet] SQLite connection successful.
04-24-2026 12:56 [INFO] [MyPet] added speedwaytriple to 'default' group.
04-24-2026 12:56 [INFO] [MyPet] added speedway-doubles to 'default' group.
04-24-2026 12:56 [INFO] [MyPet] added speedway3 to 'default' group.
04-24-2026 13:26 [INFO] [MyPet] Disabling MyPet v3.14.2
04-25-2026 01:19 [INFO] [MyPet] SQLite connection successful.
04-25-2026 01:19 [INFO] [MyPet] added speedwaytriple to 'default' group.
04-25-2026 01:19 [INFO] [MyPet] added speedway-doubles to 'default' group.
04-25-2026 01:19 [INFO] [MyPet] added speedway3 to 'default' group.
04-25-2026 01:21 [INFO] [MyPet] Disabling MyPet v3.14.2
04-25-2026 01:38 [INFO] [MyPet] SQLite connection successful.
04-25-2026 01:38 [INFO] [MyPet] added speedwaytriple to 'default' group.
04-25-2026 01:38 [INFO] [MyPet] added speedway-doubles to 'default' group.
04-25-2026 01:39 [INFO] [MyPet] added speedway3 to 'default' group.
04-25-2026 01:51 [INFO] [MyPet] Disabling MyPet v3.14.2
04-25-2026 11:48 [INFO] [MyPet] SQLite connection successful.
04-25-2026 11:48 [INFO] [MyPet] added speedwaytriple to 'default' group.
04-25-2026 11:48 [INFO] [MyPet] added speedway-doubles to 'default' group.
04-25-2026 11:48 [INFO] [MyPet] added speedway3 to 'default' group.
04-25-2026 11:59 [INFO] [MyPet] Disabling MyPet v3.14.2
04-25-2026 12:15 [INFO] [MyPet] SQLite connection successful.
04-25-2026 12:15 [INFO] [MyPet] added speedwaytriple to 'default' group.
04-25-2026 12:15 [INFO] [MyPet] added speedway-doubles to 'default' group.
04-25-2026 12:15 [INFO] [MyPet] added speedway3 to 'default' group.
04-25-2026 13:02 [INFO] [MyPet] Disabling MyPet v3.14.2
04-26-2026 00:51 [INFO] [MyPet] SQLite connection successful.
04-26-2026 00:51 [INFO] [MyPet] added speedwaytriple to 'default' group.
04-26-2026 00:51 [INFO] [MyPet] added speedway-doubles to 'default' group.
04-26-2026 00:51 [INFO] [MyPet] added speedway3 to 'default' group.
04-26-2026 01:33 [INFO] [MyPet] Disabling MyPet v3.14.2
04-26-2026 05:53 [INFO] [MyPet] SQLite connection successful.
04-26-2026 05:53 [INFO] [MyPet] added speedwaytriple to 'default' group.
04-26-2026 05:53 [INFO] [MyPet] added speedway-doubles to 'default' group.
04-26-2026 05:53 [INFO] [MyPet] added speedway3 to 'default' group.
04-26-2026 06:06 [INFO] [MyPet] Disabling MyPet v3.14.2
04-26-2026 06:07 [INFO] [MyPet] SQLite connection successful.
04-26-2026 06:07 [INFO] [MyPet] added speedwaytriple to 'default' group.
04-26-2026 06:07 [INFO] [MyPet] added speedway-doubles to 'default' group.
04-26-2026 06:07 [INFO] [MyPet] added speedway3 to 'default' group.
04-26-2026 06:15 [INFO] [MyPet] Disabling MyPet v3.14.2
04-26-2026 06:16 [INFO] [MyPet] SQLite connection successful.
04-26-2026 06:16 [INFO] [MyPet] added speedwaytriple to 'default' group.
04-26-2026 06:16 [INFO] [MyPet] added speedway-doubles to 'default' group.
04-26-2026 06:16 [INFO] [MyPet] added speedway3 to 'default' group.
04-26-2026 06:32 [INFO] [MyPet] Disabling MyPet v3.14.2
04-26-2026 06:32 [INFO] [MyPet] SQLite connection successful.
04-26-2026 06:33 [INFO] [MyPet] added speedwaytriple to 'default' group.
04-26-2026 06:33 [INFO] [MyPet] added speedway-doubles to 'default' group.
04-26-2026 06:33 [INFO] [MyPet] added speedway3 to 'default' group.
04-26-2026 06:46 [INFO] [MyPet] Disabling MyPet v3.14.2
04-26-2026 06:47 [INFO] [MyPet] SQLite connection successful.
04-26-2026 06:47 [INFO] [MyPet] added speedwaytriple to 'default' group.
04-26-2026 06:47 [INFO] [MyPet] added speedway-doubles to 'default' group.
04-26-2026 06:47 [INFO] [MyPet] added speedway3 to 'default' group.
04-26-2026 07:12 [INFO] [MyPet] Disabling MyPet v3.14.2
04-26-2026 07:21 [INFO] [MyPet] SQLite connection successful.
04-26-2026 07:21 [INFO] [MyPet] added speedwaytriple to 'default' group.
04-26-2026 07:21 [INFO] [MyPet] added speedway-doubles to 'default' group.
04-26-2026 07:21 [INFO] [MyPet] added speedway3 to 'default' group.
04-26-2026 08:09 [INFO] [MyPet] Disabling MyPet v3.14.2
04-27-2026 03:36 [INFO] [MyPet] SQLite connection successful.
04-27-2026 03:36 [INFO] [MyPet] added speedwaytriple to 'default' group.
04-27-2026 03:36 [INFO] [MyPet] added speedway-doubles to 'default' group.
04-27-2026 03:36 [INFO] [MyPet] added speedway3 to 'default' group.
04-27-2026 03:50 [INFO] [MyPet] Disabling MyPet v3.14.2
04-27-2026 03:54 [INFO] [MyPet] SQLite connection successful.
04-27-2026 03:54 [INFO] [MyPet] added speedwaytriple to 'default' group.
04-27-2026 03:54 [INFO] [MyPet] added speedway-doubles to 'default' group.
04-27-2026 03:54 [INFO] [MyPet] added speedway3 to 'default' group.
04-27-2026 04:21 [INFO] [MyPet] Disabling MyPet v3.14.2
04-27-2026 04:31 [INFO] [MyPet] SQLite connection successful.
04-27-2026 04:32 [INFO] [MyPet] added speedwaytriple to 'default' group.
04-27-2026 04:32 [INFO] [MyPet] added speedway-doubles to 'default' group.
04-27-2026 04:32 [INFO] [MyPet] added speedway3 to 'default' group.
04-27-2026 04:32 [INFO] [MyPet] Disabling MyPet v3.14.2
04-27-2026 04:34 [INFO] [MyPet] SQLite connection successful.
04-27-2026 04:34 [INFO] [MyPet] added speedwaytriple to 'default' group.
04-27-2026 04:34 [INFO] [MyPet] added speedway-doubles to 'default' group.
04-27-2026 04:34 [INFO] [MyPet] added speedway3 to 'default' group.
04-27-2026 04:35 [INFO] [MyPet] added Imperialcity_v14.1 to 'default' group.
04-27-2026 04:40 [INFO] [MyPet] added [1.8.8]_SJ#36_-_Retro_Crusader_-_v1.7 to 'default' group.
04-27-2026 04:56 [INFO] [MyPet] Disabling MyPet v3.14.2
04-27-2026 07:56 [INFO] [MyPet] SQLite connection successful.
04-27-2026 07:57 [INFO] [MyPet] added speedwaytriple to 'default' group.
04-27-2026 07:57 [INFO] [MyPet] added speedway-doubles to 'default' group.
04-27-2026 07:57 [INFO] [MyPet] added speedway3 to 'default' group.
04-27-2026 08:54 [INFO] [MyPet] Disabling MyPet v3.14.2
05-02-2026 05:08 [INFO] [MyPet] SQLite connection successful.
05-02-2026 05:08 [INFO] [MyPet] added speedwaytriple to 'default' group.
05-02-2026 05:08 [INFO] [MyPet] added speedway-doubles to 'default' group.
05-02-2026 05:08 [INFO] [MyPet] added speedway3 to 'default' group.
05-02-2026 05:10 [INFO] [MyPet] Disabling MyPet v3.14.2
05-02-2026 05:12 [INFO] [MyPet] SQLite connection successful.
05-02-2026 05:12 [INFO] [MyPet] added speedwaytriple to 'default' group.
05-02-2026 05:12 [INFO] [MyPet] added speedway-doubles to 'default' group.
05-02-2026 05:12 [INFO] [MyPet] added speedway3 to 'default' group.
05-02-2026 06:03 [INFO] [MyPet] Disabling MyPet v3.14.2
05-02-2026 06:07 [INFO] [MyPet] SQLite connection successful.
05-02-2026 06:08 [INFO] [MyPet] added speedwaytriple to 'default' group.
05-02-2026 06:08 [INFO] [MyPet] added speedway-doubles to 'default' group.
05-02-2026 06:08 [INFO] [MyPet] added speedway3 to 'default' group.
05-02-2026 07:01 [INFO] [MyPet] Disabling MyPet v3.14.2
05-03-2026 06:33 [INFO] [MyPet] SQLite connection successful.
05-03-2026 06:33 [INFO] [MyPet] added speedwaytriple to 'default' group.
05-03-2026 06:33 [INFO] [MyPet] added speedway-doubles to 'default' group.
05-03-2026 06:33 [INFO] [MyPet] added speedway3 to 'default' group.
05-03-2026 07:33 [INFO] [MyPet] Disabling MyPet v3.14.2
05-03-2026 07:37 [INFO] [MyPet] SQLite connection successful.
05-03-2026 07:37 [INFO] [MyPet] added speedwaytriple to 'default' group.
05-03-2026 07:37 [INFO] [MyPet] added speedway-doubles to 'default' group.
05-03-2026 07:37 [INFO] [MyPet] added speedway3 to 'default' group.
05-03-2026 07:47 [INFO] [MyPet] Disabling MyPet v3.14.2
05-03-2026 10:10 [INFO] [MyPet] SQLite connection successful.
05-03-2026 10:10 [INFO] [MyPet] added speedwaytriple to 'default' group.
05-03-2026 10:10 [INFO] [MyPet] added speedway-doubles to 'default' group.
05-03-2026 10:10 [INFO] [MyPet] added speedway3 to 'default' group.
05-03-2026 11:07 [INFO] [MyPet] Disabling MyPet v3.14.2
05-03-2026 12:09 [INFO] [MyPet] SQLite connection successful.
05-03-2026 12:09 [INFO] [MyPet] added speedwaytriple to 'default' group.
05-03-2026 12:09 [INFO] [MyPet] added speedway-doubles to 'default' group.
05-03-2026 12:09 [INFO] [MyPet] added speedway3 to 'default' group.
05-03-2026 12:22 [INFO] [MyPet] Disabling MyPet v3.14.2
05-13-2026 10:27 [INFO] [MyPet] SQLite connection successful.
05-13-2026 10:27 [INFO] [MyPet] added speedwaytriple to 'default' group.
05-13-2026 10:27 [INFO] [MyPet] added speedway-doubles to 'default' group.
05-13-2026 10:27 [INFO] [MyPet] added speedway3 to 'default' group.
05-13-2026 11:23 [INFO] [MyPet] Disabling MyPet v3.14.2
05-21-2026 07:03 [INFO] [MyPet] SQLite connection successful.
05-21-2026 07:03 [INFO] [MyPet] added speedwaytriple to 'default' group.
05-21-2026 07:03 [INFO] [MyPet] added speedway-doubles to 'default' group.
05-21-2026 07:03 [INFO] [MyPet] added speedway3 to 'default' group.
05-21-2026 08:00 [INFO] [MyPet] Disabling MyPet v3.14.2
05-21-2026 08:04 [INFO] [MyPet] SQLite connection successful.
05-21-2026 08:04 [INFO] [MyPet] added speedwaytriple to 'default' group.
05-21-2026 08:04 [INFO] [MyPet] added speedway-doubles to 'default' group.
05-21-2026 08:04 [INFO] [MyPet] added speedway3 to 'default' group.
05-21-2026 08:27 [INFO] [MyPet] Disabling MyPet v3.14.2
05-21-2026 09:16 [INFO] [MyPet] SQLite connection successful.
05-21-2026 09:16 [INFO] [MyPet] added speedwaytriple to 'default' group.
05-21-2026 09:17 [INFO] [MyPet] added speedway-doubles to 'default' group.
05-21-2026 09:17 [INFO] [MyPet] added speedway3 to 'default' group.
05-21-2026 09:56 [INFO] [MyPet] Disabling MyPet v3.14.2
05-21-2026 11:23 [INFO] [MyPet] SQLite connection successful.
05-21-2026 11:23 [INFO] [MyPet] added speedwaytriple to 'default' group.
05-21-2026 11:23 [INFO] [MyPet] added speedway-doubles to 'default' group.
05-21-2026 11:23 [INFO] [MyPet] added speedway3 to 'default' group.
05-21-2026 12:20 [INFO] [MyPet] Disabling MyPet v3.14.2
05-28-2026 05:17 [INFO] [MyPet] SQLite connection successful.
05-28-2026 05:17 [INFO] [MyPet] added speedwaytriple to 'default' group.
05-28-2026 05:17 [INFO] [MyPet] added speedway-doubles to 'default' group.
05-28-2026 05:17 [INFO] [MyPet] added speedway3 to 'default' group.
05-28-2026 05:23 [INFO] [MyPet] Disabling MyPet v3.14.2
05-28-2026 05:25 [INFO] [MyPet] SQLite connection successful.
05-28-2026 05:25 [INFO] [MyPet] added speedwaytriple to 'default' group.
05-28-2026 05:25 [INFO] [MyPet] added speedway-doubles to 'default' group.
05-28-2026 05:25 [INFO] [MyPet] added speedway3 to 'default' group.
05-28-2026 05:26 [INFO] [MyPet] added Hub to 'default' group.
05-28-2026 05:37 [INFO] [MyPet] Disabling MyPet v3.14.2
05-28-2026 05:39 [INFO] [MyPet] SQLite connection successful.
05-28-2026 05:39 [INFO] [MyPet] added speedwaytriple to 'default' group.
05-28-2026 05:39 [INFO] [MyPet] added speedway-doubles to 'default' group.
05-28-2026 05:39 [INFO] [MyPet] added speedway3 to 'default' group.
05-28-2026 05:41 [INFO] [MyPet] added skywarslobby to 'default' group.
05-28-2026 05:55 [INFO] [MyPet] added skywars to 'default' group.
05-28-2026 06:01 [INFO] [MyPet] added trees to 'default' group.
05-28-2026 06:16 [INFO] [MyPet] Disabling MyPet v3.14.2
05-28-2026 06:21 [INFO] [MyPet] SQLite connection successful.
05-28-2026 06:21 [INFO] [MyPet] added speedwaytriple to 'default' group.
05-28-2026 06:21 [INFO] [MyPet] added speedway-doubles to 'default' group.
05-28-2026 06:21 [INFO] [MyPet] added speedway3 to 'default' group.
05-28-2026 06:21 [INFO] [MyPet] added trees to 'default' group.
05-28-2026 07:24 [INFO] [MyPet] Disabling MyPet v3.14.2
05-28-2026 07:28 [INFO] [MyPet] SQLite connection successful.
05-28-2026 07:28 [INFO] [MyPet] added world to 'default' group.
05-28-2026 07:28 [INFO] [MyPet] added world_nether to 'default' group.
05-28-2026 07:28 [INFO] [MyPet] added speedwaytriple to 'default' group.
05-28-2026 07:28 [INFO] [MyPet] added speedway-doubles to 'default' group.
05-28-2026 07:28 [INFO] [MyPet] added speedway3 to 'default' group.
05-28-2026 07:28 [INFO] [MyPet] added trees to 'default' group.
05-28-2026 07:36 [INFO] [MyPet] Disabling MyPet v3.14.2
05-28-2026 07:38 [INFO] [MyPet] SQLite connection successful.
05-28-2026 07:38 [INFO] [MyPet] added speedwaytriple to 'default' group.
05-28-2026 07:38 [INFO] [MyPet] added speedway-doubles to 'default' group.
05-28-2026 07:38 [INFO] [MyPet] added speedway3 to 'default' group.
05-28-2026 07:38 [INFO] [MyPet] added trees to 'default' group.
05-28-2026 07:40 [INFO] [MyPet] Disabling MyPet v3.14.2
05-28-2026 07:41 [INFO] [MyPet] SQLite connection successful.
05-28-2026 07:41 [INFO] [MyPet] added speedwaytriple to 'default' group.
05-28-2026 07:41 [INFO] [MyPet] added speedway-doubles to 'default' group.
05-28-2026 07:41 [INFO] [MyPet] added speedway3 to 'default' group.
05-28-2026 07:42 [INFO] [MyPet] added trees to 'default' group.
05-28-2026 07:44 [INFO] [MyPet] added 1a2lSky_Wars36_By435lLorard60 to 'default' group.
05-28-2026 07:48 [INFO] [MyPet] added Skylandia_v1.2 to 'default' group.
05-28-2026 07:53 [INFO] [MyPet] Disabling MyPet v3.14.2
05-28-2026 08:06 [INFO] [MyPet] SQLite connection successful.
05-28-2026 08:06 [INFO] [MyPet] added speedwaytriple to 'default' group.
05-28-2026 08:06 [INFO] [MyPet] added speedway-doubles to 'default' group.
05-28-2026 08:06 [INFO] [MyPet] added speedway3 to 'default' group.
05-28-2026 08:06 [INFO] [MyPet] added trees to 'default' group.
05-28-2026 08:10 [INFO] [MyPet] SQLite connection successful.
05-28-2026 08:11 [INFO] [MyPet] added speedwaytriple to 'default' group.
05-28-2026 08:11 [INFO] [MyPet] added speedway-doubles to 'default' group.
05-28-2026 08:11 [INFO] [MyPet] added speedway3 to 'default' group.
05-28-2026 08:11 [INFO] [MyPet] added trees to 'default' group.
05-28-2026 08:26 [INFO] [MyPet] added OneBlock to 'default' group.
05-28-2026 08:37 [INFO] [MyPet] Disabling MyPet v3.14.2
05-28-2026 08:41 [INFO] [MyPet] SQLite connection successful.
05-28-2026 08:41 [INFO] [MyPet] added speedwaytriple to 'default' group.
05-28-2026 08:41 [INFO] [MyPet] added speedway-doubles to 'default' group.
05-28-2026 08:41 [INFO] [MyPet] added speedway3 to 'default' group.
05-28-2026 08:41 [INFO] [MyPet] added trees to 'default' group.
05-28-2026 09:27 [INFO] [MyPet] Disabling MyPet v3.14.2
05-28-2026 09:43 [INFO] [MyPet] SQLite connection successful.
05-28-2026 09:43 [INFO] [MyPet] added speedwaytriple to 'default' group.
05-28-2026 09:43 [INFO] [MyPet] added speedway-doubles to 'default' group.
05-28-2026 09:43 [INFO] [MyPet] added speedway3 to 'default' group.
05-28-2026 09:43 [INFO] [MyPet] added trees to 'default' group.
05-28-2026 10:04 [INFO] [MyPet] added BedWars to 'default' group.
05-28-2026 10:10 [INFO] [MyPet] added speedway to 'default' group.
05-28-2026 10:20 [INFO] [MyPet] Disabling MyPet v3.14.2
05-28-2026 10:21 [INFO] [MyPet] SQLite connection successful.
05-28-2026 10:21 [INFO] [MyPet] added speedwaytriple to 'default' group.
05-28-2026 10:21 [INFO] [MyPet] added speedway-doubles to 'default' group.
05-28-2026 10:21 [INFO] [MyPet] added speedway3 to 'default' group.
05-28-2026 10:21 [INFO] [MyPet] added trees to 'default' group.
05-28-2026 10:23 [INFO] [MyPet] added bedwars to 'default' group.
05-28-2026 10:41 [INFO] [MyPet] Disabling MyPet v3.14.2
05-28-2026 10:45 [INFO] [MyPet] SQLite connection successful.
05-28-2026 10:45 [INFO] [MyPet] added speedwaytriple to 'default' group.
05-28-2026 10:45 [INFO] [MyPet] added speedway-doubles to 'default' group.
05-28-2026 10:46 [INFO] [MyPet] added trees to 'default' group.
05-28-2026 10:46 [INFO] [MyPet] added bedwars to 'default' group.
05-28-2026 10:46 [INFO] [MyPet] added speedway3 to 'default' group.
05-28-2026 10:46 [INFO] [MyPet] Disabling MyPet v3.14.2
05-28-2026 11:50 [INFO] [MyPet] SQLite connection successful.
05-28-2026 11:50 [INFO] [MyPet] added speedwaytriple to 'default' group.
05-28-2026 11:50 [INFO] [MyPet] added speedway-doubles to 'default' group.
05-28-2026 11:50 [INFO] [MyPet] added trees to 'default' group.
05-28-2026 11:50 [INFO] [MyPet] added bedwars to 'default' group.
05-28-2026 11:50 [INFO] [MyPet] added speedway3 to 'default' group.
05-28-2026 12:11 [INFO] [MyPet] Disabling MyPet v3.14.2
05-29-2026 03:37 [INFO] [MyPet] SQLite connection successful.
05-29-2026 03:37 [INFO] [MyPet] added speedwaytriple to 'default' group.
05-29-2026 03:37 [INFO] [MyPet] added speedway-doubles to 'default' group.
05-29-2026 03:37 [INFO] [MyPet] added trees to 'default' group.
05-29-2026 03:37 [INFO] [MyPet] added bedwars to 'default' group.
05-29-2026 03:37 [INFO] [MyPet] added speedway3 to 'default' group.
05-29-2026 03:41 [INFO] [MyPet] Disabling MyPet v3.14.2
05-29-2026 03:43 [INFO] [MyPet] SQLite connection successful.
05-29-2026 03:43 [INFO] [MyPet] Vault (1.5.5-b47) (Economy: EssentialsX Economy) (Permissions: LuckPerms) hook activated.
05-29-2026 03:43 [INFO] [MyPet] added speedwaytriple to 'default' group.
05-29-2026 03:43 [INFO] [MyPet] added speedway-doubles to 'default' group.
05-29-2026 03:43 [INFO] [MyPet] added trees to 'default' group.
05-29-2026 03:43 [INFO] [MyPet] added bedwars to 'default' group.
05-29-2026 03:43 [INFO] [MyPet] added speedway3 to 'default' group.
05-29-2026 03:52 [INFO] [MyPet] Disabling MyPet v3.14.2
05-29-2026 04:18 [INFO] [MyPet] SQLite connection successful.
05-29-2026 04:18 [INFO] [MyPet] Vault (1.5.5-b47) (Economy: EssentialsX Economy) (Permissions: LuckPerms) hook activated.
05-29-2026 04:18 [INFO] [MyPet] added speedwaytriple to 'default' group.
05-29-2026 04:18 [INFO] [MyPet] added speedway-doubles to 'default' group.
05-29-2026 04:18 [INFO] [MyPet] added trees to 'default' group.
05-29-2026 04:18 [INFO] [MyPet] added bedwars to 'default' group.
05-29-2026 04:18 [INFO] [MyPet] added speedway3 to 'default' group.
05-29-2026 04:33 [INFO] [MyPet] added trees2 to 'default' group.
05-29-2026 05:01 [INFO] [MyPet] added bedwars2 to 'default' group.
05-29-2026 05:07 [INFO] [MyPet] added bedwars-doubles to 'default' group.
05-29-2026 05:13 [INFO] [MyPet] Disabling MyPet v3.14.2
05-29-2026 11:18 [INFO] [MyPet] SQLite connection successful.
05-29-2026 11:18 [INFO] [MyPet] Vault (1.5.5-b47) (Economy: EssentialsX Economy) (Permissions: LuckPerms) hook activated.
05-29-2026 11:18 [INFO] [MyPet] added speedwaytriple to 'default' group.
05-29-2026 11:18 [INFO] [MyPet] added speedway-doubles to 'default' group.
05-29-2026 11:18 [INFO] [MyPet] added trees2 to 'default' group.
05-29-2026 11:18 [INFO] [MyPet] added trees to 'default' group.
05-29-2026 11:18 [INFO] [MyPet] added bedwars-doubles to 'default' group.
05-29-2026 11:18 [INFO] [MyPet] added speedway3 to 'default' group.
05-29-2026 11:51 [INFO] [MyPet] Disabling MyPet v3.14.2
05-29-2026 11:56 [INFO] [MyPet] SQLite connection successful.
05-29-2026 11:56 [INFO] [MyPet] Vault (1.5.5-b47) (Economy: EssentialsX Economy) (Permissions: LuckPerms) hook activated.
05-29-2026 11:56 [INFO] [MyPet] added speedwaytriple to 'default' group.
05-29-2026 11:56 [INFO] [MyPet] added speedway-doubles to 'default' group.
05-29-2026 11:56 [INFO] [MyPet] added trees2 to 'default' group.
05-29-2026 11:56 [INFO] [MyPet] added trees to 'default' group.
05-29-2026 11:56 [INFO] [MyPet] added bedwars-doubles to 'default' group.
05-29-2026 11:56 [INFO] [MyPet] added speedway3 to 'default' group.
05-29-2026 11:58 [INFO] [MyPet] Disabling MyPet v3.14.2
05-29-2026 12:23 [INFO] [MyPet] SQLite connection successful.
05-29-2026 12:23 [INFO] [MyPet] Vault (1.5.5-b47) (Economy: EssentialsX Economy) (Permissions: LuckPerms) hook activated.
05-29-2026 12:23 [INFO] [MyPet] added speedwaytriple to 'default' group.
05-29-2026 12:23 [INFO] [MyPet] added speedway-doubles to 'default' group.
05-29-2026 12:23 [INFO] [MyPet] added trees2 to 'default' group.
05-29-2026 12:23 [INFO] [MyPet] added trees to 'default' group.
05-29-2026 12:23 [INFO] [MyPet] added bedwars-doubles to 'default' group.
05-29-2026 12:23 [INFO] [MyPet] added speedway3 to 'default' group.
05-29-2026 13:18 [INFO] [MyPet] Disabling MyPet v3.14.2
06-01-2026 06:20 [INFO] [MyPet] SQLite connection successful.
06-01-2026 06:20 [INFO] [MyPet] Vault (1.5.5-b47) (Economy: EssentialsX Economy) (Permissions: LuckPerms) hook activated.
06-01-2026 06:20 [INFO] [MyPet] added speedwaytriple to 'default' group.
06-01-2026 06:20 [INFO] [MyPet] added speedway-doubles to 'default' group.
06-01-2026 06:20 [INFO] [MyPet] added trees to 'default' group.
06-01-2026 06:20 [INFO] [MyPet] added trees2 to 'default' group.
06-01-2026 06:20 [INFO] [MyPet] added bedwars-doubles to 'default' group.
06-01-2026 06:20 [INFO] [MyPet] added speedway3 to 'default' group.
06-01-2026 06:25 [INFO] [MyPet] Disabling MyPet v3.14.2
06-01-2026 06:28 [INFO] [MyPet] SQLite connection successful.
06-01-2026 06:28 [INFO] [MyPet] Vault (1.5.5-b47) (Economy: EssentialsX Economy) (Permissions: LuckPerms) hook activated.
06-01-2026 06:28 [INFO] [MyPet] added speedwaytriple to 'default' group.
06-01-2026 06:28 [INFO] [MyPet] added speedway-doubles to 'default' group.
06-01-2026 06:28 [INFO] [MyPet] added trees2 to 'default' group.
06-01-2026 06:28 [INFO] [MyPet] added trees to 'default' group.
06-01-2026 06:28 [INFO] [MyPet] added bedwars-doubles to 'default' group.
06-01-2026 06:28 [INFO] [MyPet] added speedway3 to 'default' group.
06-01-2026 06:34 [INFO] [MyPet] added bedwars2 to 'default' group.
06-01-2026 06:35 [INFO] [MyPet] Disabling MyPet v3.14.2
06-01-2026 06:37 [INFO] [MyPet] SQLite connection successful.
06-01-2026 06:37 [INFO] [MyPet] Vault (1.5.5-b47) (Economy: EssentialsX Economy) (Permissions: LuckPerms) hook activated.
06-01-2026 06:37 [INFO] [MyPet] added speedwaytriple to 'default' group.
06-01-2026 06:37 [INFO] [MyPet] added speedway-doubles to 'default' group.
06-01-2026 06:37 [INFO] [MyPet] added trees to 'default' group.
06-01-2026 06:37 [INFO] [MyPet] added trees2 to 'default' group.
06-01-2026 06:37 [INFO] [MyPet] added bedwars-doubles to 'default' group.
06-01-2026 06:37 [INFO] [MyPet] added speedway3 to 'default' group.
06-01-2026 06:38 [INFO] [MyPet] added bedwars2desu to 'default' group.
06-01-2026 06:38 [INFO] [MyPet] Disabling MyPet v3.14.2
06-01-2026 06:40 [INFO] [MyPet] SQLite connection successful.
06-01-2026 06:40 [INFO] [MyPet] Vault (1.5.5-b47) (Economy: EssentialsX Economy) (Permissions: LuckPerms) hook activated.
06-01-2026 06:40 [INFO] [MyPet] added speedwaytriple to 'default' group.
06-01-2026 06:40 [INFO] [MyPet] added speedway-doubles to 'default' group.
06-01-2026 06:40 [INFO] [MyPet] added trees to 'default' group.
06-01-2026 06:40 [INFO] [MyPet] added trees2 to 'default' group.
06-01-2026 06:40 [INFO] [MyPet] added bedwars-doubles to 'default' group.
06-01-2026 06:40 [INFO] [MyPet] added speedway3 to 'default' group.
06-01-2026 06:40 [INFO] [MyPet] added bedwar2 to 'default' group.
06-01-2026 07:23 [INFO] [MyPet] Disabling MyPet v3.14.2
06-01-2026 07:29 [INFO] [MyPet] SQLite connection successful.
06-01-2026 07:29 [INFO] [MyPet] Vault (1.5.5-b47) (Economy: EssentialsX Economy) (Permissions: LuckPerms) hook activated.
06-01-2026 07:29 [INFO] [MyPet] added speedwaytriple to 'default' group.
06-01-2026 07:29 [INFO] [MyPet] added speedway-doubles to 'default' group.
06-01-2026 07:29 [INFO] [MyPet] added trees to 'default' group.
06-01-2026 07:29 [INFO] [MyPet] added bedwars-doubles to 'default' group.
06-01-2026 07:29 [INFO] [MyPet] added trees2 to 'default' group.
06-01-2026 07:29 [INFO] [MyPet] added speedway3 to 'default' group.
06-01-2026 07:59 [INFO] [MyPet] Disabling MyPet v3.14.2
06-01-2026 08:03 [INFO] [MyPet] SQLite connection successful.
06-01-2026 08:03 [INFO] [MyPet] Vault (1.5.5-b47) (Economy: EssentialsX Economy) (Permissions: LuckPerms) hook activated.
06-01-2026 08:03 [INFO] [MyPet] added speedwaytriple to 'default' group.
06-01-2026 08:03 [INFO] [MyPet] added speedway-doubles to 'default' group.
06-01-2026 08:03 [INFO] [MyPet] added trees to 'default' group.
06-01-2026 08:04 [INFO] [MyPet] added trees2 to 'default' group.
06-01-2026 08:04 [INFO] [MyPet] added bedwars-doubles to 'default' group.
06-01-2026 08:04 [INFO] [MyPet] added speedway3 to 'default' group.
06-01-2026 08:21 [INFO] [MyPet] Disabling MyPet v3.14.2
06-01-2026 08:25 [INFO] [MyPet] SQLite connection successful.
06-01-2026 08:25 [INFO] [MyPet] Vault (1.5.5-b47) (Economy: EssentialsX Economy) (Permissions: LuckPerms) hook activated.
06-01-2026 08:26 [INFO] [MyPet] added speedwaytriple to 'default' group.
06-01-2026 08:26 [INFO] [MyPet] added speedway-doubles to 'default' group.
06-01-2026 08:26 [INFO] [MyPet] added trees to 'default' group.
06-01-2026 08:26 [INFO] [MyPet] added trees2 to 'default' group.
06-01-2026 08:26 [INFO] [MyPet] added bedwars-doubles to 'default' group.
06-01-2026 08:26 [INFO] [MyPet] added speedway3 to 'default' group.
06-01-2026 09:21 [INFO] [MyPet] Disabling MyPet v3.14.2
06-04-2026 09:44 [INFO] [MyPet] SQLite connection successful.
06-04-2026 09:44 [INFO] [MyPet] Vault (1.5.5-b47) (Economy: EssentialsX Economy) (Permissions: LuckPerms) hook activated.
06-04-2026 09:45 [INFO] [MyPet] added speedwaytriple to 'default' group.
06-04-2026 09:45 [INFO] [MyPet] added speedway-doubles to 'default' group.
06-04-2026 09:45 [INFO] [MyPet] added trees to 'default' group.
06-04-2026 09:45 [INFO] [MyPet] added trees2 to 'default' group.
06-04-2026 09:45 [INFO] [MyPet] added bedwars-doubles to 'default' group.
06-04-2026 09:45 [INFO] [MyPet] added speedway3 to 'default' group.
06-04-2026 09:49 [INFO] [MyPet] added bedwars2 to 'default' group.
06-04-2026 09:57 [INFO] [MyPet] added bedwars-doubles2 to 'default' group.
06-04-2026 10:07 [INFO] [MyPet] added bedwars3 to 'default' group.
06-04-2026 10:28 [INFO] [MyPet] Disabling MyPet v3.14.2
06-04-2026 10:33 [INFO] [MyPet] SQLite connection successful.
06-04-2026 10:33 [INFO] [MyPet] Vault (1.5.5-b47) (Economy: EssentialsX Economy) (Permissions: LuckPerms) hook activated.
06-04-2026 10:33 [INFO] [MyPet] added bedwars3 to 'default' group.
06-04-2026 10:33 [INFO] [MyPet] added speedwaytriple to 'default' group.
06-04-2026 10:33 [INFO] [MyPet] added speedway-doubles to 'default' group.
06-04-2026 10:33 [INFO] [MyPet] added trees2 to 'default' group.
06-04-2026 10:33 [INFO] [MyPet] added trees to 'default' group.
06-04-2026 10:33 [INFO] [MyPet] added bedwars-doubles to 'default' group.
06-04-2026 10:33 [INFO] [MyPet] added bedwars-doubles2 to 'default' group.
06-04-2026 10:33 [INFO] [MyPet] added speedway3 to 'default' group.
06-04-2026 11:28 [INFO] [MyPet] Disabling MyPet v3.14.2
06-04-2026 11:34 [INFO] [MyPet] SQLite connection successful.
06-04-2026 11:34 [INFO] [MyPet] Vault (1.5.5-b47) (Economy: EssentialsX Economy) (Permissions: LuckPerms) hook activated.
06-04-2026 11:34 [INFO] [MyPet] added trees2 to 'default' group.
06-04-2026 11:34 [INFO] [MyPet] added trees to 'default' group.
06-04-2026 11:34 [INFO] [MyPet] added bedwars3 to 'default' group.
06-04-2026 11:34 [INFO] [MyPet] added speedwaytriple to 'default' group.
06-04-2026 11:34 [INFO] [MyPet] added speedway-doubles to 'default' group.
06-04-2026 11:34 [INFO] [MyPet] added bedwars-doubles to 'default' group.
06-04-2026 11:35 [INFO] [MyPet] added bedwars-doubles2 to 'default' group.
06-04-2026 11:35 [INFO] [MyPet] added speedway3 to 'default' group.
06-04-2026 11:50 [INFO] [MyPet] Disabling MyPet v3.14.2
06-04-2026 12:01 [INFO] [MyPet] SQLite connection successful.
06-04-2026 12:01 [INFO] [MyPet] Vault (1.5.5-b47) (Economy: EssentialsX Economy) (Permissions: LuckPerms) hook activated.
06-04-2026 12:02 [INFO] [MyPet] added trees2 to 'default' group.
06-04-2026 12:02 [INFO] [MyPet] added trees to 'default' group.
06-04-2026 12:02 [INFO] [MyPet] added bedwars3 to 'default' group.
06-04-2026 12:02 [INFO] [MyPet] added speedwaytriple to 'default' group.
06-04-2026 12:02 [INFO] [MyPet] added speedway-doubles to 'default' group.
06-04-2026 12:02 [INFO] [MyPet] added bedwars-doubles to 'default' group.
06-04-2026 12:02 [INFO] [MyPet] added bedwars-doubles2 to 'default' group.
06-04-2026 12:02 [INFO] [MyPet] added speedway3 to 'default' group.
06-04-2026 12:03 [INFO] [MyPet] added Train_World_Shinkansen_2015_byFo to 'default' group.
06-04-2026 12:09 [INFO] [MyPet] Disabling MyPet v3.14.2
06-04-2026 12:10 [INFO] [MyPet] SQLite connection successful.
06-04-2026 12:10 [INFO] [MyPet] Vault (1.5.5-b47) (Economy: EssentialsX Economy) (Permissions: LuckPerms) hook activated.
06-04-2026 12:11 [INFO] [MyPet] added trees to 'default' group.
06-04-2026 12:11 [INFO] [MyPet] added bedwars3 to 'default' group.
06-04-2026 12:11 [INFO] [MyPet] added trees2 to 'default' group.
06-04-2026 12:11 [INFO] [MyPet] added speedwaytriple to 'default' group.
06-04-2026 12:11 [INFO] [MyPet] added speedway-doubles to 'default' group.
06-04-2026 12:11 [INFO] [MyPet] added bedwars-doubles to 'default' group.
06-04-2026 12:11 [INFO] [MyPet] added bedwars-doubles2 to 'default' group.
06-04-2026 12:11 [INFO] [MyPet] added speedway3 to 'default' group.
06-04-2026 12:28 [INFO] [MyPet] Disabling MyPet v3.14.2
06-04-2026 12:30 [INFO] [MyPet] SQLite connection successful.
06-04-2026 12:30 [INFO] [MyPet] Vault (1.5.5-b47) (Permissions: LuckPerms) hook activated.
06-04-2026 12:31 [INFO] [MyPet] added trees2 to 'default' group.
06-04-2026 12:31 [INFO] [MyPet] added bedwars3 to 'default' group.
06-04-2026 12:31 [INFO] [MyPet] added trees to 'default' group.
06-04-2026 12:31 [INFO] [MyPet] added speedwaytriple to 'default' group.
06-04-2026 12:31 [INFO] [MyPet] added speedway-doubles to 'default' group.
06-04-2026 12:31 [INFO] [MyPet] added bedwars-doubles to 'default' group.
06-04-2026 12:31 [INFO] [MyPet] added bedwars-doubles2 to 'default' group.
06-04-2026 12:31 [INFO] [MyPet] added speedway3 to 'default' group.
06-04-2026 12:33 [INFO] [MyPet] Disabling MyPet v3.14.2
06-05-2026 05:34 [INFO] [MyPet] SQLite connection successful.
06-05-2026 05:34 [INFO] [MyPet] Vault (1.5.5-b47) (Permissions: LuckPerms) hook activated.
06-05-2026 05:34 [INFO] [MyPet] added trees2 to 'default' group.
06-05-2026 05:34 [INFO] [MyPet] added bedwars3 to 'default' group.
06-05-2026 05:34 [INFO] [MyPet] added trees to 'default' group.
06-05-2026 05:34 [INFO] [MyPet] added speedwaytriple to 'default' group.
06-05-2026 05:34 [INFO] [MyPet] added speedway-doubles to 'default' group.
06-05-2026 05:34 [INFO] [MyPet] added bedwars-doubles to 'default' group.
06-05-2026 05:34 [INFO] [MyPet] added bedwars-doubles2 to 'default' group.
06-05-2026 05:35 [INFO] [MyPet] Disabling MyPet v3.14.2
06-05-2026 05:37 [INFO] [MyPet] SQLite connection successful.
06-05-2026 05:37 [INFO] [MyPet] Vault (1.5.5-b47) (Permissions: LuckPerms) hook activated.
06-05-2026 05:38 [INFO] [MyPet] added bedwars3 to 'default' group.
06-05-2026 05:38 [INFO] [MyPet] added speedwaytriple to 'default' group.
06-05-2026 05:38 [INFO] [MyPet] added speedway-doubles to 'default' group.
06-05-2026 05:38 [INFO] [MyPet] added trees to 'default' group.
06-05-2026 05:38 [INFO] [MyPet] added bedwars-doubles to 'default' group.
06-05-2026 05:38 [INFO] [MyPet] added trees2 to 'default' group.
06-05-2026 05:38 [INFO] [MyPet] added bedwars-doubles2 to 'default' group.
06-05-2026 05:38 [INFO] [MyPet] added speedway3 to 'default' group.
06-05-2026 05:40 [INFO] [MyPet] SQLite connection successful.
06-05-2026 05:40 [INFO] [MyPet] Vault (1.5.5-b47) (Permissions: LuckPerms) hook activated.
06-05-2026 05:40 [INFO] [MyPet] added bedwars3 to 'default' group.
06-05-2026 05:40 [INFO] [MyPet] added speedwaytriple to 'default' group.
06-05-2026 05:40 [INFO] [MyPet] added trees to 'default' group.
06-05-2026 05:40 [INFO] [MyPet] added trees2 to 'default' group.
06-05-2026 05:40 [INFO] [MyPet] added speedway-doubles to 'default' group.
06-05-2026 05:40 [INFO] [MyPet] added bedwars-doubles to 'default' group.
06-05-2026 05:40 [INFO] [MyPet] added bedwars-doubles2 to 'default' group.
06-05-2026 05:40 [INFO] [MyPet] added speedway3 to 'default' group.
